::ffff:192.168.0.102 - - [01/Nov/2023:00:18:24 +0000] "GET /renderer/ HTTP/1.1" 304 - "http://192.168.0.102:5656/gc/IVC/IVc" "Mozilla/5.0 (Windows NT 10.0; Win64; x64) AppleWebKit/537.36 (KHTML, like Gecko) Chrome/117.0.0.0 Safari/537.36 OPR/103.0.0.0"
::ffff:192.168.0.102 - - [01/Nov/2023:00:18:24 +0000] "GET /renderer/js/socket.io.js HTTP/1.1" 304 - "http://192.168.0.102:5656/renderer/" "Mozilla/5.0 (Windows NT 10.0; Win64; x64) AppleWebKit/537.36 (KHTML, like Gecko) Chrome/117.0.0.0 Safari/537.36 OPR/103.0.0.0"
::ffff:192.168.0.102 - - [01/Nov/2023:00:18:24 +0000] "GET /templates/empty.html HTTP/1.1" 304 - "http://192.168.0.102:5656/renderer/" "Mozilla/5.0 (Windows NT 10.0; Win64; x64) AppleWebKit/537.36 (KHTML, like Gecko) Chrome/117.0.0.0 Safari/537.36 OPR/103.0.0.0"
::ffff:192.168.0.102 - - [01/Nov/2023:00:18:24 +0000] "GET /templates/empty.html HTTP/1.1" 304 - "http://192.168.0.102:5656/renderer/" "Mozilla/5.0 (Windows NT 10.0; Win64; x64) AppleWebKit/537.36 (KHTML, like Gecko) Chrome/117.0.0.0 Safari/537.36 OPR/103.0.0.0"
::ffff:192.168.0.102 - - [01/Nov/2023:00:18:24 +0000] "GET /templates/empty.html HTTP/1.1" 304 - "http://192.168.0.102:5656/renderer/" "Mozilla/5.0 (Windows NT 10.0; Win64; x64) AppleWebKit/537.36 (KHTML, like Gecko) Chrome/117.0.0.0 Safari/537.36 OPR/103.0.0.0"
::ffff:192.168.0.102 - - [01/Nov/2023:00:18:24 +0000] "GET /templates/empty.html HTTP/1.1" 304 - "http://192.168.0.102:5656/renderer/" "Mozilla/5.0 (Windows NT 10.0; Win64; x64) AppleWebKit/537.36 (KHTML, like Gecko) Chrome/117.0.0.0 Safari/537.36 OPR/103.0.0.0"
::ffff:192.168.0.102 - - [01/Nov/2023:00:18:24 +0000] "GET /templates/empty.html HTTP/1.1" 304 - "http://192.168.0.102:5656/renderer/" "Mozilla/5.0 (Windows NT 10.0; Win64; x64) AppleWebKit/537.36 (KHTML, like Gecko) Chrome/117.0.0.0 Safari/537.36 OPR/103.0.0.0"
::ffff:192.168.0.102 - - [01/Nov/2023:00:18:24 +0000] "GET /templates/empty.html HTTP/1.1" 304 - "http://192.168.0.102:5656/renderer/" "Mozilla/5.0 (Windows NT 10.0; Win64; x64) AppleWebKit/537.36 (KHTML, like Gecko) Chrome/117.0.0.0 Safari/537.36 OPR/103.0.0.0"
::ffff:192.168.0.102 - - [01/Nov/2023:00:18:25 +0000] "GET /templates/empty.html HTTP/1.1" 304 - "http://192.168.0.102:5656/renderer/" "Mozilla/5.0 (Windows NT 10.0; Win64; x64) AppleWebKit/537.36 (KHTML, like Gecko) Chrome/117.0.0.0 Safari/537.36 OPR/103.0.0.0"
::ffff:192.168.0.102 - - [01/Nov/2023:00:18:25 +0000] "GET /templates/empty.html HTTP/1.1" 304 - "http://192.168.0.102:5656/renderer/" "Mozilla/5.0 (Windows NT 10.0; Win64; x64) AppleWebKit/537.36 (KHTML, like Gecko) Chrome/117.0.0.0 Safari/537.36 OPR/103.0.0.0"
::ffff:192.168.0.102 - - [01/Nov/2023:00:18:25 +0000] "GET /templates/empty.html HTTP/1.1" 304 - "http://192.168.0.102:5656/renderer/" "Mozilla/5.0 (Windows NT 10.0; Win64; x64) AppleWebKit/537.36 (KHTML, like Gecko) Chrome/117.0.0.0 Safari/537.36 OPR/103.0.0.0"
::ffff:192.168.0.102 - - [01/Nov/2023:00:18:25 +0000] "GET /templates/empty.html HTTP/1.1" 304 - "http://192.168.0.102:5656/renderer/" "Mozilla/5.0 (Windows NT 10.0; Win64; x64) AppleWebKit/537.36 (KHTML, like Gecko) Chrome/117.0.0.0 Safari/537.36 OPR/103.0.0.0"
::ffff:192.168.0.102 - - [01/Nov/2023:00:18:25 +0000] "GET /templates/empty.html HTTP/1.1" 304 - "http://192.168.0.102:5656/renderer/" "Mozilla/5.0 (Windows NT 10.0; Win64; x64) AppleWebKit/537.36 (KHTML, like Gecko) Chrome/117.0.0.0 Safari/537.36 OPR/103.0.0.0"
::ffff:192.168.0.102 - - [01/Nov/2023:00:18:25 +0000] "GET /templates/empty.html HTTP/1.1" 304 - "http://192.168.0.102:5656/renderer/" "Mozilla/5.0 (Windows NT 10.0; Win64; x64) AppleWebKit/537.36 (KHTML, like Gecko) Chrome/117.0.0.0 Safari/537.36 OPR/103.0.0.0"
::ffff:192.168.0.102 - - [01/Nov/2023:00:18:25 +0000] "GET /templates/empty.html HTTP/1.1" 304 - "http://192.168.0.102:5656/renderer/" "Mozilla/5.0 (Windows NT 10.0; Win64; x64) AppleWebKit/537.36 (KHTML, like Gecko) Chrome/117.0.0.0 Safari/537.36 OPR/103.0.0.0"
::ffff:192.168.0.102 - - [01/Nov/2023:00:18:25 +0000] "GET /templates/empty.html HTTP/1.1" 304 - "http://192.168.0.102:5656/renderer/" "Mozilla/5.0 (Windows NT 10.0; Win64; x64) AppleWebKit/537.36 (KHTML, like Gecko) Chrome/117.0.0.0 Safari/537.36 OPR/103.0.0.0"
::ffff:192.168.0.102 - - [01/Nov/2023:00:18:25 +0000] "GET /templates/empty.html HTTP/1.1" 304 - "http://192.168.0.102:5656/renderer/" "Mozilla/5.0 (Windows NT 10.0; Win64; x64) AppleWebKit/537.36 (KHTML, like Gecko) Chrome/117.0.0.0 Safari/537.36 OPR/103.0.0.0"
::ffff:192.168.0.102 - - [01/Nov/2023:00:18:25 +0000] "GET /templates/empty.html HTTP/1.1" 304 - "http://192.168.0.102:5656/renderer/" "Mozilla/5.0 (Windows NT 10.0; Win64; x64) AppleWebKit/537.36 (KHTML, like Gecko) Chrome/117.0.0.0 Safari/537.36 OPR/103.0.0.0"
::ffff:192.168.0.102 - - [01/Nov/2023:00:18:25 +0000] "GET /templates/empty.html HTTP/1.1" 304 - "http://192.168.0.102:5656/renderer/" "Mozilla/5.0 (Windows NT 10.0; Win64; x64) AppleWebKit/537.36 (KHTML, like Gecko) Chrome/117.0.0.0 Safari/537.36 OPR/103.0.0.0"
::ffff:192.168.0.102 - - [01/Nov/2023:00:18:25 +0000] "GET /templates/empty.html HTTP/1.1" 304 - "http://192.168.0.102:5656/renderer/" "Mozilla/5.0 (Windows NT 10.0; Win64; x64) AppleWebKit/537.36 (KHTML, like Gecko) Chrome/117.0.0.0 Safari/537.36 OPR/103.0.0.0"
::ffff:192.168.0.102 - - [01/Nov/2023:00:18:25 +0000] "GET /templates/empty.html HTTP/1.1" 304 - "http://192.168.0.102:5656/renderer/" "Mozilla/5.0 (Windows NT 10.0; Win64; x64) AppleWebKit/537.36 (KHTML, like Gecko) Chrome/117.0.0.0 Safari/537.36 OPR/103.0.0.0"
::ffff:192.168.0.102 - - [01/Nov/2023:00:18:25 +0000] "GET /templates/empty.html HTTP/1.1" 304 - "http://192.168.0.102:5656/renderer/" "Mozilla/5.0 (Windows NT 10.0; Win64; x64) AppleWebKit/537.36 (KHTML, like Gecko) Chrome/117.0.0.0 Safari/537.36 OPR/103.0.0.0"
::ffff:192.168.0.102 - - [01/Nov/2023:00:55:31 +0000] "POST /gc/playout HTTP/1.1" 200 - "http://192.168.0.102:5656/gc/IVC/IVc" "Mozilla/5.0 (Windows NT 10.0; Win64; x64) AppleWebKit/537.36 (KHTML, like Gecko) Chrome/117.0.0.0 Safari/537.36 OPR/103.0.0.0"
::ffff:192.168.0.102 - - [01/Nov/2023:00:55:33 +0000] "POST /gc/playout HTTP/1.1" 200 - "http://192.168.0.102:5656/gc/IVC/IVc" "Mozilla/5.0 (Windows NT 10.0; Win64; x64) AppleWebKit/537.36 (KHTML, like Gecko) Chrome/117.0.0.0 Safari/537.36 OPR/103.0.0.0"
::ffff:192.168.0.102 - - [01/Nov/2023:01:04:36 +0000] "POST /gc/playout HTTP/1.1" 200 - "http://192.168.0.102:5656/gc/IVC/IVc" "Mozilla/5.0 (Windows NT 10.0; Win64; x64) AppleWebKit/537.36 (KHTML, like Gecko) Chrome/117.0.0.0 Safari/537.36 OPR/103.0.0.0"
::ffff:192.168.0.102 - - [01/Nov/2023:01:04:37 +0000] "POST /gc/playout HTTP/1.1" 200 - "http://192.168.0.102:5656/gc/IVC/IVc" "Mozilla/5.0 (Windows NT 10.0; Win64; x64) AppleWebKit/537.36 (KHTML, like Gecko) Chrome/117.0.0.0 Safari/537.36 OPR/103.0.0.0"
::ffff:192.168.0.102 - - [01/Nov/2023:01:05:15 +0000] "POST /gc/playout HTTP/1.1" 200 - "http://192.168.0.102:5656/gc/IVC/IVc" "Mozilla/5.0 (Windows NT 10.0; Win64; x64) AppleWebKit/537.36 (KHTML, like Gecko) Chrome/117.0.0.0 Safari/537.36 OPR/103.0.0.0"
::ffff:192.168.0.102 - - [01/Nov/2023:01:05:16 +0000] "POST /gc/playout HTTP/1.1" 200 - "http://192.168.0.102:5656/gc/IVC/IVc" "Mozilla/5.0 (Windows NT 10.0; Win64; x64) AppleWebKit/537.36 (KHTML, like Gecko) Chrome/117.0.0.0 Safari/537.36 OPR/103.0.0.0"
::ffff:192.168.0.102 - - [01/Nov/2023:01:05:41 +0000] "POST /gc/playout HTTP/1.1" 200 - "http://192.168.0.102:5656/gc/IVC/IVc" "Mozilla/5.0 (Windows NT 10.0; Win64; x64) AppleWebKit/537.36 (KHTML, like Gecko) Chrome/117.0.0.0 Safari/537.36 OPR/103.0.0.0"
::ffff:192.168.0.102 - - [01/Nov/2023:01:05:41 +0000] "POST /gc/playout HTTP/1.1" 200 - "http://192.168.0.102:5656/gc/IVC/IVc" "Mozilla/5.0 (Windows NT 10.0; Win64; x64) AppleWebKit/537.36 (KHTML, like Gecko) Chrome/117.0.0.0 Safari/537.36 OPR/103.0.0.0"
::ffff:192.168.0.102 - - [01/Nov/2023:01:06:29 +0000] "POST /gc/playout HTTP/1.1" 200 - "http://192.168.0.102:5656/gc/IVC/IVc" "Mozilla/5.0 (Windows NT 10.0; Win64; x64) AppleWebKit/537.36 (KHTML, like Gecko) Chrome/117.0.0.0 Safari/537.36 OPR/103.0.0.0"
::ffff:192.168.0.102 - - [01/Nov/2023:01:06:30 +0000] "POST /gc/playout HTTP/1.1" 200 - "http://192.168.0.102:5656/gc/IVC/IVc" "Mozilla/5.0 (Windows NT 10.0; Win64; x64) AppleWebKit/537.36 (KHTML, like Gecko) Chrome/117.0.0.0 Safari/537.36 OPR/103.0.0.0"
::ffff:192.168.0.102 - - [01/Nov/2023:01:07:39 +0000] "POST /gc/playout HTTP/1.1" 200 - "http://192.168.0.102:5656/gc/IVC/IVc" "Mozilla/5.0 (Windows NT 10.0; Win64; x64) AppleWebKit/537.36 (KHTML, like Gecko) Chrome/117.0.0.0 Safari/537.36 OPR/103.0.0.0"
::ffff:192.168.0.102 - - [01/Nov/2023:01:07:40 +0000] "POST /gc/playout HTTP/1.1" 200 - "http://192.168.0.102:5656/gc/IVC/IVc" "Mozilla/5.0 (Windows NT 10.0; Win64; x64) AppleWebKit/537.36 (KHTML, like Gecko) Chrome/117.0.0.0 Safari/537.36 OPR/103.0.0.0"
::ffff:192.168.0.102 - - [01/Nov/2023:01:08:23 +0000] "POST /gc/playout HTTP/1.1" 200 - "http://192.168.0.102:5656/gc/IVC/IVc" "Mozilla/5.0 (Windows NT 10.0; Win64; x64) AppleWebKit/537.36 (KHTML, like Gecko) Chrome/117.0.0.0 Safari/537.36 OPR/103.0.0.0"
::ffff:192.168.0.102 - - [01/Nov/2023:01:08:25 +0000] "POST /gc/playout HTTP/1.1" 200 - "http://192.168.0.102:5656/gc/IVC/IVc" "Mozilla/5.0 (Windows NT 10.0; Win64; x64) AppleWebKit/537.36 (KHTML, like Gecko) Chrome/117.0.0.0 Safari/537.36 OPR/103.0.0.0"
::ffff:192.168.0.102 - - [01/Nov/2023:01:08:39 +0000] "POST /gc/playout HTTP/1.1" 200 - "http://192.168.0.102:5656/gc/IVC/IVc" "Mozilla/5.0 (Windows NT 10.0; Win64; x64) AppleWebKit/537.36 (KHTML, like Gecko) Chrome/117.0.0.0 Safari/537.36 OPR/103.0.0.0"
::ffff:192.168.0.102 - - [01/Nov/2023:01:08:41 +0000] "POST /gc/playout HTTP/1.1" 200 - "http://192.168.0.102:5656/gc/IVC/IVc" "Mozilla/5.0 (Windows NT 10.0; Win64; x64) AppleWebKit/537.36 (KHTML, like Gecko) Chrome/117.0.0.0 Safari/537.36 OPR/103.0.0.0"
::ffff:192.168.0.101 - - [01/Nov/2023:01:08:54 +0000] "GET /css/spx_renderpopups.css HTTP/1.1" 304 - "http://192.168.0.102:5656/renderwindow/program" "Mozilla/5.0 (Windows NT 6.3; WOW64) AppleWebKit/537.36 (KHTML, like Gecko) Chrome/109.0.0.0 Safari/537.36 OPR/95.0.0.0"
::ffff:192.168.0.101 - - [01/Nov/2023:01:08:54 +0000] "GET /js/socket.io.js HTTP/1.1" 304 - "http://192.168.0.102:5656/renderwindow/program" "Mozilla/5.0 (Windows NT 6.3; WOW64) AppleWebKit/537.36 (KHTML, like Gecko) Chrome/109.0.0.0 Safari/537.36 OPR/95.0.0.0"
::ffff:192.168.0.101 - - [01/Nov/2023:01:09:04 +0000] "GET /img/spx_program.png HTTP/1.1" 304 - "http://192.168.0.102:5656/css/spx_renderpopups.css" "Mozilla/5.0 (Windows NT 6.3; WOW64) AppleWebKit/537.36 (KHTML, like Gecko) Chrome/109.0.0.0 Safari/537.36 OPR/95.0.0.0"
::ffff:192.168.0.101 - - [01/Nov/2023:01:09:04 +0000] "GET /img/checker60.png HTTP/1.1" 304 - "http://192.168.0.102:5656/css/spx_renderpopups.css" "Mozilla/5.0 (Windows NT 6.3; WOW64) AppleWebKit/537.36 (KHTML, like Gecko) Chrome/109.0.0.0 Safari/537.36 OPR/95.0.0.0"
::ffff:192.168.0.102 - - [01/Nov/2023:01:09:23 +0000] "POST /gc/playout HTTP/1.1" 200 - "http://192.168.0.102:5656/gc/IVC/IVc" "Mozilla/5.0 (Windows NT 10.0; Win64; x64) AppleWebKit/537.36 (KHTML, like Gecko) Chrome/117.0.0.0 Safari/537.36 OPR/103.0.0.0"
::ffff:192.168.0.102 - - [01/Nov/2023:01:09:23 +0000] "POST /gc/playout HTTP/1.1" 200 - "http://192.168.0.102:5656/gc/IVC/IVc" "Mozilla/5.0 (Windows NT 10.0; Win64; x64) AppleWebKit/537.36 (KHTML, like Gecko) Chrome/117.0.0.0 Safari/537.36 OPR/103.0.0.0"
::ffff:192.168.0.102 - - [01/Nov/2023:01:09:24 +0000] "POST /gc/playout HTTP/1.1" 200 - "http://192.168.0.102:5656/gc/IVC/IVc" "Mozilla/5.0 (Windows NT 10.0; Win64; x64) AppleWebKit/537.36 (KHTML, like Gecko) Chrome/117.0.0.0 Safari/537.36 OPR/103.0.0.0"
::ffff:192.168.0.102 - - [01/Nov/2023:01:09:25 +0000] "POST /gc/playout HTTP/1.1" 200 - "http://192.168.0.102:5656/gc/IVC/IVc" "Mozilla/5.0 (Windows NT 10.0; Win64; x64) AppleWebKit/537.36 (KHTML, like Gecko) Chrome/117.0.0.0 Safari/537.36 OPR/103.0.0.0"
::ffff:192.168.0.102 - - [01/Nov/2023:01:09:47 +0000] "POST /gc/playout HTTP/1.1" 200 - "http://192.168.0.102:5656/gc/IVC/IVc" "Mozilla/5.0 (Windows NT 10.0; Win64; x64) AppleWebKit/537.36 (KHTML, like Gecko) Chrome/117.0.0.0 Safari/537.36 OPR/103.0.0.0"
::ffff:192.168.0.102 - - [01/Nov/2023:01:11:26 +0000] "POST /gc/playout HTTP/1.1" 200 - "http://192.168.0.102:5656/gc/IVC/IVc" "Mozilla/5.0 (Windows NT 10.0; Win64; x64) AppleWebKit/537.36 (KHTML, like Gecko) Chrome/117.0.0.0 Safari/537.36 OPR/103.0.0.0"
::ffff:192.168.0.101 - - [01/Nov/2023:01:11:53 +0000] "GET /templates//softpix/Template_Pack_1.1/BYM/BOX-MARCADOR-OFF-BYM/logos_equipos/logo_team_6.png HTTP/1.1" 404 230 "http://192.168.0.102:5656/templates//softpix/Template_Pack_1.1/BYM/BOX-MARCADOR-OFF-BYM/BOX-MARCADOR-dataOff-BYM.html?random=1698793965602" "Mozilla/5.0 (Windows NT 6.3; WOW64) AppleWebKit/537.36 (KHTML, like Gecko) Chrome/109.0.0.0 Safari/537.36 OPR/95.0.0.0"
::ffff:192.168.0.101 - - [01/Nov/2023:01:11:53 +0000] "GET /templates//softpix/Template_Pack_1.1/BYM/BOX-MARCADOR-OFF-BYM/logos_equipos/logo_team_1.png HTTP/1.1" 404 230 "http://192.168.0.102:5656/templates//softpix/Template_Pack_1.1/BYM/BOX-MARCADOR-OFF-BYM/BOX-MARCADOR-dataOff-BYM.html?random=1698793965602" "Mozilla/5.0 (Windows NT 6.3; WOW64) AppleWebKit/537.36 (KHTML, like Gecko) Chrome/109.0.0.0 Safari/537.36 OPR/95.0.0.0"
::ffff:192.168.0.101 - - [01/Nov/2023:01:11:53 +0000] "GET /templates//softpix/Template_Pack_1.1/BYM/BOX-MARCADOR-OFF-BYM/bg_box_marcadores_botton.png HTTP/1.1" 404 229 "http://192.168.0.102:5656/templates//softpix/Template_Pack_1.1/BYM/BOX-MARCADOR-OFF-BYM/themes/styles.css" "Mozilla/5.0 (Windows NT 6.3; WOW64) AppleWebKit/537.36 (KHTML, like Gecko) Chrome/109.0.0.0 Safari/537.36 OPR/95.0.0.0"
::ffff:192.168.0.101 - - [01/Nov/2023:01:12:03 +0000] "GET /templates//softpix/Template_Pack_1.1/BYM/BOX-MARCADOR-OFF-BYM/logos_equipos/logo_team_1.png HTTP/1.1" 404 230 "http://192.168.0.102:5656/templates//softpix/Template_Pack_1.1/BYM/BOX-MARCADOR-OFF-BYM/BOX-MARCADOR-dataOff-BYM.html?random=1698793965602" "Mozilla/5.0 (Windows NT 6.3; WOW64) AppleWebKit/537.36 (KHTML, like Gecko) Chrome/109.0.0.0 Safari/537.36 OPR/95.0.0.0"
::ffff:192.168.0.101 - - [01/Nov/2023:01:12:03 +0000] "GET /templates//softpix/Template_Pack_1.1/BYM/BOX-MARCADOR-OFF-BYM/logos_equipos/logo_team_6.png HTTP/1.1" 404 230 "http://192.168.0.102:5656/templates//softpix/Template_Pack_1.1/BYM/BOX-MARCADOR-OFF-BYM/BOX-MARCADOR-dataOff-BYM.html?random=1698793965602" "Mozilla/5.0 (Windows NT 6.3; WOW64) AppleWebKit/537.36 (KHTML, like Gecko) Chrome/109.0.0.0 Safari/537.36 OPR/95.0.0.0"
::ffff:192.168.0.102 - - [01/Nov/2023:01:12:07 +0000] "POST /gc/playout HTTP/1.1" 200 - "http://192.168.0.102:5656/gc/IVC/IVc" "Mozilla/5.0 (Windows NT 10.0; Win64; x64) AppleWebKit/537.36 (KHTML, like Gecko) Chrome/117.0.0.0 Safari/537.36 OPR/103.0.0.0"
::ffff:192.168.0.102 - - [01/Nov/2023:01:12:08 +0000] "POST /gc/playout HTTP/1.1" 200 - "http://192.168.0.102:5656/gc/IVC/IVc" "Mozilla/5.0 (Windows NT 10.0; Win64; x64) AppleWebKit/537.36 (KHTML, like Gecko) Chrome/117.0.0.0 Safari/537.36 OPR/103.0.0.0"
::ffff:192.168.0.101 - - [01/Nov/2023:01:12:45 +0000] "GET /templates//softpix/Template_Pack_1.1/BYM/BOX-MARCADOR-OFF-BYM/logos_equipos/logo_team_6.png HTTP/1.1" 404 230 "http://192.168.0.102:5656/templates//softpix/Template_Pack_1.1/BYM/BOX-MARCADOR-OFF-BYM/BOX-MARCADOR-dataOff-BYM.html?random=1698793965602" "Mozilla/5.0 (Windows NT 6.3; WOW64) AppleWebKit/537.36 (KHTML, like Gecko) Chrome/109.0.0.0 Safari/537.36 OPR/95.0.0.0"
::ffff:192.168.0.101 - - [01/Nov/2023:01:12:45 +0000] "GET /templates//softpix/Template_Pack_1.1/BYM/BOX-MARCADOR-OFF-BYM/logos_equipos/logo_team_1.png HTTP/1.1" 404 230 "http://192.168.0.102:5656/templates//softpix/Template_Pack_1.1/BYM/BOX-MARCADOR-OFF-BYM/BOX-MARCADOR-dataOff-BYM.html?random=1698793965602" "Mozilla/5.0 (Windows NT 6.3; WOW64) AppleWebKit/537.36 (KHTML, like Gecko) Chrome/109.0.0.0 Safari/537.36 OPR/95.0.0.0"
::ffff:192.168.0.101 - - [01/Nov/2023:01:12:45 +0000] "GET /templates//softpix/Template_Pack_1.1/BYM/BOX-MARCADOR-OFF-BYM/logos_equipos/logo_team_6.png HTTP/1.1" 404 230 "http://192.168.0.102:5656/templates//softpix/Template_Pack_1.1/BYM/BOX-MARCADOR-OFF-BYM/BOX-MARCADOR-dataOff-BYM.html?random=1698793965602" "Mozilla/5.0 (Windows NT 6.3; WOW64) AppleWebKit/537.36 (KHTML, like Gecko) Chrome/109.0.0.0 Safari/537.36 OPR/95.0.0.0"
::ffff:192.168.0.101 - - [01/Nov/2023:01:12:45 +0000] "GET /templates//softpix/Template_Pack_1.1/BYM/BOX-MARCADOR-OFF-BYM/logos_equipos/logo_team_1.png HTTP/1.1" 404 230 "http://192.168.0.102:5656/templates//softpix/Template_Pack_1.1/BYM/BOX-MARCADOR-OFF-BYM/BOX-MARCADOR-dataOff-BYM.html?random=1698793965602" "Mozilla/5.0 (Windows NT 6.3; WOW64) AppleWebKit/537.36 (KHTML, like Gecko) Chrome/109.0.0.0 Safari/537.36 OPR/95.0.0.0"
::ffff:192.168.0.101 - - [01/Nov/2023:01:12:53 +0000] "GET /templates//softpix/Template_Pack_1.1/BYM/BOX-MARCADOR-OFF-BYM/logos_equipos/logo_team_6.png HTTP/1.1" 404 230 "http://192.168.0.102:5656/templates//softpix/Template_Pack_1.1/BYM/BOX-MARCADOR-OFF-BYM/BOX-MARCADOR-dataOff-BYM.html?random=1698793965602" "Mozilla/5.0 (Windows NT 6.3; WOW64) AppleWebKit/537.36 (KHTML, like Gecko) Chrome/109.0.0.0 Safari/537.36 OPR/95.0.0.0"
::ffff:192.168.0.101 - - [01/Nov/2023:01:12:53 +0000] "GET /templates//softpix/Template_Pack_1.1/BYM/BOX-MARCADOR-OFF-BYM/logos_equipos/logo_team_1.png HTTP/1.1" 404 230 "http://192.168.0.102:5656/templates//softpix/Template_Pack_1.1/BYM/BOX-MARCADOR-OFF-BYM/BOX-MARCADOR-dataOff-BYM.html?random=1698793965602" "Mozilla/5.0 (Windows NT 6.3; WOW64) AppleWebKit/537.36 (KHTML, like Gecko) Chrome/109.0.0.0 Safari/537.36 OPR/95.0.0.0"
::ffff:192.168.0.101 - - [01/Nov/2023:01:12:53 +0000] "GET /templates//softpix/Template_Pack_1.1/BYM/BOX-MARCADOR-OFF-BYM/logos_equipos/logo_team_6.png HTTP/1.1" 404 230 "http://192.168.0.102:5656/templates//softpix/Template_Pack_1.1/BYM/BOX-MARCADOR-OFF-BYM/BOX-MARCADOR-dataOff-BYM.html?random=1698793965602" "Mozilla/5.0 (Windows NT 6.3; WOW64) AppleWebKit/537.36 (KHTML, like Gecko) Chrome/109.0.0.0 Safari/537.36 OPR/95.0.0.0"
::ffff:192.168.0.101 - - [01/Nov/2023:01:12:53 +0000] "GET /templates//softpix/Template_Pack_1.1/BYM/BOX-MARCADOR-OFF-BYM/logos_equipos/logo_team_1.png HTTP/1.1" 404 230 "http://192.168.0.102:5656/templates//softpix/Template_Pack_1.1/BYM/BOX-MARCADOR-OFF-BYM/BOX-MARCADOR-dataOff-BYM.html?random=1698793965602" "Mozilla/5.0 (Windows NT 6.3; WOW64) AppleWebKit/537.36 (KHTML, like Gecko) Chrome/109.0.0.0 Safari/537.36 OPR/95.0.0.0"
::ffff:192.168.0.101 - - [01/Nov/2023:01:13:03 +0000] "GET /templates//softpix/Template_Pack_1.1/BYM/BOX-MARCADOR-OFF-BYM/logos_equipos/logo_team_6.png HTTP/1.1" 404 230 "http://192.168.0.102:5656/templates//softpix/Template_Pack_1.1/BYM/BOX-MARCADOR-OFF-BYM/BOX-MARCADOR-dataOff-BYM.html?random=1698793965602" "Mozilla/5.0 (Windows NT 6.3; WOW64) AppleWebKit/537.36 (KHTML, like Gecko) Chrome/109.0.0.0 Safari/537.36 OPR/95.0.0.0"
::ffff:192.168.0.101 - - [01/Nov/2023:01:13:03 +0000] "GET /templates//softpix/Template_Pack_1.1/BYM/BOX-MARCADOR-OFF-BYM/logos_equipos/logo_team_1.png HTTP/1.1" 404 230 "http://192.168.0.102:5656/templates//softpix/Template_Pack_1.1/BYM/BOX-MARCADOR-OFF-BYM/BOX-MARCADOR-dataOff-BYM.html?random=1698793965602" "Mozilla/5.0 (Windows NT 6.3; WOW64) AppleWebKit/537.36 (KHTML, like Gecko) Chrome/109.0.0.0 Safari/537.36 OPR/95.0.0.0"
::ffff:192.168.0.102 - - [01/Nov/2023:01:13:20 +0000] "POST /gc/playout HTTP/1.1" 200 - "http://192.168.0.102:5656/gc/IVC/IVc" "Mozilla/5.0 (Windows NT 10.0; Win64; x64) AppleWebKit/537.36 (KHTML, like Gecko) Chrome/117.0.0.0 Safari/537.36 OPR/103.0.0.0"
::ffff:192.168.0.102 - - [01/Nov/2023:01:13:21 +0000] "POST /gc/playout HTTP/1.1" 200 - "http://192.168.0.102:5656/gc/IVC/IVc" "Mozilla/5.0 (Windows NT 10.0; Win64; x64) AppleWebKit/537.36 (KHTML, like Gecko) Chrome/117.0.0.0 Safari/537.36 OPR/103.0.0.0"
::ffff:192.168.0.101 - - [01/Nov/2023:01:13:47 +0000] "GET /templates//softpix/Template_Pack_1.1/BYM/BOX-MARCADOR-OFF-BYM/logos_equipos/logo_team_6.png HTTP/1.1" 404 230 "http://192.168.0.102:5656/templates//softpix/Template_Pack_1.1/BYM/BOX-MARCADOR-OFF-BYM/BOX-MARCADOR-dataOff-BYM.html?random=1698793965602" "Mozilla/5.0 (Windows NT 6.3; WOW64) AppleWebKit/537.36 (KHTML, like Gecko) Chrome/109.0.0.0 Safari/537.36 OPR/95.0.0.0"
::ffff:192.168.0.101 - - [01/Nov/2023:01:13:47 +0000] "GET /templates//softpix/Template_Pack_1.1/BYM/BOX-MARCADOR-OFF-BYM/logos_equipos/logo_team_1.png HTTP/1.1" 404 230 "http://192.168.0.102:5656/templates//softpix/Template_Pack_1.1/BYM/BOX-MARCADOR-OFF-BYM/BOX-MARCADOR-dataOff-BYM.html?random=1698793965602" "Mozilla/5.0 (Windows NT 6.3; WOW64) AppleWebKit/537.36 (KHTML, like Gecko) Chrome/109.0.0.0 Safari/537.36 OPR/95.0.0.0"
::ffff:192.168.0.101 - - [01/Nov/2023:01:13:47 +0000] "GET /templates//softpix/Template_Pack_1.1/BYM/BOX-MARCADOR-OFF-BYM/logos_equipos/logo_team_6.png HTTP/1.1" 404 230 "http://192.168.0.102:5656/templates//softpix/Template_Pack_1.1/BYM/BOX-MARCADOR-OFF-BYM/BOX-MARCADOR-dataOff-BYM.html?random=1698793965602" "Mozilla/5.0 (Windows NT 6.3; WOW64) AppleWebKit/537.36 (KHTML, like Gecko) Chrome/109.0.0.0 Safari/537.36 OPR/95.0.0.0"
::ffff:192.168.0.101 - - [01/Nov/2023:01:13:48 +0000] "GET /templates//softpix/Template_Pack_1.1/BYM/BOX-MARCADOR-OFF-BYM/logos_equipos/logo_team_1.png HTTP/1.1" 404 230 "http://192.168.0.102:5656/templates//softpix/Template_Pack_1.1/BYM/BOX-MARCADOR-OFF-BYM/BOX-MARCADOR-dataOff-BYM.html?random=1698793965602" "Mozilla/5.0 (Windows NT 6.3; WOW64) AppleWebKit/537.36 (KHTML, like Gecko) Chrome/109.0.0.0 Safari/537.36 OPR/95.0.0.0"
::ffff:192.168.0.101 - - [01/Nov/2023:01:13:53 +0000] "GET /templates//softpix/Template_Pack_1.1/BYM/BOX-MARCADOR-OFF-BYM/logos_equipos/logo_team_1.png HTTP/1.1" 404 230 "http://192.168.0.102:5656/templates//softpix/Template_Pack_1.1/BYM/BOX-MARCADOR-OFF-BYM/BOX-MARCADOR-dataOff-BYM.html?random=1698793965602" "Mozilla/5.0 (Windows NT 6.3; WOW64) AppleWebKit/537.36 (KHTML, like Gecko) Chrome/109.0.0.0 Safari/537.36 OPR/95.0.0.0"
::ffff:192.168.0.101 - - [01/Nov/2023:01:13:53 +0000] "GET /templates//softpix/Template_Pack_1.1/BYM/BOX-MARCADOR-OFF-BYM/logos_equipos/logo_team_6.png HTTP/1.1" 404 230 "http://192.168.0.102:5656/templates//softpix/Template_Pack_1.1/BYM/BOX-MARCADOR-OFF-BYM/BOX-MARCADOR-dataOff-BYM.html?random=1698793965602" "Mozilla/5.0 (Windows NT 6.3; WOW64) AppleWebKit/537.36 (KHTML, like Gecko) Chrome/109.0.0.0 Safari/537.36 OPR/95.0.0.0"
::ffff:192.168.0.101 - - [01/Nov/2023:01:14:03 +0000] "GET /templates//softpix/Template_Pack_1.1/BYM/BOX-MARCADOR-OFF-BYM/logos_equipos/logo_team_6.png HTTP/1.1" 404 230 "http://192.168.0.102:5656/templates//softpix/Template_Pack_1.1/BYM/BOX-MARCADOR-OFF-BYM/BOX-MARCADOR-dataOff-BYM.html?random=1698793965602" "Mozilla/5.0 (Windows NT 6.3; WOW64) AppleWebKit/537.36 (KHTML, like Gecko) Chrome/109.0.0.0 Safari/537.36 OPR/95.0.0.0"
::ffff:192.168.0.101 - - [01/Nov/2023:01:14:03 +0000] "GET /templates//softpix/Template_Pack_1.1/BYM/BOX-MARCADOR-OFF-BYM/logos_equipos/logo_team_1.png HTTP/1.1" 404 230 "http://192.168.0.102:5656/templates//softpix/Template_Pack_1.1/BYM/BOX-MARCADOR-OFF-BYM/BOX-MARCADOR-dataOff-BYM.html?random=1698793965602" "Mozilla/5.0 (Windows NT 6.3; WOW64) AppleWebKit/537.36 (KHTML, like Gecko) Chrome/109.0.0.0 Safari/537.36 OPR/95.0.0.0"
::ffff:192.168.0.102 - - [01/Nov/2023:01:14:22 +0000] "POST /gc/playout HTTP/1.1" 200 - "http://192.168.0.102:5656/gc/IVC/IVc" "Mozilla/5.0 (Windows NT 10.0; Win64; x64) AppleWebKit/537.36 (KHTML, like Gecko) Chrome/117.0.0.0 Safari/537.36 OPR/103.0.0.0"
::ffff:192.168.0.102 - - [01/Nov/2023:01:14:25 +0000] "POST /gc/playout HTTP/1.1" 200 - "http://192.168.0.102:5656/gc/IVC/IVc" "Mozilla/5.0 (Windows NT 10.0; Win64; x64) AppleWebKit/537.36 (KHTML, like Gecko) Chrome/117.0.0.0 Safari/537.36 OPR/103.0.0.0"
::ffff:192.168.0.101 - - [01/Nov/2023:01:14:50 +0000] "GET /templates//softpix/Template_Pack_1.1/BYM/BOX-MARCADOR-OFF-BYM/logos_equipos/logo_team_6.png HTTP/1.1" 404 230 "http://192.168.0.102:5656/templates//softpix/Template_Pack_1.1/BYM/BOX-MARCADOR-OFF-BYM/BOX-MARCADOR-dataOff-BYM.html?random=1698793965602" "Mozilla/5.0 (Windows NT 6.3; WOW64) AppleWebKit/537.36 (KHTML, like Gecko) Chrome/109.0.0.0 Safari/537.36 OPR/95.0.0.0"
::ffff:192.168.0.101 - - [01/Nov/2023:01:14:50 +0000] "GET /templates//softpix/Template_Pack_1.1/BYM/BOX-MARCADOR-OFF-BYM/logos_equipos/logo_team_1.png HTTP/1.1" 404 230 "http://192.168.0.102:5656/templates//softpix/Template_Pack_1.1/BYM/BOX-MARCADOR-OFF-BYM/BOX-MARCADOR-dataOff-BYM.html?random=1698793965602" "Mozilla/5.0 (Windows NT 6.3; WOW64) AppleWebKit/537.36 (KHTML, like Gecko) Chrome/109.0.0.0 Safari/537.36 OPR/95.0.0.0"
::ffff:192.168.0.101 - - [01/Nov/2023:01:14:50 +0000] "GET /templates//softpix/Template_Pack_1.1/BYM/BOX-MARCADOR-OFF-BYM/logos_equipos/logo_team_6.png HTTP/1.1" 404 230 "http://192.168.0.102:5656/templates//softpix/Template_Pack_1.1/BYM/BOX-MARCADOR-OFF-BYM/BOX-MARCADOR-dataOff-BYM.html?random=1698793965602" "Mozilla/5.0 (Windows NT 6.3; WOW64) AppleWebKit/537.36 (KHTML, like Gecko) Chrome/109.0.0.0 Safari/537.36 OPR/95.0.0.0"
::ffff:192.168.0.101 - - [01/Nov/2023:01:14:50 +0000] "GET /templates//softpix/Template_Pack_1.1/BYM/BOX-MARCADOR-OFF-BYM/logos_equipos/logo_team_1.png HTTP/1.1" 404 230 "http://192.168.0.102:5656/templates//softpix/Template_Pack_1.1/BYM/BOX-MARCADOR-OFF-BYM/BOX-MARCADOR-dataOff-BYM.html?random=1698793965602" "Mozilla/5.0 (Windows NT 6.3; WOW64) AppleWebKit/537.36 (KHTML, like Gecko) Chrome/109.0.0.0 Safari/537.36 OPR/95.0.0.0"
::ffff:192.168.0.101 - - [01/Nov/2023:01:14:53 +0000] "GET /templates//softpix/Template_Pack_1.1/BYM/BOX-MARCADOR-OFF-BYM/logos_equipos/logo_team_6.png HTTP/1.1" 404 230 "http://192.168.0.102:5656/templates//softpix/Template_Pack_1.1/BYM/BOX-MARCADOR-OFF-BYM/BOX-MARCADOR-dataOff-BYM.html?random=1698793965602" "Mozilla/5.0 (Windows NT 6.3; WOW64) AppleWebKit/537.36 (KHTML, like Gecko) Chrome/109.0.0.0 Safari/537.36 OPR/95.0.0.0"
::ffff:192.168.0.101 - - [01/Nov/2023:01:14:53 +0000] "GET /templates//softpix/Template_Pack_1.1/BYM/BOX-MARCADOR-OFF-BYM/logos_equipos/logo_team_1.png HTTP/1.1" 404 230 "http://192.168.0.102:5656/templates//softpix/Template_Pack_1.1/BYM/BOX-MARCADOR-OFF-BYM/BOX-MARCADOR-dataOff-BYM.html?random=1698793965602" "Mozilla/5.0 (Windows NT 6.3; WOW64) AppleWebKit/537.36 (KHTML, like Gecko) Chrome/109.0.0.0 Safari/537.36 OPR/95.0.0.0"
::ffff:192.168.0.101 - - [01/Nov/2023:01:14:53 +0000] "GET /templates//softpix/Template_Pack_1.1/BYM/BOX-MARCADOR-OFF-BYM/logos_equipos/logo_team_6.png HTTP/1.1" 404 230 "http://192.168.0.102:5656/templates//softpix/Template_Pack_1.1/BYM/BOX-MARCADOR-OFF-BYM/BOX-MARCADOR-dataOff-BYM.html?random=1698793965602" "Mozilla/5.0 (Windows NT 6.3; WOW64) AppleWebKit/537.36 (KHTML, like Gecko) Chrome/109.0.0.0 Safari/537.36 OPR/95.0.0.0"
::ffff:192.168.0.101 - - [01/Nov/2023:01:14:53 +0000] "GET /templates//softpix/Template_Pack_1.1/BYM/BOX-MARCADOR-OFF-BYM/logos_equipos/logo_team_1.png HTTP/1.1" 404 230 "http://192.168.0.102:5656/templates//softpix/Template_Pack_1.1/BYM/BOX-MARCADOR-OFF-BYM/BOX-MARCADOR-dataOff-BYM.html?random=1698793965602" "Mozilla/5.0 (Windows NT 6.3; WOW64) AppleWebKit/537.36 (KHTML, like Gecko) Chrome/109.0.0.0 Safari/537.36 OPR/95.0.0.0"
::ffff:192.168.0.101 - - [01/Nov/2023:01:15:03 +0000] "GET /templates//softpix/Template_Pack_1.1/BYM/BOX-MARCADOR-OFF-BYM/logos_equipos/logo_team_6.png HTTP/1.1" 404 230 "http://192.168.0.102:5656/templates//softpix/Template_Pack_1.1/BYM/BOX-MARCADOR-OFF-BYM/BOX-MARCADOR-dataOff-BYM.html?random=1698793965602" "Mozilla/5.0 (Windows NT 6.3; WOW64) AppleWebKit/537.36 (KHTML, like Gecko) Chrome/109.0.0.0 Safari/537.36 OPR/95.0.0.0"
::ffff:192.168.0.101 - - [01/Nov/2023:01:15:03 +0000] "GET /templates//softpix/Template_Pack_1.1/BYM/BOX-MARCADOR-OFF-BYM/logos_equipos/logo_team_1.png HTTP/1.1" 404 230 "http://192.168.0.102:5656/templates//softpix/Template_Pack_1.1/BYM/BOX-MARCADOR-OFF-BYM/BOX-MARCADOR-dataOff-BYM.html?random=1698793965602" "Mozilla/5.0 (Windows NT 6.3; WOW64) AppleWebKit/537.36 (KHTML, like Gecko) Chrome/109.0.0.0 Safari/537.36 OPR/95.0.0.0"
::ffff:192.168.0.101 - - [01/Nov/2023:01:15:43 +0000] "GET /templates//softpix/Template_Pack_1.1/BYM/BOX-MARCADOR-OFF-BYM/logos_equipos/logo_team_6.png HTTP/1.1" 404 230 "http://192.168.0.102:5656/templates//softpix/Template_Pack_1.1/BYM/BOX-MARCADOR-OFF-BYM/BOX-MARCADOR-dataOff-BYM.html?random=1698793965602" "Mozilla/5.0 (Windows NT 6.3; WOW64) AppleWebKit/537.36 (KHTML, like Gecko) Chrome/109.0.0.0 Safari/537.36 OPR/95.0.0.0"
::ffff:192.168.0.101 - - [01/Nov/2023:01:15:43 +0000] "GET /templates//softpix/Template_Pack_1.1/BYM/BOX-MARCADOR-OFF-BYM/logos_equipos/logo_team_1.png HTTP/1.1" 404 230 "http://192.168.0.102:5656/templates//softpix/Template_Pack_1.1/BYM/BOX-MARCADOR-OFF-BYM/BOX-MARCADOR-dataOff-BYM.html?random=1698793965602" "Mozilla/5.0 (Windows NT 6.3; WOW64) AppleWebKit/537.36 (KHTML, like Gecko) Chrome/109.0.0.0 Safari/537.36 OPR/95.0.0.0"
::ffff:192.168.0.102 - - [01/Nov/2023:01:15:47 +0000] "POST /gc/playout HTTP/1.1" 200 - "http://192.168.0.102:5656/gc/IVC/IVc" "Mozilla/5.0 (Windows NT 10.0; Win64; x64) AppleWebKit/537.36 (KHTML, like Gecko) Chrome/117.0.0.0 Safari/537.36 OPR/103.0.0.0"
::ffff:192.168.0.102 - - [01/Nov/2023:01:15:49 +0000] "POST /gc/playout HTTP/1.1" 200 - "http://192.168.0.102:5656/gc/IVC/IVc" "Mozilla/5.0 (Windows NT 10.0; Win64; x64) AppleWebKit/537.36 (KHTML, like Gecko) Chrome/117.0.0.0 Safari/537.36 OPR/103.0.0.0"
::ffff:192.168.0.101 - - [01/Nov/2023:01:16:02 +0000] "GET /templates//softpix/Template_Pack_1.1/BYM/BOX-MARCADOR-OFF-BYM/logos_equipos/logo_team_6.png HTTP/1.1" 404 230 "http://192.168.0.102:5656/templates//softpix/Template_Pack_1.1/BYM/BOX-MARCADOR-OFF-BYM/BOX-MARCADOR-dataOff-BYM.html?random=1698793965602" "Mozilla/5.0 (Windows NT 6.3; WOW64) AppleWebKit/537.36 (KHTML, like Gecko) Chrome/109.0.0.0 Safari/537.36 OPR/95.0.0.0"
::ffff:192.168.0.101 - - [01/Nov/2023:01:16:02 +0000] "GET /templates//softpix/Template_Pack_1.1/BYM/BOX-MARCADOR-OFF-BYM/logos_equipos/logo_team_1.png HTTP/1.1" 404 230 "http://192.168.0.102:5656/templates//softpix/Template_Pack_1.1/BYM/BOX-MARCADOR-OFF-BYM/BOX-MARCADOR-dataOff-BYM.html?random=1698793965602" "Mozilla/5.0 (Windows NT 6.3; WOW64) AppleWebKit/537.36 (KHTML, like Gecko) Chrome/109.0.0.0 Safari/537.36 OPR/95.0.0.0"
::ffff:192.168.0.101 - - [01/Nov/2023:01:16:04 +0000] "GET /templates//softpix/Template_Pack_1.1/BYM/BOX-MARCADOR-OFF-BYM/logos_equipos/logo_team_6.png HTTP/1.1" 404 230 "http://192.168.0.102:5656/templates//softpix/Template_Pack_1.1/BYM/BOX-MARCADOR-OFF-BYM/BOX-MARCADOR-dataOff-BYM.html?random=1698793965602" "Mozilla/5.0 (Windows NT 6.3; WOW64) AppleWebKit/537.36 (KHTML, like Gecko) Chrome/109.0.0.0 Safari/537.36 OPR/95.0.0.0"
::ffff:192.168.0.101 - - [01/Nov/2023:01:16:04 +0000] "GET /templates//softpix/Template_Pack_1.1/BYM/BOX-MARCADOR-OFF-BYM/logos_equipos/logo_team_1.png HTTP/1.1" 404 230 "http://192.168.0.102:5656/templates//softpix/Template_Pack_1.1/BYM/BOX-MARCADOR-OFF-BYM/BOX-MARCADOR-dataOff-BYM.html?random=1698793965602" "Mozilla/5.0 (Windows NT 6.3; WOW64) AppleWebKit/537.36 (KHTML, like Gecko) Chrome/109.0.0.0 Safari/537.36 OPR/95.0.0.0"
::ffff:192.168.0.102 - - [01/Nov/2023:01:16:15 +0000] "POST /gc/playout HTTP/1.1" 200 - "http://192.168.0.102:5656/gc/IVC/IVc" "Mozilla/5.0 (Windows NT 10.0; Win64; x64) AppleWebKit/537.36 (KHTML, like Gecko) Chrome/117.0.0.0 Safari/537.36 OPR/103.0.0.0"
::ffff:192.168.0.102 - - [01/Nov/2023:01:16:17 +0000] "POST /gc/playout HTTP/1.1" 200 - "http://192.168.0.102:5656/gc/IVC/IVc" "Mozilla/5.0 (Windows NT 10.0; Win64; x64) AppleWebKit/537.36 (KHTML, like Gecko) Chrome/117.0.0.0 Safari/537.36 OPR/103.0.0.0"
::ffff:192.168.0.101 - - [01/Nov/2023:01:16:47 +0000] "GET /templates//softpix/Template_Pack_1.1/BYM/BOX-MARCADOR-OFF-BYM/logos_equipos/logo_team_6.png HTTP/1.1" 404 230 "http://192.168.0.102:5656/templates//softpix/Template_Pack_1.1/BYM/BOX-MARCADOR-OFF-BYM/BOX-MARCADOR-dataOff-BYM.html?random=1698793965602" "Mozilla/5.0 (Windows NT 6.3; WOW64) AppleWebKit/537.36 (KHTML, like Gecko) Chrome/109.0.0.0 Safari/537.36 OPR/95.0.0.0"
::ffff:192.168.0.101 - - [01/Nov/2023:01:16:47 +0000] "GET /templates//softpix/Template_Pack_1.1/BYM/BOX-MARCADOR-OFF-BYM/logos_equipos/logo_team_1.png HTTP/1.1" 404 230 "http://192.168.0.102:5656/templates//softpix/Template_Pack_1.1/BYM/BOX-MARCADOR-OFF-BYM/BOX-MARCADOR-dataOff-BYM.html?random=1698793965602" "Mozilla/5.0 (Windows NT 6.3; WOW64) AppleWebKit/537.36 (KHTML, like Gecko) Chrome/109.0.0.0 Safari/537.36 OPR/95.0.0.0"
::ffff:192.168.0.101 - - [01/Nov/2023:01:16:47 +0000] "GET /templates//softpix/Template_Pack_1.1/BYM/BOX-MARCADOR-OFF-BYM/logos_equipos/logo_team_6.png HTTP/1.1" 404 230 "http://192.168.0.102:5656/templates//softpix/Template_Pack_1.1/BYM/BOX-MARCADOR-OFF-BYM/BOX-MARCADOR-dataOff-BYM.html?random=1698793965602" "Mozilla/5.0 (Windows NT 6.3; WOW64) AppleWebKit/537.36 (KHTML, like Gecko) Chrome/109.0.0.0 Safari/537.36 OPR/95.0.0.0"
::ffff:192.168.0.101 - - [01/Nov/2023:01:16:47 +0000] "GET /templates//softpix/Template_Pack_1.1/BYM/BOX-MARCADOR-OFF-BYM/logos_equipos/logo_team_1.png HTTP/1.1" 404 230 "http://192.168.0.102:5656/templates//softpix/Template_Pack_1.1/BYM/BOX-MARCADOR-OFF-BYM/BOX-MARCADOR-dataOff-BYM.html?random=1698793965602" "Mozilla/5.0 (Windows NT 6.3; WOW64) AppleWebKit/537.36 (KHTML, like Gecko) Chrome/109.0.0.0 Safari/537.36 OPR/95.0.0.0"
::ffff:192.168.0.101 - - [01/Nov/2023:01:16:47 +0000] "GET /templates//softpix/Template_Pack_1.1/BYM/BOX-MARCADOR-OFF-BYM/logos_equipos/logo_team_6.png HTTP/1.1" 404 230 "http://192.168.0.102:5656/templates//softpix/Template_Pack_1.1/BYM/BOX-MARCADOR-OFF-BYM/BOX-MARCADOR-dataOff-BYM.html?random=1698793965602" "Mozilla/5.0 (Windows NT 6.3; WOW64) AppleWebKit/537.36 (KHTML, like Gecko) Chrome/109.0.0.0 Safari/537.36 OPR/95.0.0.0"
::ffff:192.168.0.101 - - [01/Nov/2023:01:16:47 +0000] "GET /templates//softpix/Template_Pack_1.1/BYM/BOX-MARCADOR-OFF-BYM/logos_equipos/logo_team_1.png HTTP/1.1" 404 230 "http://192.168.0.102:5656/templates//softpix/Template_Pack_1.1/BYM/BOX-MARCADOR-OFF-BYM/BOX-MARCADOR-dataOff-BYM.html?random=1698793965602" "Mozilla/5.0 (Windows NT 6.3; WOW64) AppleWebKit/537.36 (KHTML, like Gecko) Chrome/109.0.0.0 Safari/537.36 OPR/95.0.0.0"
::ffff:192.168.0.101 - - [01/Nov/2023:01:16:53 +0000] "GET /templates//softpix/Template_Pack_1.1/BYM/BOX-MARCADOR-OFF-BYM/logos_equipos/logo_team_6.png HTTP/1.1" 404 230 "http://192.168.0.102:5656/templates//softpix/Template_Pack_1.1/BYM/BOX-MARCADOR-OFF-BYM/BOX-MARCADOR-dataOff-BYM.html?random=1698793965602" "Mozilla/5.0 (Windows NT 6.3; WOW64) AppleWebKit/537.36 (KHTML, like Gecko) Chrome/109.0.0.0 Safari/537.36 OPR/95.0.0.0"
::ffff:192.168.0.101 - - [01/Nov/2023:01:16:53 +0000] "GET /templates//softpix/Template_Pack_1.1/BYM/BOX-MARCADOR-OFF-BYM/logos_equipos/logo_team_1.png HTTP/1.1" 404 230 "http://192.168.0.102:5656/templates//softpix/Template_Pack_1.1/BYM/BOX-MARCADOR-OFF-BYM/BOX-MARCADOR-dataOff-BYM.html?random=1698793965602" "Mozilla/5.0 (Windows NT 6.3; WOW64) AppleWebKit/537.36 (KHTML, like Gecko) Chrome/109.0.0.0 Safari/537.36 OPR/95.0.0.0"
::ffff:192.168.0.101 - - [01/Nov/2023:01:16:53 +0000] "GET /templates//softpix/Template_Pack_1.1/BYM/BOX-MARCADOR-OFF-BYM/logos_equipos/logo_team_6.png HTTP/1.1" 404 230 "http://192.168.0.102:5656/templates//softpix/Template_Pack_1.1/BYM/BOX-MARCADOR-OFF-BYM/BOX-MARCADOR-dataOff-BYM.html?random=1698793965602" "Mozilla/5.0 (Windows NT 6.3; WOW64) AppleWebKit/537.36 (KHTML, like Gecko) Chrome/109.0.0.0 Safari/537.36 OPR/95.0.0.0"
::ffff:192.168.0.101 - - [01/Nov/2023:01:16:53 +0000] "GET /templates//softpix/Template_Pack_1.1/BYM/BOX-MARCADOR-OFF-BYM/logos_equipos/logo_team_1.png HTTP/1.1" 404 230 "http://192.168.0.102:5656/templates//softpix/Template_Pack_1.1/BYM/BOX-MARCADOR-OFF-BYM/BOX-MARCADOR-dataOff-BYM.html?random=1698793965602" "Mozilla/5.0 (Windows NT 6.3; WOW64) AppleWebKit/537.36 (KHTML, like Gecko) Chrome/109.0.0.0 Safari/537.36 OPR/95.0.0.0"
::ffff:192.168.0.102 - - [01/Nov/2023:01:16:57 +0000] "POST /gc/playout HTTP/1.1" 200 - "http://192.168.0.102:5656/gc/IVC/IVc" "Mozilla/5.0 (Windows NT 10.0; Win64; x64) AppleWebKit/537.36 (KHTML, like Gecko) Chrome/117.0.0.0 Safari/537.36 OPR/103.0.0.0"
::ffff:192.168.0.102 - - [01/Nov/2023:01:16:58 +0000] "POST /gc/playout HTTP/1.1" 200 - "http://192.168.0.102:5656/gc/IVC/IVc" "Mozilla/5.0 (Windows NT 10.0; Win64; x64) AppleWebKit/537.36 (KHTML, like Gecko) Chrome/117.0.0.0 Safari/537.36 OPR/103.0.0.0"
::ffff:192.168.0.101 - - [01/Nov/2023:01:17:03 +0000] "GET /templates//softpix/Template_Pack_1.1/BYM/BOX-MARCADOR-OFF-BYM/logos_equipos/logo_team_6.png HTTP/1.1" 404 230 "http://192.168.0.102:5656/templates//softpix/Template_Pack_1.1/BYM/BOX-MARCADOR-OFF-BYM/BOX-MARCADOR-dataOff-BYM.html?random=1698793965602" "Mozilla/5.0 (Windows NT 6.3; WOW64) AppleWebKit/537.36 (KHTML, like Gecko) Chrome/109.0.0.0 Safari/537.36 OPR/95.0.0.0"
::ffff:192.168.0.101 - - [01/Nov/2023:01:17:03 +0000] "GET /templates//softpix/Template_Pack_1.1/BYM/BOX-MARCADOR-OFF-BYM/logos_equipos/logo_team_1.png HTTP/1.1" 404 230 "http://192.168.0.102:5656/templates//softpix/Template_Pack_1.1/BYM/BOX-MARCADOR-OFF-BYM/BOX-MARCADOR-dataOff-BYM.html?random=1698793965602" "Mozilla/5.0 (Windows NT 6.3; WOW64) AppleWebKit/537.36 (KHTML, like Gecko) Chrome/109.0.0.0 Safari/537.36 OPR/95.0.0.0"
::ffff:192.168.0.102 - - [01/Nov/2023:01:17:26 +0000] "POST /gc/playout HTTP/1.1" 200 - "http://192.168.0.102:5656/gc/IVC/IVc" "Mozilla/5.0 (Windows NT 10.0; Win64; x64) AppleWebKit/537.36 (KHTML, like Gecko) Chrome/117.0.0.0 Safari/537.36 OPR/103.0.0.0"
::ffff:192.168.0.102 - - [01/Nov/2023:01:17:27 +0000] "POST /gc/playout HTTP/1.1" 200 - "http://192.168.0.102:5656/gc/IVC/IVc" "Mozilla/5.0 (Windows NT 10.0; Win64; x64) AppleWebKit/537.36 (KHTML, like Gecko) Chrome/117.0.0.0 Safari/537.36 OPR/103.0.0.0"
::ffff:192.168.0.101 - - [01/Nov/2023:01:17:46 +0000] "GET /templates//softpix/Template_Pack_1.1/BYM/BOX-MARCADOR-OFF-BYM/logos_equipos/logo_team_6.png HTTP/1.1" 404 230 "http://192.168.0.102:5656/templates//softpix/Template_Pack_1.1/BYM/BOX-MARCADOR-OFF-BYM/BOX-MARCADOR-dataOff-BYM.html?random=1698793965602" "Mozilla/5.0 (Windows NT 6.3; WOW64) AppleWebKit/537.36 (KHTML, like Gecko) Chrome/109.0.0.0 Safari/537.36 OPR/95.0.0.0"
::ffff:192.168.0.101 - - [01/Nov/2023:01:17:46 +0000] "GET /templates//softpix/Template_Pack_1.1/BYM/BOX-MARCADOR-OFF-BYM/logos_equipos/logo_team_1.png HTTP/1.1" 404 230 "http://192.168.0.102:5656/templates//softpix/Template_Pack_1.1/BYM/BOX-MARCADOR-OFF-BYM/BOX-MARCADOR-dataOff-BYM.html?random=1698793965602" "Mozilla/5.0 (Windows NT 6.3; WOW64) AppleWebKit/537.36 (KHTML, like Gecko) Chrome/109.0.0.0 Safari/537.36 OPR/95.0.0.0"
::ffff:192.168.0.101 - - [01/Nov/2023:01:17:46 +0000] "GET /templates//softpix/Template_Pack_1.1/BYM/BOX-MARCADOR-OFF-BYM/logos_equipos/logo_team_6.png HTTP/1.1" 404 230 "http://192.168.0.102:5656/templates//softpix/Template_Pack_1.1/BYM/BOX-MARCADOR-OFF-BYM/BOX-MARCADOR-dataOff-BYM.html?random=1698793965602" "Mozilla/5.0 (Windows NT 6.3; WOW64) AppleWebKit/537.36 (KHTML, like Gecko) Chrome/109.0.0.0 Safari/537.36 OPR/95.0.0.0"
::ffff:192.168.0.101 - - [01/Nov/2023:01:17:46 +0000] "GET /templates//softpix/Template_Pack_1.1/BYM/BOX-MARCADOR-OFF-BYM/logos_equipos/logo_team_1.png HTTP/1.1" 404 230 "http://192.168.0.102:5656/templates//softpix/Template_Pack_1.1/BYM/BOX-MARCADOR-OFF-BYM/BOX-MARCADOR-dataOff-BYM.html?random=1698793965602" "Mozilla/5.0 (Windows NT 6.3; WOW64) AppleWebKit/537.36 (KHTML, like Gecko) Chrome/109.0.0.0 Safari/537.36 OPR/95.0.0.0"
::ffff:192.168.0.101 - - [01/Nov/2023:01:17:53 +0000] "GET /templates//softpix/Template_Pack_1.1/BYM/BOX-MARCADOR-OFF-BYM/logos_equipos/logo_team_6.png HTTP/1.1" 404 230 "http://192.168.0.102:5656/templates//softpix/Template_Pack_1.1/BYM/BOX-MARCADOR-OFF-BYM/BOX-MARCADOR-dataOff-BYM.html?random=1698793965602" "Mozilla/5.0 (Windows NT 6.3; WOW64) AppleWebKit/537.36 (KHTML, like Gecko) Chrome/109.0.0.0 Safari/537.36 OPR/95.0.0.0"
::ffff:192.168.0.101 - - [01/Nov/2023:01:17:53 +0000] "GET /templates//softpix/Template_Pack_1.1/BYM/BOX-MARCADOR-OFF-BYM/logos_equipos/logo_team_1.png HTTP/1.1" 404 230 "http://192.168.0.102:5656/templates//softpix/Template_Pack_1.1/BYM/BOX-MARCADOR-OFF-BYM/BOX-MARCADOR-dataOff-BYM.html?random=1698793965602" "Mozilla/5.0 (Windows NT 6.3; WOW64) AppleWebKit/537.36 (KHTML, like Gecko) Chrome/109.0.0.0 Safari/537.36 OPR/95.0.0.0"
::ffff:192.168.0.101 - - [01/Nov/2023:01:17:53 +0000] "GET /templates//softpix/Template_Pack_1.1/BYM/BOX-MARCADOR-OFF-BYM/logos_equipos/logo_team_6.png HTTP/1.1" 404 230 "http://192.168.0.102:5656/templates//softpix/Template_Pack_1.1/BYM/BOX-MARCADOR-OFF-BYM/BOX-MARCADOR-dataOff-BYM.html?random=1698793965602" "Mozilla/5.0 (Windows NT 6.3; WOW64) AppleWebKit/537.36 (KHTML, like Gecko) Chrome/109.0.0.0 Safari/537.36 OPR/95.0.0.0"
::ffff:192.168.0.101 - - [01/Nov/2023:01:17:53 +0000] "GET /templates//softpix/Template_Pack_1.1/BYM/BOX-MARCADOR-OFF-BYM/logos_equipos/logo_team_1.png HTTP/1.1" 404 230 "http://192.168.0.102:5656/templates//softpix/Template_Pack_1.1/BYM/BOX-MARCADOR-OFF-BYM/BOX-MARCADOR-dataOff-BYM.html?random=1698793965602" "Mozilla/5.0 (Windows NT 6.3; WOW64) AppleWebKit/537.36 (KHTML, like Gecko) Chrome/109.0.0.0 Safari/537.36 OPR/95.0.0.0"
::ffff:192.168.0.101 - - [01/Nov/2023:01:18:03 +0000] "GET /templates//softpix/Template_Pack_1.1/BYM/BOX-MARCADOR-OFF-BYM/logos_equipos/logo_team_1.png HTTP/1.1" 404 230 "http://192.168.0.102:5656/templates//softpix/Template_Pack_1.1/BYM/BOX-MARCADOR-OFF-BYM/BOX-MARCADOR-dataOff-BYM.html?random=1698793965602" "Mozilla/5.0 (Windows NT 6.3; WOW64) AppleWebKit/537.36 (KHTML, like Gecko) Chrome/109.0.0.0 Safari/537.36 OPR/95.0.0.0"
::ffff:192.168.0.101 - - [01/Nov/2023:01:18:03 +0000] "GET /templates//softpix/Template_Pack_1.1/BYM/BOX-MARCADOR-OFF-BYM/logos_equipos/logo_team_6.png HTTP/1.1" 404 230 "http://192.168.0.102:5656/templates//softpix/Template_Pack_1.1/BYM/BOX-MARCADOR-OFF-BYM/BOX-MARCADOR-dataOff-BYM.html?random=1698793965602" "Mozilla/5.0 (Windows NT 6.3; WOW64) AppleWebKit/537.36 (KHTML, like Gecko) Chrome/109.0.0.0 Safari/537.36 OPR/95.0.0.0"
::ffff:192.168.0.101 - - [01/Nov/2023:01:18:43 +0000] "GET /templates//softpix/Template_Pack_1.1/BYM/BOX-MARCADOR-OFF-BYM/logos_equipos/logo_team_6.png HTTP/1.1" 404 230 "http://192.168.0.102:5656/templates//softpix/Template_Pack_1.1/BYM/BOX-MARCADOR-OFF-BYM/BOX-MARCADOR-dataOff-BYM.html?random=1698793965602" "Mozilla/5.0 (Windows NT 6.3; WOW64) AppleWebKit/537.36 (KHTML, like Gecko) Chrome/109.0.0.0 Safari/537.36 OPR/95.0.0.0"
::ffff:192.168.0.101 - - [01/Nov/2023:01:18:43 +0000] "GET /templates//softpix/Template_Pack_1.1/BYM/BOX-MARCADOR-OFF-BYM/logos_equipos/logo_team_1.png HTTP/1.1" 404 230 "http://192.168.0.102:5656/templates//softpix/Template_Pack_1.1/BYM/BOX-MARCADOR-OFF-BYM/BOX-MARCADOR-dataOff-BYM.html?random=1698793965602" "Mozilla/5.0 (Windows NT 6.3; WOW64) AppleWebKit/537.36 (KHTML, like Gecko) Chrome/109.0.0.0 Safari/537.36 OPR/95.0.0.0"
::ffff:192.168.0.101 - - [01/Nov/2023:01:18:53 +0000] "GET /templates//softpix/Template_Pack_1.1/BYM/BOX-MARCADOR-OFF-BYM/logos_equipos/logo_team_6.png HTTP/1.1" 404 230 "http://192.168.0.102:5656/templates//softpix/Template_Pack_1.1/BYM/BOX-MARCADOR-OFF-BYM/BOX-MARCADOR-dataOff-BYM.html?random=1698793965602" "Mozilla/5.0 (Windows NT 6.3; WOW64) AppleWebKit/537.36 (KHTML, like Gecko) Chrome/109.0.0.0 Safari/537.36 OPR/95.0.0.0"
::ffff:192.168.0.101 - - [01/Nov/2023:01:18:53 +0000] "GET /templates//softpix/Template_Pack_1.1/BYM/BOX-MARCADOR-OFF-BYM/logos_equipos/logo_team_1.png HTTP/1.1" 404 230 "http://192.168.0.102:5656/templates//softpix/Template_Pack_1.1/BYM/BOX-MARCADOR-OFF-BYM/BOX-MARCADOR-dataOff-BYM.html?random=1698793965602" "Mozilla/5.0 (Windows NT 6.3; WOW64) AppleWebKit/537.36 (KHTML, like Gecko) Chrome/109.0.0.0 Safari/537.36 OPR/95.0.0.0"
::ffff:192.168.0.101 - - [01/Nov/2023:01:18:53 +0000] "GET /templates//softpix/Template_Pack_1.1/BYM/BOX-MARCADOR-OFF-BYM/logos_equipos/logo_team_6.png HTTP/1.1" 404 230 "http://192.168.0.102:5656/templates//softpix/Template_Pack_1.1/BYM/BOX-MARCADOR-OFF-BYM/BOX-MARCADOR-dataOff-BYM.html?random=1698793965602" "Mozilla/5.0 (Windows NT 6.3; WOW64) AppleWebKit/537.36 (KHTML, like Gecko) Chrome/109.0.0.0 Safari/537.36 OPR/95.0.0.0"
::ffff:192.168.0.101 - - [01/Nov/2023:01:19:03 +0000] "GET /templates//softpix/Template_Pack_1.1/BYM/BOX-MARCADOR-OFF-BYM/logos_equipos/logo_team_6.png HTTP/1.1" 404 230 "http://192.168.0.102:5656/templates//softpix/Template_Pack_1.1/BYM/BOX-MARCADOR-OFF-BYM/BOX-MARCADOR-dataOff-BYM.html?random=1698793965602" "Mozilla/5.0 (Windows NT 6.3; WOW64) AppleWebKit/537.36 (KHTML, like Gecko) Chrome/109.0.0.0 Safari/537.36 OPR/95.0.0.0"
::ffff:192.168.0.101 - - [01/Nov/2023:01:19:03 +0000] "GET /templates//softpix/Template_Pack_1.1/BYM/BOX-MARCADOR-OFF-BYM/logos_equipos/logo_team_1.png HTTP/1.1" 404 230 "http://192.168.0.102:5656/templates//softpix/Template_Pack_1.1/BYM/BOX-MARCADOR-OFF-BYM/BOX-MARCADOR-dataOff-BYM.html?random=1698793965602" "Mozilla/5.0 (Windows NT 6.3; WOW64) AppleWebKit/537.36 (KHTML, like Gecko) Chrome/109.0.0.0 Safari/537.36 OPR/95.0.0.0"
::ffff:192.168.0.101 - - [01/Nov/2023:01:19:43 +0000] "GET /templates//softpix/Template_Pack_1.1/BYM/BOX-MARCADOR-OFF-BYM/logos_equipos/logo_team_6.png HTTP/1.1" 404 230 "http://192.168.0.102:5656/templates//softpix/Template_Pack_1.1/BYM/BOX-MARCADOR-OFF-BYM/BOX-MARCADOR-dataOff-BYM.html?random=1698793965602" "Mozilla/5.0 (Windows NT 6.3; WOW64) AppleWebKit/537.36 (KHTML, like Gecko) Chrome/109.0.0.0 Safari/537.36 OPR/95.0.0.0"
::ffff:192.168.0.101 - - [01/Nov/2023:01:19:43 +0000] "GET /templates//softpix/Template_Pack_1.1/BYM/BOX-MARCADOR-OFF-BYM/logos_equipos/logo_team_1.png HTTP/1.1" 404 230 "http://192.168.0.102:5656/templates//softpix/Template_Pack_1.1/BYM/BOX-MARCADOR-OFF-BYM/BOX-MARCADOR-dataOff-BYM.html?random=1698793965602" "Mozilla/5.0 (Windows NT 6.3; WOW64) AppleWebKit/537.36 (KHTML, like Gecko) Chrome/109.0.0.0 Safari/537.36 OPR/95.0.0.0"
::ffff:192.168.0.101 - - [01/Nov/2023:01:19:43 +0000] "GET /templates//softpix/Template_Pack_1.1/BYM/BOX-MARCADOR-OFF-BYM/logos_equipos/logo_team_6.png HTTP/1.1" 404 230 "http://192.168.0.102:5656/templates//softpix/Template_Pack_1.1/BYM/BOX-MARCADOR-OFF-BYM/BOX-MARCADOR-dataOff-BYM.html?random=1698793965602" "Mozilla/5.0 (Windows NT 6.3; WOW64) AppleWebKit/537.36 (KHTML, like Gecko) Chrome/109.0.0.0 Safari/537.36 OPR/95.0.0.0"
::ffff:192.168.0.101 - - [01/Nov/2023:01:19:43 +0000] "GET /templates//softpix/Template_Pack_1.1/BYM/BOX-MARCADOR-OFF-BYM/logos_equipos/logo_team_1.png HTTP/1.1" 404 230 "http://192.168.0.102:5656/templates//softpix/Template_Pack_1.1/BYM/BOX-MARCADOR-OFF-BYM/BOX-MARCADOR-dataOff-BYM.html?random=1698793965602" "Mozilla/5.0 (Windows NT 6.3; WOW64) AppleWebKit/537.36 (KHTML, like Gecko) Chrome/109.0.0.0 Safari/537.36 OPR/95.0.0.0"
::ffff:192.168.0.102 - - [01/Nov/2023:01:19:47 +0000] "POST /gc/playout HTTP/1.1" 200 - "http://192.168.0.102:5656/gc/IVC/IVc" "Mozilla/5.0 (Windows NT 10.0; Win64; x64) AppleWebKit/537.36 (KHTML, like Gecko) Chrome/117.0.0.0 Safari/537.36 OPR/103.0.0.0"
::ffff:192.168.0.102 - - [01/Nov/2023:01:19:48 +0000] "POST /gc/playout HTTP/1.1" 200 - "http://192.168.0.102:5656/gc/IVC/IVc" "Mozilla/5.0 (Windows NT 10.0; Win64; x64) AppleWebKit/537.36 (KHTML, like Gecko) Chrome/117.0.0.0 Safari/537.36 OPR/103.0.0.0"
::ffff:192.168.0.101 - - [01/Nov/2023:01:19:53 +0000] "GET /templates//softpix/Template_Pack_1.1/BYM/BOX-MARCADOR-OFF-BYM/logos_equipos/logo_team_6.png HTTP/1.1" 404 230 "http://192.168.0.102:5656/templates//softpix/Template_Pack_1.1/BYM/BOX-MARCADOR-OFF-BYM/BOX-MARCADOR-dataOff-BYM.html?random=1698793965602" "Mozilla/5.0 (Windows NT 6.3; WOW64) AppleWebKit/537.36 (KHTML, like Gecko) Chrome/109.0.0.0 Safari/537.36 OPR/95.0.0.0"
::ffff:192.168.0.101 - - [01/Nov/2023:01:19:53 +0000] "GET /templates//softpix/Template_Pack_1.1/BYM/BOX-MARCADOR-OFF-BYM/logos_equipos/logo_team_1.png HTTP/1.1" 404 230 "http://192.168.0.102:5656/templates//softpix/Template_Pack_1.1/BYM/BOX-MARCADOR-OFF-BYM/BOX-MARCADOR-dataOff-BYM.html?random=1698793965602" "Mozilla/5.0 (Windows NT 6.3; WOW64) AppleWebKit/537.36 (KHTML, like Gecko) Chrome/109.0.0.0 Safari/537.36 OPR/95.0.0.0"
::ffff:192.168.0.101 - - [01/Nov/2023:01:19:53 +0000] "GET /templates//softpix/Template_Pack_1.1/BYM/BOX-MARCADOR-OFF-BYM/logos_equipos/logo_team_6.png HTTP/1.1" 404 230 "http://192.168.0.102:5656/templates//softpix/Template_Pack_1.1/BYM/BOX-MARCADOR-OFF-BYM/BOX-MARCADOR-dataOff-BYM.html?random=1698793965602" "Mozilla/5.0 (Windows NT 6.3; WOW64) AppleWebKit/537.36 (KHTML, like Gecko) Chrome/109.0.0.0 Safari/537.36 OPR/95.0.0.0"
::ffff:192.168.0.101 - - [01/Nov/2023:01:19:53 +0000] "GET /templates//softpix/Template_Pack_1.1/BYM/BOX-MARCADOR-OFF-BYM/logos_equipos/logo_team_1.png HTTP/1.1" 404 230 "http://192.168.0.102:5656/templates//softpix/Template_Pack_1.1/BYM/BOX-MARCADOR-OFF-BYM/BOX-MARCADOR-dataOff-BYM.html?random=1698793965602" "Mozilla/5.0 (Windows NT 6.3; WOW64) AppleWebKit/537.36 (KHTML, like Gecko) Chrome/109.0.0.0 Safari/537.36 OPR/95.0.0.0"
::ffff:192.168.0.102 - - [01/Nov/2023:01:19:55 +0000] "POST /gc/playout HTTP/1.1" 200 - "http://192.168.0.102:5656/gc/IVC/IVc" "Mozilla/5.0 (Windows NT 10.0; Win64; x64) AppleWebKit/537.36 (KHTML, like Gecko) Chrome/117.0.0.0 Safari/537.36 OPR/103.0.0.0"
::ffff:192.168.0.102 - - [01/Nov/2023:01:19:58 +0000] "POST /gc/saveItemChanges HTTP/1.1" 200 245 "http://192.168.0.102:5656/gc/IVC/IVc" "Mozilla/5.0 (Windows NT 10.0; Win64; x64) AppleWebKit/537.36 (KHTML, like Gecko) Chrome/117.0.0.0 Safari/537.36 OPR/103.0.0.0"
