::ffff:192.168.0.103 - - [14/Nov/2023:13:59:49 +0000] "GET /templates/empty.html HTTP/1.1" 304 - "http://192.168.0.102:5656/renderer/" "Mozilla/5.0 (Windows NT 6.1; WOW64) AppleWebKit/537.36 (KHTML, like Gecko) Chrome/109.0.0.0 Safari/537.36 OPR/95.0.0.0"
::ffff:192.168.0.103 - - [14/Nov/2023:13:59:49 +0000] "GET /templates/empty.html HTTP/1.1" 304 - "http://192.168.0.102:5656/renderer/" "Mozilla/5.0 (Windows NT 6.1; WOW64) AppleWebKit/537.36 (KHTML, like Gecko) Chrome/109.0.0.0 Safari/537.36 OPR/95.0.0.0"
::ffff:192.168.0.103 - - [14/Nov/2023:13:59:49 +0000] "GET /templates/empty.html HTTP/1.1" 304 - "http://192.168.0.102:5656/renderer/" "Mozilla/5.0 (Windows NT 6.1; WOW64) AppleWebKit/537.36 (KHTML, like Gecko) Chrome/109.0.0.0 Safari/537.36 OPR/95.0.0.0"
::ffff:192.168.0.103 - - [14/Nov/2023:13:59:49 +0000] "GET /templates/empty.html HTTP/1.1" 304 - "http://192.168.0.102:5656/renderer/" "Mozilla/5.0 (Windows NT 6.1; WOW64) AppleWebKit/537.36 (KHTML, like Gecko) Chrome/109.0.0.0 Safari/537.36 OPR/95.0.0.0"
::ffff:192.168.0.103 - - [14/Nov/2023:13:59:50 +0000] "GET /templates/empty.html HTTP/1.1" 304 - "http://192.168.0.102:5656/renderer/" "Mozilla/5.0 (Windows NT 6.1; WOW64) AppleWebKit/537.36 (KHTML, like Gecko) Chrome/109.0.0.0 Safari/537.36 OPR/95.0.0.0"
::ffff:192.168.0.103 - - [14/Nov/2023:13:59:50 +0000] "GET /templates/empty.html HTTP/1.1" 304 - "http://192.168.0.102:5656/renderer/" "Mozilla/5.0 (Windows NT 6.1; WOW64) AppleWebKit/537.36 (KHTML, like Gecko) Chrome/109.0.0.0 Safari/537.36 OPR/95.0.0.0"
::ffff:192.168.0.103 - - [14/Nov/2023:13:59:50 +0000] "GET /templates/empty.html HTTP/1.1" 304 - "http://192.168.0.102:5656/renderer/" "Mozilla/5.0 (Windows NT 6.1; WOW64) AppleWebKit/537.36 (KHTML, like Gecko) Chrome/109.0.0.0 Safari/537.36 OPR/95.0.0.0"
::ffff:192.168.0.103 - - [14/Nov/2023:13:59:50 +0000] "GET /templates/empty.html HTTP/1.1" 304 - "http://192.168.0.102:5656/renderer/" "Mozilla/5.0 (Windows NT 6.1; WOW64) AppleWebKit/537.36 (KHTML, like Gecko) Chrome/109.0.0.0 Safari/537.36 OPR/95.0.0.0"
::ffff:192.168.0.103 - - [14/Nov/2023:13:59:50 +0000] "GET /templates/empty.html HTTP/1.1" 304 - "http://192.168.0.102:5656/renderer/" "Mozilla/5.0 (Windows NT 6.1; WOW64) AppleWebKit/537.36 (KHTML, like Gecko) Chrome/109.0.0.0 Safari/537.36 OPR/95.0.0.0"
::ffff:192.168.0.103 - - [14/Nov/2023:13:59:50 +0000] "GET /templates/empty.html HTTP/1.1" 304 - "http://192.168.0.102:5656/renderer/" "Mozilla/5.0 (Windows NT 6.1; WOW64) AppleWebKit/537.36 (KHTML, like Gecko) Chrome/109.0.0.0 Safari/537.36 OPR/95.0.0.0"
::ffff:192.168.0.103 - - [14/Nov/2023:13:59:50 +0000] "GET /templates/empty.html HTTP/1.1" 304 - "http://192.168.0.102:5656/renderer/" "Mozilla/5.0 (Windows NT 6.1; WOW64) AppleWebKit/537.36 (KHTML, like Gecko) Chrome/109.0.0.0 Safari/537.36 OPR/95.0.0.0"
::ffff:192.168.0.103 - - [14/Nov/2023:13:59:50 +0000] "GET /templates/empty.html HTTP/1.1" 304 - "http://192.168.0.102:5656/renderer/" "Mozilla/5.0 (Windows NT 6.1; WOW64) AppleWebKit/537.36 (KHTML, like Gecko) Chrome/109.0.0.0 Safari/537.36 OPR/95.0.0.0"
::ffff:192.168.0.103 - - [14/Nov/2023:13:59:50 +0000] "GET /templates/empty.html HTTP/1.1" 304 - "http://192.168.0.102:5656/renderer/" "Mozilla/5.0 (Windows NT 6.1; WOW64) AppleWebKit/537.36 (KHTML, like Gecko) Chrome/109.0.0.0 Safari/537.36 OPR/95.0.0.0"
::ffff:192.168.0.103 - - [14/Nov/2023:13:59:50 +0000] "GET /templates/empty.html HTTP/1.1" 304 - "http://192.168.0.102:5656/renderer/" "Mozilla/5.0 (Windows NT 6.1; WOW64) AppleWebKit/537.36 (KHTML, like Gecko) Chrome/109.0.0.0 Safari/537.36 OPR/95.0.0.0"
::ffff:192.168.0.103 - - [14/Nov/2023:13:59:50 +0000] "GET /templates/empty.html HTTP/1.1" 304 - "http://192.168.0.102:5656/renderer/" "Mozilla/5.0 (Windows NT 6.1; WOW64) AppleWebKit/537.36 (KHTML, like Gecko) Chrome/109.0.0.0 Safari/537.36 OPR/95.0.0.0"
::ffff:192.168.0.103 - - [14/Nov/2023:13:59:50 +0000] "GET /templates/empty.html HTTP/1.1" 304 - "http://192.168.0.102:5656/renderer/" "Mozilla/5.0 (Windows NT 6.1; WOW64) AppleWebKit/537.36 (KHTML, like Gecko) Chrome/109.0.0.0 Safari/537.36 OPR/95.0.0.0"
::ffff:192.168.0.103 - - [14/Nov/2023:13:59:51 +0000] "GET /templates/empty.html HTTP/1.1" 304 - "http://192.168.0.102:5656/renderer/" "Mozilla/5.0 (Windows NT 6.1; WOW64) AppleWebKit/537.36 (KHTML, like Gecko) Chrome/109.0.0.0 Safari/537.36 OPR/95.0.0.0"
::ffff:192.168.0.103 - - [14/Nov/2023:13:59:51 +0000] "GET /templates/empty.html HTTP/1.1" 304 - "http://192.168.0.102:5656/renderer/" "Mozilla/5.0 (Windows NT 6.1; WOW64) AppleWebKit/537.36 (KHTML, like Gecko) Chrome/109.0.0.0 Safari/537.36 OPR/95.0.0.0"
::ffff:192.168.0.102 - - [14/Nov/2023:13:59:53 +0000] "POST /gc/playout HTTP/1.1" 200 - "http://192.168.0.102:5656/gc/IVC/IVC" "Mozilla/5.0 (Windows NT 10.0; Win64; x64) AppleWebKit/537.36 (KHTML, like Gecko) Chrome/118.0.0.0 Safari/537.36 OPR/104.0.0.0"
::ffff:192.168.0.102 - - [14/Nov/2023:13:59:54 +0000] "POST /gc/playout HTTP/1.1" 200 - "http://192.168.0.102:5656/gc/IVC/IVC" "Mozilla/5.0 (Windows NT 10.0; Win64; x64) AppleWebKit/537.36 (KHTML, like Gecko) Chrome/118.0.0.0 Safari/537.36 OPR/104.0.0.0"
::ffff:192.168.0.102 - - [14/Nov/2023:13:59:55 +0000] "POST /gc/playout HTTP/1.1" 200 - "http://192.168.0.102:5656/gc/IVC/IVC" "Mozilla/5.0 (Windows NT 10.0; Win64; x64) AppleWebKit/537.36 (KHTML, like Gecko) Chrome/118.0.0.0 Safari/537.36 OPR/104.0.0.0"
::ffff:192.168.0.102 - - [14/Nov/2023:13:59:56 +0000] "POST /gc/playout HTTP/1.1" 200 - "http://192.168.0.102:5656/gc/IVC/IVC" "Mozilla/5.0 (Windows NT 10.0; Win64; x64) AppleWebKit/537.36 (KHTML, like Gecko) Chrome/118.0.0.0 Safari/537.36 OPR/104.0.0.0"
::ffff:192.168.0.102 - - [14/Nov/2023:13:59:58 +0000] "POST /gc/playout HTTP/1.1" 200 - "http://192.168.0.102:5656/gc/IVC/IVC" "Mozilla/5.0 (Windows NT 10.0; Win64; x64) AppleWebKit/537.36 (KHTML, like Gecko) Chrome/118.0.0.0 Safari/537.36 OPR/104.0.0.0"
::ffff:192.168.0.102 - - [14/Nov/2023:13:59:58 +0000] "GET /templates//softpix/Template_Pack_1.1/IVC/PROXIMA-TRANSMISION/img/vacio.png HTTP/1.1" 404 213 "http://192.168.0.102:5656/templates//softpix/Template_Pack_1.1/IVC/PROXIMA-TRANSMISION/css/styles.css" "Mozilla/5.0 (Windows NT 10.0; Win64; x64) AppleWebKit/537.36 (KHTML, like Gecko) Chrome/118.0.0.0 Safari/537.36 OPR/104.0.0.0"
::ffff:192.168.0.103 - - [14/Nov/2023:13:59:59 +0000] "GET /templates//softpix/Template_Pack_1.1/IVC/PROXIMA-TRANSMISION/img/vacio.png HTTP/1.1" 404 213 "http://192.168.0.102:5656/templates//softpix/Template_Pack_1.1/IVC/PROXIMA-TRANSMISION/css/styles.css" "Mozilla/5.0 (Windows NT 6.1; WOW64) AppleWebKit/537.36 (KHTML, like Gecko) Chrome/109.0.0.0 Safari/537.36 OPR/95.0.0.0"
::ffff:192.168.0.103 - - [14/Nov/2023:13:59:59 +0000] "GET /templates//softpix/Template_Pack_1.1/IVC/PROXIMA-TRANSMISION/img/vacio.png HTTP/1.1" 404 213 "http://192.168.0.102:5656/templates//softpix/Template_Pack_1.1/IVC/PROXIMA-TRANSMISION/css/styles.css" "Mozilla/5.0 (Windows NT 6.1; WOW64) AppleWebKit/537.36 (KHTML, like Gecko) Chrome/109.0.0.0 Safari/537.36 OPR/95.0.0.0"
::ffff:192.168.0.102 - - [14/Nov/2023:14:00:01 +0000] "POST /gc/playout HTTP/1.1" 200 - "http://192.168.0.102:5656/gc/IVC/IVC" "Mozilla/5.0 (Windows NT 10.0; Win64; x64) AppleWebKit/537.36 (KHTML, like Gecko) Chrome/118.0.0.0 Safari/537.36 OPR/104.0.0.0"
::ffff:192.168.0.102 - - [14/Nov/2023:14:00:02 +0000] "POST /gc/playout HTTP/1.1" 200 - "http://192.168.0.102:5656/gc/IVC/IVC" "Mozilla/5.0 (Windows NT 10.0; Win64; x64) AppleWebKit/537.36 (KHTML, like Gecko) Chrome/118.0.0.0 Safari/537.36 OPR/104.0.0.0"
::ffff:192.168.0.102 - - [14/Nov/2023:14:00:04 +0000] "POST /gc/playout HTTP/1.1" 200 - "http://192.168.0.102:5656/gc/IVC/IVC" "Mozilla/5.0 (Windows NT 10.0; Win64; x64) AppleWebKit/537.36 (KHTML, like Gecko) Chrome/118.0.0.0 Safari/537.36 OPR/104.0.0.0"
::ffff:192.168.0.102 - - [14/Nov/2023:14:00:05 +0000] "POST /gc/playout HTTP/1.1" 200 - "http://192.168.0.102:5656/gc/IVC/IVC" "Mozilla/5.0 (Windows NT 10.0; Win64; x64) AppleWebKit/537.36 (KHTML, like Gecko) Chrome/118.0.0.0 Safari/537.36 OPR/104.0.0.0"
::ffff:192.168.0.102 - - [14/Nov/2023:14:00:28 +0000] "POST /gc/saveConfigChanges HTTP/1.1" 200 18 "http://192.168.0.102:5656/gc/IVC/IVC" "Mozilla/5.0 (Windows NT 10.0; Win64; x64) AppleWebKit/537.36 (KHTML, like Gecko) Chrome/118.0.0.0 Safari/537.36 OPR/104.0.0.0"
::ffff:192.168.0.103 - - [14/Nov/2023:14:00:28 +0000] "GET /renderwindow/program HTTP/1.1" 304 - "-" "Mozilla/5.0 (Windows NT 6.1; WOW64) AppleWebKit/537.36 (KHTML, like Gecko) Chrome/109.0.0.0 Safari/537.36 OPR/95.0.0.0"
::ffff:192.168.0.102 - - [14/Nov/2023:14:00:28 +0000] "GET /renderer/ HTTP/1.1" 304 - "http://192.168.0.102:5656/gc/IVC/IVC" "Mozilla/5.0 (Windows NT 10.0; Win64; x64) AppleWebKit/537.36 (KHTML, like Gecko) Chrome/118.0.0.0 Safari/537.36 OPR/104.0.0.0"
::ffff:192.168.0.102 - - [14/Nov/2023:14:00:28 +0000] "GET /renderer/js/socket.io.js HTTP/1.1" 304 - "http://192.168.0.102:5656/renderer/" "Mozilla/5.0 (Windows NT 10.0; Win64; x64) AppleWebKit/537.36 (KHTML, like Gecko) Chrome/118.0.0.0 Safari/537.36 OPR/104.0.0.0"
::ffff:192.168.0.102 - - [14/Nov/2023:14:00:28 +0000] "GET /templates/empty.html HTTP/1.1" 304 - "http://192.168.0.102:5656/renderer/" "Mozilla/5.0 (Windows NT 10.0; Win64; x64) AppleWebKit/537.36 (KHTML, like Gecko) Chrome/118.0.0.0 Safari/537.36 OPR/104.0.0.0"
::ffff:192.168.0.103 - - [14/Nov/2023:14:00:28 +0000] "GET /css/spx_renderpopups.css HTTP/1.1" 304 - "http://192.168.0.102:5656/renderwindow/program" "Mozilla/5.0 (Windows NT 6.1; WOW64) AppleWebKit/537.36 (KHTML, like Gecko) Chrome/109.0.0.0 Safari/537.36 OPR/95.0.0.0"
::ffff:192.168.0.102 - - [14/Nov/2023:14:00:28 +0000] "GET /templates/empty.html HTTP/1.1" 304 - "http://192.168.0.102:5656/renderer/" "Mozilla/5.0 (Windows NT 10.0; Win64; x64) AppleWebKit/537.36 (KHTML, like Gecko) Chrome/118.0.0.0 Safari/537.36 OPR/104.0.0.0"
::ffff:192.168.0.103 - - [14/Nov/2023:14:00:28 +0000] "GET /js/socket.io.js HTTP/1.1" 304 - "http://192.168.0.102:5656/renderwindow/program" "Mozilla/5.0 (Windows NT 6.1; WOW64) AppleWebKit/537.36 (KHTML, like Gecko) Chrome/109.0.0.0 Safari/537.36 OPR/95.0.0.0"
::ffff:192.168.0.102 - - [14/Nov/2023:14:00:28 +0000] "GET /templates/empty.html HTTP/1.1" 304 - "http://192.168.0.102:5656/renderer/" "Mozilla/5.0 (Windows NT 10.0; Win64; x64) AppleWebKit/537.36 (KHTML, like Gecko) Chrome/118.0.0.0 Safari/537.36 OPR/104.0.0.0"
::ffff:192.168.0.102 - - [14/Nov/2023:14:00:28 +0000] "GET /templates/empty.html HTTP/1.1" 304 - "http://192.168.0.102:5656/renderer/" "Mozilla/5.0 (Windows NT 10.0; Win64; x64) AppleWebKit/537.36 (KHTML, like Gecko) Chrome/118.0.0.0 Safari/537.36 OPR/104.0.0.0"
::ffff:192.168.0.102 - - [14/Nov/2023:14:00:28 +0000] "GET /templates/empty.html HTTP/1.1" 304 - "http://192.168.0.102:5656/renderer/" "Mozilla/5.0 (Windows NT 10.0; Win64; x64) AppleWebKit/537.36 (KHTML, like Gecko) Chrome/118.0.0.0 Safari/537.36 OPR/104.0.0.0"
::ffff:192.168.0.102 - - [14/Nov/2023:14:00:28 +0000] "GET /templates/empty.html HTTP/1.1" 304 - "http://192.168.0.102:5656/renderer/" "Mozilla/5.0 (Windows NT 10.0; Win64; x64) AppleWebKit/537.36 (KHTML, like Gecko) Chrome/118.0.0.0 Safari/537.36 OPR/104.0.0.0"
::ffff:192.168.0.102 - - [14/Nov/2023:14:00:28 +0000] "GET /templates/empty.html HTTP/1.1" 304 - "http://192.168.0.102:5656/renderer/" "Mozilla/5.0 (Windows NT 10.0; Win64; x64) AppleWebKit/537.36 (KHTML, like Gecko) Chrome/118.0.0.0 Safari/537.36 OPR/104.0.0.0"
::ffff:192.168.0.102 - - [14/Nov/2023:14:00:28 +0000] "GET /templates/empty.html HTTP/1.1" 304 - "http://192.168.0.102:5656/renderer/" "Mozilla/5.0 (Windows NT 10.0; Win64; x64) AppleWebKit/537.36 (KHTML, like Gecko) Chrome/118.0.0.0 Safari/537.36 OPR/104.0.0.0"
::ffff:192.168.0.103 - - [14/Nov/2023:14:00:28 +0000] "GET /img/spx_program.png HTTP/1.1" 304 - "http://192.168.0.102:5656/css/spx_renderpopups.css" "Mozilla/5.0 (Windows NT 6.1; WOW64) AppleWebKit/537.36 (KHTML, like Gecko) Chrome/109.0.0.0 Safari/537.36 OPR/95.0.0.0"
::ffff:192.168.0.103 - - [14/Nov/2023:14:00:28 +0000] "GET /img/checker60.png HTTP/1.1" 304 - "http://192.168.0.102:5656/css/spx_renderpopups.css" "Mozilla/5.0 (Windows NT 6.1; WOW64) AppleWebKit/537.36 (KHTML, like Gecko) Chrome/109.0.0.0 Safari/537.36 OPR/95.0.0.0"
::ffff:192.168.0.102 - - [14/Nov/2023:14:00:28 +0000] "GET /templates/empty.html HTTP/1.1" 304 - "http://192.168.0.102:5656/renderer/" "Mozilla/5.0 (Windows NT 10.0; Win64; x64) AppleWebKit/537.36 (KHTML, like Gecko) Chrome/118.0.0.0 Safari/537.36 OPR/104.0.0.0"
::ffff:192.168.0.102 - - [14/Nov/2023:14:00:28 +0000] "GET /templates/empty.html HTTP/1.1" 304 - "http://192.168.0.102:5656/renderer/" "Mozilla/5.0 (Windows NT 10.0; Win64; x64) AppleWebKit/537.36 (KHTML, like Gecko) Chrome/118.0.0.0 Safari/537.36 OPR/104.0.0.0"
::ffff:192.168.0.103 - - [14/Nov/2023:14:00:28 +0000] "GET /renderer/ HTTP/1.1" 304 - "http://192.168.0.102:5656/renderwindow/program" "Mozilla/5.0 (Windows NT 6.1; WOW64) AppleWebKit/537.36 (KHTML, like Gecko) Chrome/109.0.0.0 Safari/537.36 OPR/95.0.0.0"
::ffff:192.168.0.102 - - [14/Nov/2023:14:00:29 +0000] "GET /templates/empty.html HTTP/1.1" 304 - "http://192.168.0.102:5656/renderer/" "Mozilla/5.0 (Windows NT 10.0; Win64; x64) AppleWebKit/537.36 (KHTML, like Gecko) Chrome/118.0.0.0 Safari/537.36 OPR/104.0.0.0"
::ffff:192.168.0.102 - - [14/Nov/2023:14:00:29 +0000] "GET /templates/empty.html HTTP/1.1" 304 - "http://192.168.0.102:5656/renderer/" "Mozilla/5.0 (Windows NT 10.0; Win64; x64) AppleWebKit/537.36 (KHTML, like Gecko) Chrome/118.0.0.0 Safari/537.36 OPR/104.0.0.0"
::ffff:192.168.0.102 - - [14/Nov/2023:14:00:29 +0000] "GET /templates/empty.html HTTP/1.1" 304 - "http://192.168.0.102:5656/renderer/" "Mozilla/5.0 (Windows NT 10.0; Win64; x64) AppleWebKit/537.36 (KHTML, like Gecko) Chrome/118.0.0.0 Safari/537.36 OPR/104.0.0.0"
::ffff:192.168.0.102 - - [14/Nov/2023:14:00:29 +0000] "GET /templates/empty.html HTTP/1.1" 304 - "http://192.168.0.102:5656/renderer/" "Mozilla/5.0 (Windows NT 10.0; Win64; x64) AppleWebKit/537.36 (KHTML, like Gecko) Chrome/118.0.0.0 Safari/537.36 OPR/104.0.0.0"
::ffff:192.168.0.102 - - [14/Nov/2023:14:00:29 +0000] "GET /templates/empty.html HTTP/1.1" 304 - "http://192.168.0.102:5656/renderer/" "Mozilla/5.0 (Windows NT 10.0; Win64; x64) AppleWebKit/537.36 (KHTML, like Gecko) Chrome/118.0.0.0 Safari/537.36 OPR/104.0.0.0"
::ffff:192.168.0.102 - - [14/Nov/2023:14:00:29 +0000] "GET /templates/empty.html HTTP/1.1" 304 - "http://192.168.0.102:5656/renderer/" "Mozilla/5.0 (Windows NT 10.0; Win64; x64) AppleWebKit/537.36 (KHTML, like Gecko) Chrome/118.0.0.0 Safari/537.36 OPR/104.0.0.0"
::ffff:192.168.0.102 - - [14/Nov/2023:14:00:29 +0000] "GET /templates/empty.html HTTP/1.1" 304 - "http://192.168.0.102:5656/renderer/" "Mozilla/5.0 (Windows NT 10.0; Win64; x64) AppleWebKit/537.36 (KHTML, like Gecko) Chrome/118.0.0.0 Safari/537.36 OPR/104.0.0.0"
::ffff:192.168.0.102 - - [14/Nov/2023:14:00:29 +0000] "GET /templates/empty.html HTTP/1.1" 304 - "http://192.168.0.102:5656/renderer/" "Mozilla/5.0 (Windows NT 10.0; Win64; x64) AppleWebKit/537.36 (KHTML, like Gecko) Chrome/118.0.0.0 Safari/537.36 OPR/104.0.0.0"
::ffff:192.168.0.103 - - [14/Nov/2023:14:00:29 +0000] "GET /renderer/js/socket.io.js HTTP/1.1" 304 - "http://192.168.0.102:5656/renderer/" "Mozilla/5.0 (Windows NT 6.1; WOW64) AppleWebKit/537.36 (KHTML, like Gecko) Chrome/109.0.0.0 Safari/537.36 OPR/95.0.0.0"
::ffff:192.168.0.102 - - [14/Nov/2023:14:00:29 +0000] "GET /templates/empty.html HTTP/1.1" 304 - "http://192.168.0.102:5656/renderer/" "Mozilla/5.0 (Windows NT 10.0; Win64; x64) AppleWebKit/537.36 (KHTML, like Gecko) Chrome/118.0.0.0 Safari/537.36 OPR/104.0.0.0"
::ffff:192.168.0.102 - - [14/Nov/2023:14:00:29 +0000] "GET /templates/empty.html HTTP/1.1" 304 - "http://192.168.0.102:5656/renderer/" "Mozilla/5.0 (Windows NT 10.0; Win64; x64) AppleWebKit/537.36 (KHTML, like Gecko) Chrome/118.0.0.0 Safari/537.36 OPR/104.0.0.0"
::ffff:192.168.0.103 - - [14/Nov/2023:14:00:29 +0000] "GET /templates/empty.html HTTP/1.1" 304 - "http://192.168.0.102:5656/renderer/" "Mozilla/5.0 (Windows NT 6.1; WOW64) AppleWebKit/537.36 (KHTML, like Gecko) Chrome/109.0.0.0 Safari/537.36 OPR/95.0.0.0"
::ffff:192.168.0.103 - - [14/Nov/2023:14:00:29 +0000] "GET /templates/empty.html HTTP/1.1" 304 - "http://192.168.0.102:5656/renderer/" "Mozilla/5.0 (Windows NT 6.1; WOW64) AppleWebKit/537.36 (KHTML, like Gecko) Chrome/109.0.0.0 Safari/537.36 OPR/95.0.0.0"
::ffff:192.168.0.103 - - [14/Nov/2023:14:00:29 +0000] "GET /templates/empty.html HTTP/1.1" 304 - "http://192.168.0.102:5656/renderer/" "Mozilla/5.0 (Windows NT 6.1; WOW64) AppleWebKit/537.36 (KHTML, like Gecko) Chrome/109.0.0.0 Safari/537.36 OPR/95.0.0.0"
::ffff:192.168.0.103 - - [14/Nov/2023:14:00:29 +0000] "GET /templates/empty.html HTTP/1.1" 304 - "http://192.168.0.102:5656/renderer/" "Mozilla/5.0 (Windows NT 6.1; WOW64) AppleWebKit/537.36 (KHTML, like Gecko) Chrome/109.0.0.0 Safari/537.36 OPR/95.0.0.0"
::ffff:192.168.0.103 - - [14/Nov/2023:14:00:29 +0000] "GET /templates/empty.html HTTP/1.1" 304 - "http://192.168.0.102:5656/renderer/" "Mozilla/5.0 (Windows NT 6.1; WOW64) AppleWebKit/537.36 (KHTML, like Gecko) Chrome/109.0.0.0 Safari/537.36 OPR/95.0.0.0"
::ffff:192.168.0.103 - - [14/Nov/2023:14:00:29 +0000] "GET /templates/empty.html HTTP/1.1" 304 - "http://192.168.0.102:5656/renderer/" "Mozilla/5.0 (Windows NT 6.1; WOW64) AppleWebKit/537.36 (KHTML, like Gecko) Chrome/109.0.0.0 Safari/537.36 OPR/95.0.0.0"
::ffff:192.168.0.103 - - [14/Nov/2023:14:00:29 +0000] "GET /templates/empty.html HTTP/1.1" 304 - "http://192.168.0.102:5656/renderer/" "Mozilla/5.0 (Windows NT 6.1; WOW64) AppleWebKit/537.36 (KHTML, like Gecko) Chrome/109.0.0.0 Safari/537.36 OPR/95.0.0.0"
::ffff:192.168.0.103 - - [14/Nov/2023:14:00:29 +0000] "GET /templates/empty.html HTTP/1.1" 304 - "http://192.168.0.102:5656/renderer/" "Mozilla/5.0 (Windows NT 6.1; WOW64) AppleWebKit/537.36 (KHTML, like Gecko) Chrome/109.0.0.0 Safari/537.36 OPR/95.0.0.0"
::ffff:192.168.0.103 - - [14/Nov/2023:14:00:29 +0000] "GET /templates/empty.html HTTP/1.1" 304 - "http://192.168.0.102:5656/renderer/" "Mozilla/5.0 (Windows NT 6.1; WOW64) AppleWebKit/537.36 (KHTML, like Gecko) Chrome/109.0.0.0 Safari/537.36 OPR/95.0.0.0"
::ffff:192.168.0.103 - - [14/Nov/2023:14:00:29 +0000] "GET /templates/empty.html HTTP/1.1" 304 - "http://192.168.0.102:5656/renderer/" "Mozilla/5.0 (Windows NT 6.1; WOW64) AppleWebKit/537.36 (KHTML, like Gecko) Chrome/109.0.0.0 Safari/537.36 OPR/95.0.0.0"
::ffff:192.168.0.103 - - [14/Nov/2023:14:00:29 +0000] "GET /templates/empty.html HTTP/1.1" 304 - "http://192.168.0.102:5656/renderer/" "Mozilla/5.0 (Windows NT 6.1; WOW64) AppleWebKit/537.36 (KHTML, like Gecko) Chrome/109.0.0.0 Safari/537.36 OPR/95.0.0.0"
::ffff:192.168.0.103 - - [14/Nov/2023:14:00:29 +0000] "GET /templates/empty.html HTTP/1.1" 304 - "http://192.168.0.102:5656/renderer/" "Mozilla/5.0 (Windows NT 6.1; WOW64) AppleWebKit/537.36 (KHTML, like Gecko) Chrome/109.0.0.0 Safari/537.36 OPR/95.0.0.0"
::ffff:192.168.0.103 - - [14/Nov/2023:14:00:29 +0000] "GET /templates/empty.html HTTP/1.1" 304 - "http://192.168.0.102:5656/renderer/" "Mozilla/5.0 (Windows NT 6.1; WOW64) AppleWebKit/537.36 (KHTML, like Gecko) Chrome/109.0.0.0 Safari/537.36 OPR/95.0.0.0"
::ffff:192.168.0.103 - - [14/Nov/2023:14:00:29 +0000] "GET /templates/empty.html HTTP/1.1" 304 - "http://192.168.0.102:5656/renderer/" "Mozilla/5.0 (Windows NT 6.1; WOW64) AppleWebKit/537.36 (KHTML, like Gecko) Chrome/109.0.0.0 Safari/537.36 OPR/95.0.0.0"
::ffff:192.168.0.103 - - [14/Nov/2023:14:00:29 +0000] "GET /templates/empty.html HTTP/1.1" 304 - "http://192.168.0.102:5656/renderer/" "Mozilla/5.0 (Windows NT 6.1; WOW64) AppleWebKit/537.36 (KHTML, like Gecko) Chrome/109.0.0.0 Safari/537.36 OPR/95.0.0.0"
::ffff:192.168.0.103 - - [14/Nov/2023:14:00:29 +0000] "GET /templates/empty.html HTTP/1.1" 304 - "http://192.168.0.102:5656/renderer/" "Mozilla/5.0 (Windows NT 6.1; WOW64) AppleWebKit/537.36 (KHTML, like Gecko) Chrome/109.0.0.0 Safari/537.36 OPR/95.0.0.0"
::ffff:192.168.0.103 - - [14/Nov/2023:14:00:29 +0000] "GET /templates/empty.html HTTP/1.1" 304 - "http://192.168.0.102:5656/renderer/" "Mozilla/5.0 (Windows NT 6.1; WOW64) AppleWebKit/537.36 (KHTML, like Gecko) Chrome/109.0.0.0 Safari/537.36 OPR/95.0.0.0"
::ffff:192.168.0.103 - - [14/Nov/2023:14:00:29 +0000] "GET /templates/empty.html HTTP/1.1" 304 - "http://192.168.0.102:5656/renderer/" "Mozilla/5.0 (Windows NT 6.1; WOW64) AppleWebKit/537.36 (KHTML, like Gecko) Chrome/109.0.0.0 Safari/537.36 OPR/95.0.0.0"
::ffff:192.168.0.103 - - [14/Nov/2023:14:00:29 +0000] "GET /templates/empty.html HTTP/1.1" 304 - "http://192.168.0.102:5656/renderer/" "Mozilla/5.0 (Windows NT 6.1; WOW64) AppleWebKit/537.36 (KHTML, like Gecko) Chrome/109.0.0.0 Safari/537.36 OPR/95.0.0.0"
::ffff:192.168.0.103 - - [14/Nov/2023:14:00:29 +0000] "GET /templates/empty.html HTTP/1.1" 304 - "http://192.168.0.102:5656/renderer/" "Mozilla/5.0 (Windows NT 6.1; WOW64) AppleWebKit/537.36 (KHTML, like Gecko) Chrome/109.0.0.0 Safari/537.36 OPR/95.0.0.0"
::ffff:192.168.0.103 - - [14/Nov/2023:14:00:30 +0000] "GET /favicon.ico HTTP/1.1" 200 1150 "http://192.168.0.102:5656/renderwindow/program" "Mozilla/5.0 (Windows NT 6.1; WOW64) AppleWebKit/537.36 (KHTML, like Gecko) Chrome/109.0.0.0 Safari/537.36 OPR/95.0.0.0"
::ffff:192.168.0.102 - - [14/Nov/2023:14:00:34 +0000] "POST /gc/playout HTTP/1.1" 200 - "http://192.168.0.102:5656/gc/IVC/IVC" "Mozilla/5.0 (Windows NT 10.0; Win64; x64) AppleWebKit/537.36 (KHTML, like Gecko) Chrome/118.0.0.0 Safari/537.36 OPR/104.0.0.0"
::ffff:192.168.0.102 - - [14/Nov/2023:14:00:34 +0000] "POST /gc/playout HTTP/1.1" 200 - "http://192.168.0.102:5656/gc/IVC/IVC" "Mozilla/5.0 (Windows NT 10.0; Win64; x64) AppleWebKit/537.36 (KHTML, like Gecko) Chrome/118.0.0.0 Safari/537.36 OPR/104.0.0.0"
::ffff:192.168.0.102 - - [14/Nov/2023:14:00:34 +0000] "POST /gc/playout HTTP/1.1" 200 - "http://192.168.0.102:5656/gc/IVC/IVC" "Mozilla/5.0 (Windows NT 10.0; Win64; x64) AppleWebKit/537.36 (KHTML, like Gecko) Chrome/118.0.0.0 Safari/537.36 OPR/104.0.0.0"
::ffff:192.168.0.102 - - [14/Nov/2023:14:00:34 +0000] "POST /gc/playout HTTP/1.1" 200 - "http://192.168.0.102:5656/gc/IVC/IVC" "Mozilla/5.0 (Windows NT 10.0; Win64; x64) AppleWebKit/537.36 (KHTML, like Gecko) Chrome/118.0.0.0 Safari/537.36 OPR/104.0.0.0"
::ffff:192.168.0.102 - - [14/Nov/2023:14:00:34 +0000] "POST /gc/playout HTTP/1.1" 200 - "http://192.168.0.102:5656/gc/IVC/IVC" "Mozilla/5.0 (Windows NT 10.0; Win64; x64) AppleWebKit/537.36 (KHTML, like Gecko) Chrome/118.0.0.0 Safari/537.36 OPR/104.0.0.0"
::ffff:192.168.0.102 - - [14/Nov/2023:14:00:34 +0000] "POST /gc/playout HTTP/1.1" 200 - "http://192.168.0.102:5656/gc/IVC/IVC" "Mozilla/5.0 (Windows NT 10.0; Win64; x64) AppleWebKit/537.36 (KHTML, like Gecko) Chrome/118.0.0.0 Safari/537.36 OPR/104.0.0.0"
::ffff:192.168.0.102 - - [14/Nov/2023:14:00:34 +0000] "POST /gc/playout HTTP/1.1" 200 - "http://192.168.0.102:5656/gc/IVC/IVC" "Mozilla/5.0 (Windows NT 10.0; Win64; x64) AppleWebKit/537.36 (KHTML, like Gecko) Chrome/118.0.0.0 Safari/537.36 OPR/104.0.0.0"
::ffff:192.168.0.102 - - [14/Nov/2023:14:00:34 +0000] "POST /gc/playout HTTP/1.1" 200 - "http://192.168.0.102:5656/gc/IVC/IVC" "Mozilla/5.0 (Windows NT 10.0; Win64; x64) AppleWebKit/537.36 (KHTML, like Gecko) Chrome/118.0.0.0 Safari/537.36 OPR/104.0.0.0"
::ffff:192.168.0.102 - - [14/Nov/2023:14:00:34 +0000] "POST /gc/playout HTTP/1.1" 200 - "http://192.168.0.102:5656/gc/IVC/IVC" "Mozilla/5.0 (Windows NT 10.0; Win64; x64) AppleWebKit/537.36 (KHTML, like Gecko) Chrome/118.0.0.0 Safari/537.36 OPR/104.0.0.0"
::ffff:192.168.0.102 - - [14/Nov/2023:14:00:37 +0000] "POST /gc/playout HTTP/1.1" 200 - "http://192.168.0.102:5656/gc/IVC/IVC" "Mozilla/5.0 (Windows NT 10.0; Win64; x64) AppleWebKit/537.36 (KHTML, like Gecko) Chrome/118.0.0.0 Safari/537.36 OPR/104.0.0.0"
::ffff:192.168.0.102 - - [14/Nov/2023:14:00:38 +0000] "POST /gc/playout HTTP/1.1" 200 - "http://192.168.0.102:5656/gc/IVC/IVC" "Mozilla/5.0 (Windows NT 10.0; Win64; x64) AppleWebKit/537.36 (KHTML, like Gecko) Chrome/118.0.0.0 Safari/537.36 OPR/104.0.0.0"
::ffff:192.168.0.102 - - [14/Nov/2023:14:00:39 +0000] "POST /gc/playout HTTP/1.1" 200 - "http://192.168.0.102:5656/gc/IVC/IVC" "Mozilla/5.0 (Windows NT 10.0; Win64; x64) AppleWebKit/537.36 (KHTML, like Gecko) Chrome/118.0.0.0 Safari/537.36 OPR/104.0.0.0"
::ffff:192.168.0.102 - - [14/Nov/2023:14:00:39 +0000] "POST /gc/playout HTTP/1.1" 200 - "http://192.168.0.102:5656/gc/IVC/IVC" "Mozilla/5.0 (Windows NT 10.0; Win64; x64) AppleWebKit/537.36 (KHTML, like Gecko) Chrome/118.0.0.0 Safari/537.36 OPR/104.0.0.0"
::ffff:192.168.0.102 - - [14/Nov/2023:14:00:39 +0000] "GET /templates//softpix/Template_Pack_1.1/IVC/PROXIMA-TRANSMISION/img/vacio.png HTTP/1.1" 404 213 "http://192.168.0.102:5656/templates//softpix/Template_Pack_1.1/IVC/PROXIMA-TRANSMISION/css/styles.css" "Mozilla/5.0 (Windows NT 10.0; Win64; x64) AppleWebKit/537.36 (KHTML, like Gecko) Chrome/118.0.0.0 Safari/537.36 OPR/104.0.0.0"
::ffff:192.168.0.103 - - [14/Nov/2023:14:00:39 +0000] "GET /templates//softpix/Template_Pack_1.1/IVC/PROXIMA-TRANSMISION/img/vacio.png HTTP/1.1" 404 213 "http://192.168.0.102:5656/templates//softpix/Template_Pack_1.1/IVC/PROXIMA-TRANSMISION/css/styles.css" "Mozilla/5.0 (Windows NT 6.1; WOW64) AppleWebKit/537.36 (KHTML, like Gecko) Chrome/109.0.0.0 Safari/537.36 OPR/95.0.0.0"
::ffff:192.168.0.103 - - [14/Nov/2023:14:00:40 +0000] "GET /templates//softpix/Template_Pack_1.1/IVC/PROXIMA-TRANSMISION/img/vacio.png HTTP/1.1" 404 213 "http://192.168.0.102:5656/templates//softpix/Template_Pack_1.1/IVC/PROXIMA-TRANSMISION/css/styles.css" "Mozilla/5.0 (Windows NT 6.1; WOW64) AppleWebKit/537.36 (KHTML, like Gecko) Chrome/109.0.0.0 Safari/537.36 OPR/95.0.0.0"
::ffff:192.168.0.102 - - [14/Nov/2023:14:00:54 +0000] "POST /gc/playout HTTP/1.1" 200 - "http://192.168.0.102:5656/gc/IVC/IVC" "Mozilla/5.0 (Windows NT 10.0; Win64; x64) AppleWebKit/537.36 (KHTML, like Gecko) Chrome/118.0.0.0 Safari/537.36 OPR/104.0.0.0"
::ffff:192.168.0.102 - - [14/Nov/2023:14:00:55 +0000] "POST /gc/playout HTTP/1.1" 200 - "http://192.168.0.102:5656/gc/IVC/IVC" "Mozilla/5.0 (Windows NT 10.0; Win64; x64) AppleWebKit/537.36 (KHTML, like Gecko) Chrome/118.0.0.0 Safari/537.36 OPR/104.0.0.0"
::ffff:192.168.0.102 - - [14/Nov/2023:14:00:55 +0000] "GET /templates//softpix/Template_Pack_1.1/IVC/PROXIMA-TRANSMISION/img/vacio.png HTTP/1.1" 404 213 "http://192.168.0.102:5656/templates//softpix/Template_Pack_1.1/IVC/PROXIMA-TRANSMISION/css/styles.css" "Mozilla/5.0 (Windows NT 10.0; Win64; x64) AppleWebKit/537.36 (KHTML, like Gecko) Chrome/118.0.0.0 Safari/537.36 OPR/104.0.0.0"
::ffff:192.168.0.103 - - [14/Nov/2023:14:00:55 +0000] "GET /templates//softpix/Template_Pack_1.1/IVC/PROXIMA-TRANSMISION/img/vacio.png HTTP/1.1" 404 213 "http://192.168.0.102:5656/templates//softpix/Template_Pack_1.1/IVC/PROXIMA-TRANSMISION/css/styles.css" "Mozilla/5.0 (Windows NT 6.1; WOW64) AppleWebKit/537.36 (KHTML, like Gecko) Chrome/109.0.0.0 Safari/537.36 OPR/95.0.0.0"
::ffff:192.168.0.103 - - [14/Nov/2023:14:00:56 +0000] "GET /templates//softpix/Template_Pack_1.1/IVC/PROXIMA-TRANSMISION/img/vacio.png HTTP/1.1" 404 213 "http://192.168.0.102:5656/templates//softpix/Template_Pack_1.1/IVC/PROXIMA-TRANSMISION/css/styles.css" "Mozilla/5.0 (Windows NT 6.1; WOW64) AppleWebKit/537.36 (KHTML, like Gecko) Chrome/109.0.0.0 Safari/537.36 OPR/95.0.0.0"
::ffff:192.168.0.102 - - [14/Nov/2023:14:01:05 +0000] "POST /gc/playout HTTP/1.1" 200 - "http://192.168.0.102:5656/gc/IVC/IVC" "Mozilla/5.0 (Windows NT 10.0; Win64; x64) AppleWebKit/537.36 (KHTML, like Gecko) Chrome/118.0.0.0 Safari/537.36 OPR/104.0.0.0"
::ffff:192.168.0.102 - - [14/Nov/2023:14:01:06 +0000] "POST /gc/playout HTTP/1.1" 200 - "http://192.168.0.102:5656/gc/IVC/IVC" "Mozilla/5.0 (Windows NT 10.0; Win64; x64) AppleWebKit/537.36 (KHTML, like Gecko) Chrome/118.0.0.0 Safari/537.36 OPR/104.0.0.0"
::ffff:192.168.0.102 - - [14/Nov/2023:14:01:07 +0000] "GET /templates//softpix/Template_Pack_1.1/IVC/PROXIMA-TRANSMISION/img/vacio.png HTTP/1.1" 404 213 "http://192.168.0.102:5656/templates//softpix/Template_Pack_1.1/IVC/PROXIMA-TRANSMISION/css/styles.css" "Mozilla/5.0 (Windows NT 10.0; Win64; x64) AppleWebKit/537.36 (KHTML, like Gecko) Chrome/118.0.0.0 Safari/537.36 OPR/104.0.0.0"
::ffff:192.168.0.103 - - [14/Nov/2023:14:01:07 +0000] "GET /templates//softpix/Template_Pack_1.1/IVC/PROXIMA-TRANSMISION/img/vacio.png HTTP/1.1" 404 213 "http://192.168.0.102:5656/templates//softpix/Template_Pack_1.1/IVC/PROXIMA-TRANSMISION/css/styles.css" "Mozilla/5.0 (Windows NT 6.1; WOW64) AppleWebKit/537.36 (KHTML, like Gecko) Chrome/109.0.0.0 Safari/537.36 OPR/95.0.0.0"
::ffff:192.168.0.103 - - [14/Nov/2023:14:01:07 +0000] "GET /templates//softpix/Template_Pack_1.1/IVC/PROXIMA-TRANSMISION/img/vacio.png HTTP/1.1" 404 213 "http://192.168.0.102:5656/templates//softpix/Template_Pack_1.1/IVC/PROXIMA-TRANSMISION/css/styles.css" "Mozilla/5.0 (Windows NT 6.1; WOW64) AppleWebKit/537.36 (KHTML, like Gecko) Chrome/109.0.0.0 Safari/537.36 OPR/95.0.0.0"
::ffff:192.168.0.102 - - [14/Nov/2023:14:01:30 +0000] "POST /gc/playout HTTP/1.1" 200 - "http://192.168.0.102:5656/gc/IVC/IVC" "Mozilla/5.0 (Windows NT 10.0; Win64; x64) AppleWebKit/537.36 (KHTML, like Gecko) Chrome/118.0.0.0 Safari/537.36 OPR/104.0.0.0"
::ffff:192.168.0.102 - - [14/Nov/2023:14:01:31 +0000] "POST /gc/playout HTTP/1.1" 200 - "http://192.168.0.102:5656/gc/IVC/IVC" "Mozilla/5.0 (Windows NT 10.0; Win64; x64) AppleWebKit/537.36 (KHTML, like Gecko) Chrome/118.0.0.0 Safari/537.36 OPR/104.0.0.0"
::ffff:192.168.0.102 - - [14/Nov/2023:14:01:32 +0000] "GET /templates//softpix/Template_Pack_1.1/IVC/PROXIMA-TRANSMISION/img/vacio.png HTTP/1.1" 404 213 "http://192.168.0.102:5656/templates//softpix/Template_Pack_1.1/IVC/PROXIMA-TRANSMISION/css/styles.css" "Mozilla/5.0 (Windows NT 10.0; Win64; x64) AppleWebKit/537.36 (KHTML, like Gecko) Chrome/118.0.0.0 Safari/537.36 OPR/104.0.0.0"
::ffff:192.168.0.103 - - [14/Nov/2023:14:01:32 +0000] "GET /templates//softpix/Template_Pack_1.1/IVC/PROXIMA-TRANSMISION/img/vacio.png HTTP/1.1" 404 213 "http://192.168.0.102:5656/templates//softpix/Template_Pack_1.1/IVC/PROXIMA-TRANSMISION/css/styles.css" "Mozilla/5.0 (Windows NT 6.1; WOW64) AppleWebKit/537.36 (KHTML, like Gecko) Chrome/109.0.0.0 Safari/537.36 OPR/95.0.0.0"
::ffff:192.168.0.103 - - [14/Nov/2023:14:01:32 +0000] "GET /templates//softpix/Template_Pack_1.1/IVC/PROXIMA-TRANSMISION/img/vacio.png HTTP/1.1" 404 213 "http://192.168.0.102:5656/templates//softpix/Template_Pack_1.1/IVC/PROXIMA-TRANSMISION/css/styles.css" "Mozilla/5.0 (Windows NT 6.1; WOW64) AppleWebKit/537.36 (KHTML, like Gecko) Chrome/109.0.0.0 Safari/537.36 OPR/95.0.0.0"
::ffff:192.168.0.102 - - [14/Nov/2023:14:01:43 +0000] "POST /gc/playout HTTP/1.1" 200 - "http://192.168.0.102:5656/gc/IVC/IVC" "Mozilla/5.0 (Windows NT 10.0; Win64; x64) AppleWebKit/537.36 (KHTML, like Gecko) Chrome/118.0.0.0 Safari/537.36 OPR/104.0.0.0"
::ffff:192.168.0.102 - - [14/Nov/2023:14:01:44 +0000] "POST /gc/playout HTTP/1.1" 200 - "http://192.168.0.102:5656/gc/IVC/IVC" "Mozilla/5.0 (Windows NT 10.0; Win64; x64) AppleWebKit/537.36 (KHTML, like Gecko) Chrome/118.0.0.0 Safari/537.36 OPR/104.0.0.0"
::ffff:192.168.0.102 - - [14/Nov/2023:14:01:45 +0000] "GET /templates//softpix/Template_Pack_1.1/IVC/PROXIMA-TRANSMISION/img/vacio.png HTTP/1.1" 404 213 "http://192.168.0.102:5656/templates//softpix/Template_Pack_1.1/IVC/PROXIMA-TRANSMISION/css/styles.css" "Mozilla/5.0 (Windows NT 10.0; Win64; x64) AppleWebKit/537.36 (KHTML, like Gecko) Chrome/118.0.0.0 Safari/537.36 OPR/104.0.0.0"
::ffff:192.168.0.103 - - [14/Nov/2023:14:01:45 +0000] "GET /templates//softpix/Template_Pack_1.1/IVC/PROXIMA-TRANSMISION/img/vacio.png HTTP/1.1" 404 213 "http://192.168.0.102:5656/templates//softpix/Template_Pack_1.1/IVC/PROXIMA-TRANSMISION/css/styles.css" "Mozilla/5.0 (Windows NT 6.1; WOW64) AppleWebKit/537.36 (KHTML, like Gecko) Chrome/109.0.0.0 Safari/537.36 OPR/95.0.0.0"
::ffff:192.168.0.103 - - [14/Nov/2023:14:01:45 +0000] "GET /templates//softpix/Template_Pack_1.1/IVC/PROXIMA-TRANSMISION/img/vacio.png HTTP/1.1" 404 213 "http://192.168.0.102:5656/templates//softpix/Template_Pack_1.1/IVC/PROXIMA-TRANSMISION/css/styles.css" "Mozilla/5.0 (Windows NT 6.1; WOW64) AppleWebKit/537.36 (KHTML, like Gecko) Chrome/109.0.0.0 Safari/537.36 OPR/95.0.0.0"
::ffff:192.168.0.102 - - [14/Nov/2023:14:01:57 +0000] "POST /gc/playout HTTP/1.1" 200 - "http://192.168.0.102:5656/gc/IVC/IVC" "Mozilla/5.0 (Windows NT 10.0; Win64; x64) AppleWebKit/537.36 (KHTML, like Gecko) Chrome/118.0.0.0 Safari/537.36 OPR/104.0.0.0"
::ffff:192.168.0.102 - - [14/Nov/2023:14:01:58 +0000] "POST /gc/playout HTTP/1.1" 200 - "http://192.168.0.102:5656/gc/IVC/IVC" "Mozilla/5.0 (Windows NT 10.0; Win64; x64) AppleWebKit/537.36 (KHTML, like Gecko) Chrome/118.0.0.0 Safari/537.36 OPR/104.0.0.0"
::ffff:192.168.0.102 - - [14/Nov/2023:14:01:58 +0000] "GET /templates//softpix/Template_Pack_1.1/IVC/PROXIMA-TRANSMISION/img/vacio.png HTTP/1.1" 404 213 "http://192.168.0.102:5656/templates//softpix/Template_Pack_1.1/IVC/PROXIMA-TRANSMISION/css/styles.css" "Mozilla/5.0 (Windows NT 10.0; Win64; x64) AppleWebKit/537.36 (KHTML, like Gecko) Chrome/118.0.0.0 Safari/537.36 OPR/104.0.0.0"
::ffff:192.168.0.103 - - [14/Nov/2023:14:01:59 +0000] "GET /templates//softpix/Template_Pack_1.1/IVC/PROXIMA-TRANSMISION/img/vacio.png HTTP/1.1" 404 213 "http://192.168.0.102:5656/templates//softpix/Template_Pack_1.1/IVC/PROXIMA-TRANSMISION/css/styles.css" "Mozilla/5.0 (Windows NT 6.1; WOW64) AppleWebKit/537.36 (KHTML, like Gecko) Chrome/109.0.0.0 Safari/537.36 OPR/95.0.0.0"
::ffff:192.168.0.103 - - [14/Nov/2023:14:01:59 +0000] "GET /templates//softpix/Template_Pack_1.1/IVC/PROXIMA-TRANSMISION/img/vacio.png HTTP/1.1" 404 213 "http://192.168.0.102:5656/templates//softpix/Template_Pack_1.1/IVC/PROXIMA-TRANSMISION/css/styles.css" "Mozilla/5.0 (Windows NT 6.1; WOW64) AppleWebKit/537.36 (KHTML, like Gecko) Chrome/109.0.0.0 Safari/537.36 OPR/95.0.0.0"
::ffff:192.168.0.102 - - [14/Nov/2023:14:02:11 +0000] "POST /gc/saveItemChanges HTTP/1.1" 200 255 "http://192.168.0.102:5656/gc/IVC/IVC" "Mozilla/5.0 (Windows NT 10.0; Win64; x64) AppleWebKit/537.36 (KHTML, like Gecko) Chrome/118.0.0.0 Safari/537.36 OPR/104.0.0.0"
::ffff:192.168.0.102 - - [14/Nov/2023:14:02:11 +0000] "POST /gc/playout HTTP/1.1" 200 - "http://192.168.0.102:5656/gc/IVC/IVC" "Mozilla/5.0 (Windows NT 10.0; Win64; x64) AppleWebKit/537.36 (KHTML, like Gecko) Chrome/118.0.0.0 Safari/537.36 OPR/104.0.0.0"
::ffff:192.168.0.102 - - [14/Nov/2023:14:02:13 +0000] "POST /gc/playout HTTP/1.1" 200 - "http://192.168.0.102:5656/gc/IVC/IVC" "Mozilla/5.0 (Windows NT 10.0; Win64; x64) AppleWebKit/537.36 (KHTML, like Gecko) Chrome/118.0.0.0 Safari/537.36 OPR/104.0.0.0"
::ffff:192.168.0.102 - - [14/Nov/2023:14:02:13 +0000] "GET /templates//softpix/Template_Pack_1.1/IVC/PROXIMA-TRANSMISION/img/vacio.png HTTP/1.1" 404 213 "http://192.168.0.102:5656/templates//softpix/Template_Pack_1.1/IVC/PROXIMA-TRANSMISION/css/styles.css" "Mozilla/5.0 (Windows NT 10.0; Win64; x64) AppleWebKit/537.36 (KHTML, like Gecko) Chrome/118.0.0.0 Safari/537.36 OPR/104.0.0.0"
::ffff:192.168.0.103 - - [14/Nov/2023:14:02:13 +0000] "GET /templates//softpix/Template_Pack_1.1/IVC/PROXIMA-TRANSMISION/img/vacio.png HTTP/1.1" 404 213 "http://192.168.0.102:5656/templates//softpix/Template_Pack_1.1/IVC/PROXIMA-TRANSMISION/css/styles.css" "Mozilla/5.0 (Windows NT 6.1; WOW64) AppleWebKit/537.36 (KHTML, like Gecko) Chrome/109.0.0.0 Safari/537.36 OPR/95.0.0.0"
::ffff:192.168.0.103 - - [14/Nov/2023:14:02:13 +0000] "GET /templates//softpix/Template_Pack_1.1/IVC/PROXIMA-TRANSMISION/img/vacio.png HTTP/1.1" 404 213 "http://192.168.0.102:5656/templates//softpix/Template_Pack_1.1/IVC/PROXIMA-TRANSMISION/css/styles.css" "Mozilla/5.0 (Windows NT 6.1; WOW64) AppleWebKit/537.36 (KHTML, like Gecko) Chrome/109.0.0.0 Safari/537.36 OPR/95.0.0.0"
::ffff:192.168.0.102 - - [14/Nov/2023:14:02:38 +0000] "POST /gc/playout HTTP/1.1" 200 - "http://192.168.0.102:5656/gc/IVC/IVC" "Mozilla/5.0 (Windows NT 10.0; Win64; x64) AppleWebKit/537.36 (KHTML, like Gecko) Chrome/118.0.0.0 Safari/537.36 OPR/104.0.0.0"
::ffff:192.168.0.102 - - [14/Nov/2023:14:02:40 +0000] "POST /gc/playout HTTP/1.1" 200 - "http://192.168.0.102:5656/gc/IVC/IVC" "Mozilla/5.0 (Windows NT 10.0; Win64; x64) AppleWebKit/537.36 (KHTML, like Gecko) Chrome/118.0.0.0 Safari/537.36 OPR/104.0.0.0"
::ffff:192.168.0.102 - - [14/Nov/2023:14:02:40 +0000] "GET /templates//softpix/Template_Pack_1.1/IVC/PROXIMA-TRANSMISION/img/vacio.png HTTP/1.1" 404 213 "http://192.168.0.102:5656/templates//softpix/Template_Pack_1.1/IVC/PROXIMA-TRANSMISION/css/styles.css" "Mozilla/5.0 (Windows NT 10.0; Win64; x64) AppleWebKit/537.36 (KHTML, like Gecko) Chrome/118.0.0.0 Safari/537.36 OPR/104.0.0.0"
::ffff:192.168.0.103 - - [14/Nov/2023:14:02:40 +0000] "GET /templates//softpix/Template_Pack_1.1/IVC/PROXIMA-TRANSMISION/img/vacio.png HTTP/1.1" 404 213 "http://192.168.0.102:5656/templates//softpix/Template_Pack_1.1/IVC/PROXIMA-TRANSMISION/css/styles.css" "Mozilla/5.0 (Windows NT 6.1; WOW64) AppleWebKit/537.36 (KHTML, like Gecko) Chrome/109.0.0.0 Safari/537.36 OPR/95.0.0.0"
::ffff:192.168.0.103 - - [14/Nov/2023:14:02:40 +0000] "GET /templates//softpix/Template_Pack_1.1/IVC/PROXIMA-TRANSMISION/img/vacio.png HTTP/1.1" 404 213 "http://192.168.0.102:5656/templates//softpix/Template_Pack_1.1/IVC/PROXIMA-TRANSMISION/css/styles.css" "Mozilla/5.0 (Windows NT 6.1; WOW64) AppleWebKit/537.36 (KHTML, like Gecko) Chrome/109.0.0.0 Safari/537.36 OPR/95.0.0.0"
::ffff:192.168.0.102 - - [14/Nov/2023:14:03:15 +0000] "POST /gc/playout HTTP/1.1" 200 - "http://192.168.0.102:5656/gc/IVC/IVC" "Mozilla/5.0 (Windows NT 10.0; Win64; x64) AppleWebKit/537.36 (KHTML, like Gecko) Chrome/118.0.0.0 Safari/537.36 OPR/104.0.0.0"
::ffff:192.168.0.102 - - [14/Nov/2023:14:03:16 +0000] "POST /gc/playout HTTP/1.1" 200 - "http://192.168.0.102:5656/gc/IVC/IVC" "Mozilla/5.0 (Windows NT 10.0; Win64; x64) AppleWebKit/537.36 (KHTML, like Gecko) Chrome/118.0.0.0 Safari/537.36 OPR/104.0.0.0"
::ffff:192.168.0.102 - - [14/Nov/2023:14:03:16 +0000] "GET /templates//softpix/Template_Pack_1.1/IVC/PROXIMA-TRANSMISION/img/vacio.png HTTP/1.1" 404 213 "http://192.168.0.102:5656/templates//softpix/Template_Pack_1.1/IVC/PROXIMA-TRANSMISION/css/styles.css" "Mozilla/5.0 (Windows NT 10.0; Win64; x64) AppleWebKit/537.36 (KHTML, like Gecko) Chrome/118.0.0.0 Safari/537.36 OPR/104.0.0.0"
::ffff:192.168.0.103 - - [14/Nov/2023:14:03:16 +0000] "GET /templates//softpix/Template_Pack_1.1/IVC/PROXIMA-TRANSMISION/img/vacio.png HTTP/1.1" 404 213 "http://192.168.0.102:5656/templates//softpix/Template_Pack_1.1/IVC/PROXIMA-TRANSMISION/css/styles.css" "Mozilla/5.0 (Windows NT 6.1; WOW64) AppleWebKit/537.36 (KHTML, like Gecko) Chrome/109.0.0.0 Safari/537.36 OPR/95.0.0.0"
::ffff:192.168.0.103 - - [14/Nov/2023:14:03:16 +0000] "GET /templates//softpix/Template_Pack_1.1/IVC/PROXIMA-TRANSMISION/img/vacio.png HTTP/1.1" 404 213 "http://192.168.0.102:5656/templates//softpix/Template_Pack_1.1/IVC/PROXIMA-TRANSMISION/css/styles.css" "Mozilla/5.0 (Windows NT 6.1; WOW64) AppleWebKit/537.36 (KHTML, like Gecko) Chrome/109.0.0.0 Safari/537.36 OPR/95.0.0.0"
::ffff:192.168.0.102 - - [14/Nov/2023:14:03:44 +0000] "POST /gc/playout HTTP/1.1" 200 - "http://192.168.0.102:5656/gc/IVC/IVC" "Mozilla/5.0 (Windows NT 10.0; Win64; x64) AppleWebKit/537.36 (KHTML, like Gecko) Chrome/118.0.0.0 Safari/537.36 OPR/104.0.0.0"
::ffff:192.168.0.102 - - [14/Nov/2023:14:03:45 +0000] "POST /gc/playout HTTP/1.1" 200 - "http://192.168.0.102:5656/gc/IVC/IVC" "Mozilla/5.0 (Windows NT 10.0; Win64; x64) AppleWebKit/537.36 (KHTML, like Gecko) Chrome/118.0.0.0 Safari/537.36 OPR/104.0.0.0"
::ffff:192.168.0.102 - - [14/Nov/2023:14:03:45 +0000] "GET /templates//softpix/Template_Pack_1.1/IVC/PROXIMA-TRANSMISION/img/vacio.png HTTP/1.1" 404 213 "http://192.168.0.102:5656/templates//softpix/Template_Pack_1.1/IVC/PROXIMA-TRANSMISION/css/styles.css" "Mozilla/5.0 (Windows NT 10.0; Win64; x64) AppleWebKit/537.36 (KHTML, like Gecko) Chrome/118.0.0.0 Safari/537.36 OPR/104.0.0.0"
::ffff:192.168.0.103 - - [14/Nov/2023:14:03:46 +0000] "GET /templates//softpix/Template_Pack_1.1/IVC/PROXIMA-TRANSMISION/img/vacio.png HTTP/1.1" 404 213 "http://192.168.0.102:5656/templates//softpix/Template_Pack_1.1/IVC/PROXIMA-TRANSMISION/css/styles.css" "Mozilla/5.0 (Windows NT 6.1; WOW64) AppleWebKit/537.36 (KHTML, like Gecko) Chrome/109.0.0.0 Safari/537.36 OPR/95.0.0.0"
::ffff:192.168.0.103 - - [14/Nov/2023:14:03:46 +0000] "GET /templates//softpix/Template_Pack_1.1/IVC/PROXIMA-TRANSMISION/img/vacio.png HTTP/1.1" 404 213 "http://192.168.0.102:5656/templates//softpix/Template_Pack_1.1/IVC/PROXIMA-TRANSMISION/css/styles.css" "Mozilla/5.0 (Windows NT 6.1; WOW64) AppleWebKit/537.36 (KHTML, like Gecko) Chrome/109.0.0.0 Safari/537.36 OPR/95.0.0.0"
::ffff:192.168.0.102 - - [14/Nov/2023:14:03:56 +0000] "POST /gc/saveItemChanges HTTP/1.1" 200 255 "http://192.168.0.102:5656/gc/IVC/IVC" "Mozilla/5.0 (Windows NT 10.0; Win64; x64) AppleWebKit/537.36 (KHTML, like Gecko) Chrome/118.0.0.0 Safari/537.36 OPR/104.0.0.0"
::ffff:192.168.0.102 - - [14/Nov/2023:14:03:57 +0000] "POST /gc/playout HTTP/1.1" 200 - "http://192.168.0.102:5656/gc/IVC/IVC" "Mozilla/5.0 (Windows NT 10.0; Win64; x64) AppleWebKit/537.36 (KHTML, like Gecko) Chrome/118.0.0.0 Safari/537.36 OPR/104.0.0.0"
::ffff:192.168.0.102 - - [14/Nov/2023:14:03:58 +0000] "POST /gc/playout HTTP/1.1" 200 - "http://192.168.0.102:5656/gc/IVC/IVC" "Mozilla/5.0 (Windows NT 10.0; Win64; x64) AppleWebKit/537.36 (KHTML, like Gecko) Chrome/118.0.0.0 Safari/537.36 OPR/104.0.0.0"
::ffff:192.168.0.102 - - [14/Nov/2023:14:03:58 +0000] "GET /templates//softpix/Template_Pack_1.1/IVC/PROXIMA-TRANSMISION/img/vacio.png HTTP/1.1" 404 213 "http://192.168.0.102:5656/templates//softpix/Template_Pack_1.1/IVC/PROXIMA-TRANSMISION/css/styles.css" "Mozilla/5.0 (Windows NT 10.0; Win64; x64) AppleWebKit/537.36 (KHTML, like Gecko) Chrome/118.0.0.0 Safari/537.36 OPR/104.0.0.0"
::ffff:192.168.0.103 - - [14/Nov/2023:14:03:58 +0000] "GET /templates//softpix/Template_Pack_1.1/IVC/PROXIMA-TRANSMISION/img/vacio.png HTTP/1.1" 404 213 "http://192.168.0.102:5656/templates//softpix/Template_Pack_1.1/IVC/PROXIMA-TRANSMISION/css/styles.css" "Mozilla/5.0 (Windows NT 6.1; WOW64) AppleWebKit/537.36 (KHTML, like Gecko) Chrome/109.0.0.0 Safari/537.36 OPR/95.0.0.0"
::ffff:192.168.0.103 - - [14/Nov/2023:14:03:58 +0000] "GET /templates//softpix/Template_Pack_1.1/IVC/PROXIMA-TRANSMISION/img/vacio.png HTTP/1.1" 404 213 "http://192.168.0.102:5656/templates//softpix/Template_Pack_1.1/IVC/PROXIMA-TRANSMISION/css/styles.css" "Mozilla/5.0 (Windows NT 6.1; WOW64) AppleWebKit/537.36 (KHTML, like Gecko) Chrome/109.0.0.0 Safari/537.36 OPR/95.0.0.0"
::ffff:192.168.0.102 - - [14/Nov/2023:14:04:24 +0000] "POST /gc/playout HTTP/1.1" 200 - "http://192.168.0.102:5656/gc/IVC/IVC" "Mozilla/5.0 (Windows NT 10.0; Win64; x64) AppleWebKit/537.36 (KHTML, like Gecko) Chrome/118.0.0.0 Safari/537.36 OPR/104.0.0.0"
::ffff:192.168.0.102 - - [14/Nov/2023:14:04:25 +0000] "POST /gc/playout HTTP/1.1" 200 - "http://192.168.0.102:5656/gc/IVC/IVC" "Mozilla/5.0 (Windows NT 10.0; Win64; x64) AppleWebKit/537.36 (KHTML, like Gecko) Chrome/118.0.0.0 Safari/537.36 OPR/104.0.0.0"
::ffff:192.168.0.102 - - [14/Nov/2023:14:04:25 +0000] "GET /templates//softpix/Template_Pack_1.1/IVC/PROXIMA-TRANSMISION/img/vacio.png HTTP/1.1" 404 213 "http://192.168.0.102:5656/templates//softpix/Template_Pack_1.1/IVC/PROXIMA-TRANSMISION/css/styles.css" "Mozilla/5.0 (Windows NT 10.0; Win64; x64) AppleWebKit/537.36 (KHTML, like Gecko) Chrome/118.0.0.0 Safari/537.36 OPR/104.0.0.0"
::ffff:192.168.0.103 - - [14/Nov/2023:14:04:25 +0000] "GET /templates//softpix/Template_Pack_1.1/IVC/PROXIMA-TRANSMISION/img/vacio.png HTTP/1.1" 404 213 "http://192.168.0.102:5656/templates//softpix/Template_Pack_1.1/IVC/PROXIMA-TRANSMISION/css/styles.css" "Mozilla/5.0 (Windows NT 6.1; WOW64) AppleWebKit/537.36 (KHTML, like Gecko) Chrome/109.0.0.0 Safari/537.36 OPR/95.0.0.0"
::ffff:192.168.0.103 - - [14/Nov/2023:14:04:25 +0000] "GET /templates//softpix/Template_Pack_1.1/IVC/PROXIMA-TRANSMISION/img/vacio.png HTTP/1.1" 404 213 "http://192.168.0.102:5656/templates//softpix/Template_Pack_1.1/IVC/PROXIMA-TRANSMISION/css/styles.css" "Mozilla/5.0 (Windows NT 6.1; WOW64) AppleWebKit/537.36 (KHTML, like Gecko) Chrome/109.0.0.0 Safari/537.36 OPR/95.0.0.0"
::ffff:192.168.0.102 - - [14/Nov/2023:14:04:40 +0000] "POST /gc/playout HTTP/1.1" 200 - "http://192.168.0.102:5656/gc/IVC/IVC" "Mozilla/5.0 (Windows NT 10.0; Win64; x64) AppleWebKit/537.36 (KHTML, like Gecko) Chrome/118.0.0.0 Safari/537.36 OPR/104.0.0.0"
::ffff:192.168.0.102 - - [14/Nov/2023:14:04:41 +0000] "POST /gc/playout HTTP/1.1" 200 - "http://192.168.0.102:5656/gc/IVC/IVC" "Mozilla/5.0 (Windows NT 10.0; Win64; x64) AppleWebKit/537.36 (KHTML, like Gecko) Chrome/118.0.0.0 Safari/537.36 OPR/104.0.0.0"
::ffff:192.168.0.102 - - [14/Nov/2023:14:04:41 +0000] "GET /templates//softpix/Template_Pack_1.1/IVC/PROXIMA-TRANSMISION/img/vacio.png HTTP/1.1" 404 213 "http://192.168.0.102:5656/templates//softpix/Template_Pack_1.1/IVC/PROXIMA-TRANSMISION/css/styles.css" "Mozilla/5.0 (Windows NT 10.0; Win64; x64) AppleWebKit/537.36 (KHTML, like Gecko) Chrome/118.0.0.0 Safari/537.36 OPR/104.0.0.0"
::ffff:192.168.0.103 - - [14/Nov/2023:14:04:41 +0000] "GET /templates//softpix/Template_Pack_1.1/IVC/PROXIMA-TRANSMISION/img/vacio.png HTTP/1.1" 404 213 "http://192.168.0.102:5656/templates//softpix/Template_Pack_1.1/IVC/PROXIMA-TRANSMISION/css/styles.css" "Mozilla/5.0 (Windows NT 6.1; WOW64) AppleWebKit/537.36 (KHTML, like Gecko) Chrome/109.0.0.0 Safari/537.36 OPR/95.0.0.0"
::ffff:192.168.0.103 - - [14/Nov/2023:14:04:41 +0000] "GET /templates//softpix/Template_Pack_1.1/IVC/PROXIMA-TRANSMISION/img/vacio.png HTTP/1.1" 404 213 "http://192.168.0.102:5656/templates//softpix/Template_Pack_1.1/IVC/PROXIMA-TRANSMISION/css/styles.css" "Mozilla/5.0 (Windows NT 6.1; WOW64) AppleWebKit/537.36 (KHTML, like Gecko) Chrome/109.0.0.0 Safari/537.36 OPR/95.0.0.0"
::ffff:192.168.0.102 - - [14/Nov/2023:14:04:53 +0000] "POST /gc/saveItemChanges HTTP/1.1" 200 255 "http://192.168.0.102:5656/gc/IVC/IVC" "Mozilla/5.0 (Windows NT 10.0; Win64; x64) AppleWebKit/537.36 (KHTML, like Gecko) Chrome/118.0.0.0 Safari/537.36 OPR/104.0.0.0"
::ffff:192.168.0.102 - - [14/Nov/2023:14:04:54 +0000] "POST /gc/playout HTTP/1.1" 200 - "http://192.168.0.102:5656/gc/IVC/IVC" "Mozilla/5.0 (Windows NT 10.0; Win64; x64) AppleWebKit/537.36 (KHTML, like Gecko) Chrome/118.0.0.0 Safari/537.36 OPR/104.0.0.0"
::ffff:192.168.0.102 - - [14/Nov/2023:14:04:55 +0000] "POST /gc/playout HTTP/1.1" 200 - "http://192.168.0.102:5656/gc/IVC/IVC" "Mozilla/5.0 (Windows NT 10.0; Win64; x64) AppleWebKit/537.36 (KHTML, like Gecko) Chrome/118.0.0.0 Safari/537.36 OPR/104.0.0.0"
::ffff:192.168.0.102 - - [14/Nov/2023:14:04:55 +0000] "GET /templates//softpix/Template_Pack_1.1/IVC/PROXIMA-TRANSMISION/img/vacio.png HTTP/1.1" 404 213 "http://192.168.0.102:5656/templates//softpix/Template_Pack_1.1/IVC/PROXIMA-TRANSMISION/css/styles.css" "Mozilla/5.0 (Windows NT 10.0; Win64; x64) AppleWebKit/537.36 (KHTML, like Gecko) Chrome/118.0.0.0 Safari/537.36 OPR/104.0.0.0"
::ffff:192.168.0.103 - - [14/Nov/2023:14:04:55 +0000] "GET /templates//softpix/Template_Pack_1.1/IVC/PROXIMA-TRANSMISION/img/vacio.png HTTP/1.1" 404 213 "http://192.168.0.102:5656/templates//softpix/Template_Pack_1.1/IVC/PROXIMA-TRANSMISION/css/styles.css" "Mozilla/5.0 (Windows NT 6.1; WOW64) AppleWebKit/537.36 (KHTML, like Gecko) Chrome/109.0.0.0 Safari/537.36 OPR/95.0.0.0"
::ffff:192.168.0.103 - - [14/Nov/2023:14:04:56 +0000] "GET /templates//softpix/Template_Pack_1.1/IVC/PROXIMA-TRANSMISION/img/vacio.png HTTP/1.1" 404 213 "http://192.168.0.102:5656/templates//softpix/Template_Pack_1.1/IVC/PROXIMA-TRANSMISION/css/styles.css" "Mozilla/5.0 (Windows NT 6.1; WOW64) AppleWebKit/537.36 (KHTML, like Gecko) Chrome/109.0.0.0 Safari/537.36 OPR/95.0.0.0"
::ffff:192.168.0.102 - - [14/Nov/2023:14:05:12 +0000] "POST /gc/playout HTTP/1.1" 200 - "http://192.168.0.102:5656/gc/IVC/IVC" "Mozilla/5.0 (Windows NT 10.0; Win64; x64) AppleWebKit/537.36 (KHTML, like Gecko) Chrome/118.0.0.0 Safari/537.36 OPR/104.0.0.0"
::ffff:192.168.0.102 - - [14/Nov/2023:14:05:13 +0000] "POST /gc/playout HTTP/1.1" 200 - "http://192.168.0.102:5656/gc/IVC/IVC" "Mozilla/5.0 (Windows NT 10.0; Win64; x64) AppleWebKit/537.36 (KHTML, like Gecko) Chrome/118.0.0.0 Safari/537.36 OPR/104.0.0.0"
::ffff:192.168.0.102 - - [14/Nov/2023:14:05:13 +0000] "GET /templates//softpix/Template_Pack_1.1/IVC/PROXIMA-TRANSMISION/img/vacio.png HTTP/1.1" 404 213 "http://192.168.0.102:5656/templates//softpix/Template_Pack_1.1/IVC/PROXIMA-TRANSMISION/css/styles.css" "Mozilla/5.0 (Windows NT 10.0; Win64; x64) AppleWebKit/537.36 (KHTML, like Gecko) Chrome/118.0.0.0 Safari/537.36 OPR/104.0.0.0"
::ffff:192.168.0.103 - - [14/Nov/2023:14:05:13 +0000] "GET /templates//softpix/Template_Pack_1.1/IVC/PROXIMA-TRANSMISION/img/vacio.png HTTP/1.1" 404 213 "http://192.168.0.102:5656/templates//softpix/Template_Pack_1.1/IVC/PROXIMA-TRANSMISION/css/styles.css" "Mozilla/5.0 (Windows NT 6.1; WOW64) AppleWebKit/537.36 (KHTML, like Gecko) Chrome/109.0.0.0 Safari/537.36 OPR/95.0.0.0"
::ffff:192.168.0.103 - - [14/Nov/2023:14:05:14 +0000] "GET /templates//softpix/Template_Pack_1.1/IVC/PROXIMA-TRANSMISION/img/vacio.png HTTP/1.1" 404 213 "http://192.168.0.102:5656/templates//softpix/Template_Pack_1.1/IVC/PROXIMA-TRANSMISION/css/styles.css" "Mozilla/5.0 (Windows NT 6.1; WOW64) AppleWebKit/537.36 (KHTML, like Gecko) Chrome/109.0.0.0 Safari/537.36 OPR/95.0.0.0"
::ffff:192.168.0.102 - - [14/Nov/2023:14:05:22 +0000] "POST /gc/saveItemChanges HTTP/1.1" 200 255 "http://192.168.0.102:5656/gc/IVC/IVC" "Mozilla/5.0 (Windows NT 10.0; Win64; x64) AppleWebKit/537.36 (KHTML, like Gecko) Chrome/118.0.0.0 Safari/537.36 OPR/104.0.0.0"
