::ffff:192.168.0.102 - - [24/Oct/2023:14:52:03 +0000] "GET /css/spx_colors.css HTTP/1.1" 304 - "http://192.168.0.102:5656/show/dfgdfg/config" "Mozilla/5.0 (Windows NT 10.0; Win64; x64) AppleWebKit/537.36 (KHTML, like Gecko) Chrome/117.0.0.0 Safari/537.36 OPR/103.0.0.0"
::ffff:192.168.0.102 - - [24/Oct/2023:14:52:03 +0000] "GET /css/spx_modal.css HTTP/1.1" 304 - "http://192.168.0.102:5656/show/dfgdfg/config" "Mozilla/5.0 (Windows NT 10.0; Win64; x64) AppleWebKit/537.36 (KHTML, like Gecko) Chrome/117.0.0.0 Safari/537.36 OPR/103.0.0.0"
::ffff:192.168.0.102 - - [24/Oct/2023:14:52:03 +0000] "GET /js/spx_showConfig.js HTTP/1.1" 304 - "http://192.168.0.102:5656/show/dfgdfg/config" "Mozilla/5.0 (Windows NT 10.0; Win64; x64) AppleWebKit/537.36 (KHTML, like Gecko) Chrome/117.0.0.0 Safari/537.36 OPR/103.0.0.0"
::ffff:192.168.0.102 - - [24/Oct/2023:14:52:03 +0000] "GET /img/spx_offline.png HTTP/1.1" 404 158 "http://192.168.0.102:5656/show/dfgdfg/config" "Mozilla/5.0 (Windows NT 10.0; Win64; x64) AppleWebKit/537.36 (KHTML, like Gecko) Chrome/117.0.0.0 Safari/537.36 OPR/103.0.0.0"
::ffff:192.168.0.102 - - [24/Oct/2023:14:52:03 +0000] "GET /img/spx_online.png HTTP/1.1" 304 - "http://192.168.0.102:5656/show/dfgdfg/config" "Mozilla/5.0 (Windows NT 10.0; Win64; x64) AppleWebKit/537.36 (KHTML, like Gecko) Chrome/117.0.0.0 Safari/537.36 OPR/103.0.0.0"
::ffff:192.168.0.102 - - [24/Oct/2023:14:52:03 +0000] "GET /CCG/system/%7B%22command%22:%22CHECKCONNECTIONS%22,%22server%22:%22%22%7D HTTP/1.1" 304 - "http://192.168.0.102:5656/show/dfgdfg/config" "Mozilla/5.0 (Windows NT 10.0; Win64; x64) AppleWebKit/537.36 (KHTML, like Gecko) Chrome/117.0.0.0 Safari/537.36 OPR/103.0.0.0"
::ffff:192.168.0.102 - - [24/Oct/2023:14:52:04 +0000] "GET /img/storeicon.png HTTP/1.1" 304 - "http://192.168.0.102:5656/css/spx_modal.css" "Mozilla/5.0 (Windows NT 10.0; Win64; x64) AppleWebKit/537.36 (KHTML, like Gecko) Chrome/117.0.0.0 Safari/537.36 OPR/103.0.0.0"
::ffff:192.168.0.102 - - [24/Oct/2023:14:52:04 +0000] "GET /fonts/fa-solid-900.ttf HTTP/1.1" 304 - "http://192.168.0.102:5656/css/spx_fonts.css" "Mozilla/5.0 (Windows NT 10.0; Win64; x64) AppleWebKit/537.36 (KHTML, like Gecko) Chrome/117.0.0.0 Safari/537.36 OPR/103.0.0.0"
::ffff:192.168.0.102 - - [24/Oct/2023:14:52:05 +0000] "POST /api/browseFiles HTTP/1.1" 200 169 "http://192.168.0.102:5656/show/dfgdfg/config" "Mozilla/5.0 (Windows NT 10.0; Win64; x64) AppleWebKit/537.36 (KHTML, like Gecko) Chrome/117.0.0.0 Safari/537.36 OPR/103.0.0.0"
::ffff:192.168.0.102 - - [24/Oct/2023:14:52:06 +0000] "POST /api/browseFiles HTTP/1.1" 200 202 "http://192.168.0.102:5656/show/dfgdfg/config" "Mozilla/5.0 (Windows NT 10.0; Win64; x64) AppleWebKit/537.36 (KHTML, like Gecko) Chrome/117.0.0.0 Safari/537.36 OPR/103.0.0.0"
::ffff:192.168.0.102 - - [24/Oct/2023:14:52:07 +0000] "POST /api/browseFiles HTTP/1.1" 200 346 "http://192.168.0.102:5656/show/dfgdfg/config" "Mozilla/5.0 (Windows NT 10.0; Win64; x64) AppleWebKit/537.36 (KHTML, like Gecko) Chrome/117.0.0.0 Safari/537.36 OPR/103.0.0.0"
::ffff:192.168.0.102 - - [24/Oct/2023:14:52:09 +0000] "POST /api/browseFiles HTTP/1.1" 200 273 "http://192.168.0.102:5656/show/dfgdfg/config" "Mozilla/5.0 (Windows NT 10.0; Win64; x64) AppleWebKit/537.36 (KHTML, like Gecko) Chrome/117.0.0.0 Safari/537.36 OPR/103.0.0.0"
::ffff:192.168.0.102 - - [24/Oct/2023:14:52:12 +0000] "POST /show/dfgdfg/config HTTP/1.1" 302 82 "http://192.168.0.102:5656/show/dfgdfg/config" "Mozilla/5.0 (Windows NT 10.0; Win64; x64) AppleWebKit/537.36 (KHTML, like Gecko) Chrome/117.0.0.0 Safari/537.36 OPR/103.0.0.0"
::ffff:192.168.0.102 - - [24/Oct/2023:14:52:13 +0000] "GET /show/dfgdfg/config HTTP/1.1" 200 33888 "http://192.168.0.102:5656/show/dfgdfg/config" "Mozilla/5.0 (Windows NT 10.0; Win64; x64) AppleWebKit/537.36 (KHTML, like Gecko) Chrome/117.0.0.0 Safari/537.36 OPR/103.0.0.0"
::ffff:192.168.0.102 - - [24/Oct/2023:14:52:13 +0000] "GET /js/axios.min.js HTTP/1.1" 304 - "http://192.168.0.102:5656/show/dfgdfg/config" "Mozilla/5.0 (Windows NT 10.0; Win64; x64) AppleWebKit/537.36 (KHTML, like Gecko) Chrome/117.0.0.0 Safari/537.36 OPR/103.0.0.0"
::ffff:192.168.0.102 - - [24/Oct/2023:14:52:13 +0000] "GET /js/fontawesome.all.min.js HTTP/1.1" 304 - "http://192.168.0.102:5656/show/dfgdfg/config" "Mozilla/5.0 (Windows NT 10.0; Win64; x64) AppleWebKit/537.36 (KHTML, like Gecko) Chrome/117.0.0.0 Safari/537.36 OPR/103.0.0.0"
::ffff:192.168.0.102 - - [24/Oct/2023:14:52:13 +0000] "GET /js/Sortable.min.js HTTP/1.1" 304 - "http://192.168.0.102:5656/show/dfgdfg/config" "Mozilla/5.0 (Windows NT 10.0; Win64; x64) AppleWebKit/537.36 (KHTML, like Gecko) Chrome/117.0.0.0 Safari/537.36 OPR/103.0.0.0"
::ffff:192.168.0.102 - - [24/Oct/2023:14:52:13 +0000] "GET /js/anime.min.js HTTP/1.1" 304 - "http://192.168.0.102:5656/show/dfgdfg/config" "Mozilla/5.0 (Windows NT 10.0; Win64; x64) AppleWebKit/537.36 (KHTML, like Gecko) Chrome/117.0.0.0 Safari/537.36 OPR/103.0.0.0"
::ffff:192.168.0.102 - - [24/Oct/2023:14:52:13 +0000] "GET /js/socket.io.js HTTP/1.1" 304 - "http://192.168.0.102:5656/show/dfgdfg/config" "Mozilla/5.0 (Windows NT 10.0; Win64; x64) AppleWebKit/537.36 (KHTML, like Gecko) Chrome/117.0.0.0 Safari/537.36 OPR/103.0.0.0"
::ffff:192.168.0.102 - - [24/Oct/2023:14:52:13 +0000] "GET /js/spx_gc.js HTTP/1.1" 304 - "http://192.168.0.102:5656/show/dfgdfg/config" "Mozilla/5.0 (Windows NT 10.0; Win64; x64) AppleWebKit/537.36 (KHTML, like Gecko) Chrome/117.0.0.0 Safari/537.36 OPR/103.0.0.0"
::ffff:192.168.0.102 - - [24/Oct/2023:14:52:13 +0000] "GET /css/spx_fonts.css HTTP/1.1" 304 - "http://192.168.0.102:5656/show/dfgdfg/config" "Mozilla/5.0 (Windows NT 10.0; Win64; x64) AppleWebKit/537.36 (KHTML, like Gecko) Chrome/117.0.0.0 Safari/537.36 OPR/103.0.0.0"
::ffff:192.168.0.102 - - [24/Oct/2023:14:52:13 +0000] "GET /css/spx_layout.css HTTP/1.1" 304 - "http://192.168.0.102:5656/show/dfgdfg/config" "Mozilla/5.0 (Windows NT 10.0; Win64; x64) AppleWebKit/537.36 (KHTML, like Gecko) Chrome/117.0.0.0 Safari/537.36 OPR/103.0.0.0"
::ffff:192.168.0.102 - - [24/Oct/2023:14:52:13 +0000] "GET /css/spx_forms.css HTTP/1.1" 304 - "http://192.168.0.102:5656/show/dfgdfg/config" "Mozilla/5.0 (Windows NT 10.0; Win64; x64) AppleWebKit/537.36 (KHTML, like Gecko) Chrome/117.0.0.0 Safari/537.36 OPR/103.0.0.0"
::ffff:192.168.0.102 - - [24/Oct/2023:14:52:13 +0000] "GET /css/spx_colors.css HTTP/1.1" 304 - "http://192.168.0.102:5656/show/dfgdfg/config" "Mozilla/5.0 (Windows NT 10.0; Win64; x64) AppleWebKit/537.36 (KHTML, like Gecko) Chrome/117.0.0.0 Safari/537.36 OPR/103.0.0.0"
::ffff:192.168.0.102 - - [24/Oct/2023:14:52:13 +0000] "GET /css/spx_accents.css HTTP/1.1" 304 - "http://192.168.0.102:5656/show/dfgdfg/config" "Mozilla/5.0 (Windows NT 10.0; Win64; x64) AppleWebKit/537.36 (KHTML, like Gecko) Chrome/117.0.0.0 Safari/537.36 OPR/103.0.0.0"
::ffff:192.168.0.102 - - [24/Oct/2023:14:52:13 +0000] "GET /css/spx_modal.css HTTP/1.1" 304 - "http://192.168.0.102:5656/show/dfgdfg/config" "Mozilla/5.0 (Windows NT 10.0; Win64; x64) AppleWebKit/537.36 (KHTML, like Gecko) Chrome/117.0.0.0 Safari/537.36 OPR/103.0.0.0"
::ffff:192.168.0.102 - - [24/Oct/2023:14:52:13 +0000] "GET /js/spx_showConfig.js HTTP/1.1" 304 - "http://192.168.0.102:5656/show/dfgdfg/config" "Mozilla/5.0 (Windows NT 10.0; Win64; x64) AppleWebKit/537.36 (KHTML, like Gecko) Chrome/117.0.0.0 Safari/537.36 OPR/103.0.0.0"
::ffff:192.168.0.102 - - [24/Oct/2023:14:52:14 +0000] "GET /img/spx_offline.png HTTP/1.1" 404 158 "http://192.168.0.102:5656/show/dfgdfg/config" "Mozilla/5.0 (Windows NT 10.0; Win64; x64) AppleWebKit/537.36 (KHTML, like Gecko) Chrome/117.0.0.0 Safari/537.36 OPR/103.0.0.0"
::ffff:192.168.0.102 - - [24/Oct/2023:14:52:14 +0000] "GET /img/spx_online.png HTTP/1.1" 304 - "http://192.168.0.102:5656/show/dfgdfg/config" "Mozilla/5.0 (Windows NT 10.0; Win64; x64) AppleWebKit/537.36 (KHTML, like Gecko) Chrome/117.0.0.0 Safari/537.36 OPR/103.0.0.0"
::ffff:192.168.0.102 - - [24/Oct/2023:14:52:14 +0000] "GET /CCG/system/%7B%22command%22:%22CHECKCONNECTIONS%22,%22server%22:%22%22%7D HTTP/1.1" 304 - "http://192.168.0.102:5656/show/dfgdfg/config" "Mozilla/5.0 (Windows NT 10.0; Win64; x64) AppleWebKit/537.36 (KHTML, like Gecko) Chrome/117.0.0.0 Safari/537.36 OPR/103.0.0.0"
::ffff:192.168.0.102 - - [24/Oct/2023:14:52:18 +0000] "POST /gc/saveConfigChanges HTTP/1.1" 200 18 "http://192.168.0.102:5656/show/dfgdfg/config" "Mozilla/5.0 (Windows NT 10.0; Win64; x64) AppleWebKit/537.36 (KHTML, like Gecko) Chrome/117.0.0.0 Safari/537.36 OPR/103.0.0.0"
::ffff:192.168.0.101 - - [24/Oct/2023:14:52:18 +0000] "GET /renderwindow/program HTTP/1.1" 304 - "-" "Mozilla/5.0 (Windows NT 6.3; WOW64) AppleWebKit/537.36 (KHTML, like Gecko) Chrome/109.0.0.0 Safari/537.36 OPR/95.0.0.0"
::ffff:192.168.0.101 - - [24/Oct/2023:14:52:19 +0000] "GET /css/spx_renderpopups.css HTTP/1.1" 304 - "http://192.168.0.102:5656/renderwindow/program" "Mozilla/5.0 (Windows NT 6.3; WOW64) AppleWebKit/537.36 (KHTML, like Gecko) Chrome/109.0.0.0 Safari/537.36 OPR/95.0.0.0"
::ffff:192.168.0.101 - - [24/Oct/2023:14:52:19 +0000] "GET /js/socket.io.js HTTP/1.1" 304 - "http://192.168.0.102:5656/renderwindow/program" "Mozilla/5.0 (Windows NT 6.3; WOW64) AppleWebKit/537.36 (KHTML, like Gecko) Chrome/109.0.0.0 Safari/537.36 OPR/95.0.0.0"
::ffff:192.168.0.102 - - [24/Oct/2023:14:52:21 +0000] "GET /show/dfgdfg HTTP/1.1" 200 13806 "http://192.168.0.102:5656/show/dfgdfg/config" "Mozilla/5.0 (Windows NT 10.0; Win64; x64) AppleWebKit/537.36 (KHTML, like Gecko) Chrome/117.0.0.0 Safari/537.36 OPR/103.0.0.0"
::ffff:192.168.0.102 - - [24/Oct/2023:14:52:22 +0000] "GET /css/spx_fonts.css HTTP/1.1" 304 - "http://192.168.0.102:5656/show/dfgdfg" "Mozilla/5.0 (Windows NT 10.0; Win64; x64) AppleWebKit/537.36 (KHTML, like Gecko) Chrome/117.0.0.0 Safari/537.36 OPR/103.0.0.0"
::ffff:192.168.0.102 - - [24/Oct/2023:14:52:22 +0000] "GET /css/spx_layout.css HTTP/1.1" 304 - "http://192.168.0.102:5656/show/dfgdfg" "Mozilla/5.0 (Windows NT 10.0; Win64; x64) AppleWebKit/537.36 (KHTML, like Gecko) Chrome/117.0.0.0 Safari/537.36 OPR/103.0.0.0"
::ffff:192.168.0.102 - - [24/Oct/2023:14:52:22 +0000] "GET /css/spx_forms.css HTTP/1.1" 304 - "http://192.168.0.102:5656/show/dfgdfg" "Mozilla/5.0 (Windows NT 10.0; Win64; x64) AppleWebKit/537.36 (KHTML, like Gecko) Chrome/117.0.0.0 Safari/537.36 OPR/103.0.0.0"
::ffff:192.168.0.102 - - [24/Oct/2023:14:52:22 +0000] "GET /js/axios.min.js HTTP/1.1" 304 - "http://192.168.0.102:5656/show/dfgdfg" "Mozilla/5.0 (Windows NT 10.0; Win64; x64) AppleWebKit/537.36 (KHTML, like Gecko) Chrome/117.0.0.0 Safari/537.36 OPR/103.0.0.0"
::ffff:192.168.0.102 - - [24/Oct/2023:14:52:22 +0000] "GET /js/fontawesome.all.min.js HTTP/1.1" 304 - "http://192.168.0.102:5656/show/dfgdfg" "Mozilla/5.0 (Windows NT 10.0; Win64; x64) AppleWebKit/537.36 (KHTML, like Gecko) Chrome/117.0.0.0 Safari/537.36 OPR/103.0.0.0"
::ffff:192.168.0.102 - - [24/Oct/2023:14:52:22 +0000] "GET /js/anime.min.js HTTP/1.1" 304 - "http://192.168.0.102:5656/show/dfgdfg" "Mozilla/5.0 (Windows NT 10.0; Win64; x64) AppleWebKit/537.36 (KHTML, like Gecko) Chrome/117.0.0.0 Safari/537.36 OPR/103.0.0.0"
::ffff:192.168.0.102 - - [24/Oct/2023:14:52:22 +0000] "GET /js/socket.io.js HTTP/1.1" 304 - "http://192.168.0.102:5656/show/dfgdfg" "Mozilla/5.0 (Windows NT 10.0; Win64; x64) AppleWebKit/537.36 (KHTML, like Gecko) Chrome/117.0.0.0 Safari/537.36 OPR/103.0.0.0"
::ffff:192.168.0.102 - - [24/Oct/2023:14:52:22 +0000] "GET /js/spx_gc.js HTTP/1.1" 304 - "http://192.168.0.102:5656/show/dfgdfg" "Mozilla/5.0 (Windows NT 10.0; Win64; x64) AppleWebKit/537.36 (KHTML, like Gecko) Chrome/117.0.0.0 Safari/537.36 OPR/103.0.0.0"
::ffff:192.168.0.102 - - [24/Oct/2023:14:52:22 +0000] "GET /img/spx_online.png HTTP/1.1" 304 - "http://192.168.0.102:5656/show/dfgdfg" "Mozilla/5.0 (Windows NT 10.0; Win64; x64) AppleWebKit/537.36 (KHTML, like Gecko) Chrome/117.0.0.0 Safari/537.36 OPR/103.0.0.0"
::ffff:192.168.0.102 - - [24/Oct/2023:14:52:22 +0000] "GET /img/spx_offline.png HTTP/1.1" 404 158 "http://192.168.0.102:5656/show/dfgdfg" "Mozilla/5.0 (Windows NT 10.0; Win64; x64) AppleWebKit/537.36 (KHTML, like Gecko) Chrome/117.0.0.0 Safari/537.36 OPR/103.0.0.0"
::ffff:192.168.0.101 - - [24/Oct/2023:14:52:24 +0000] "GET /img/spx_program.png HTTP/1.1" 304 - "http://192.168.0.102:5656/css/spx_renderpopups.css" "Mozilla/5.0 (Windows NT 6.3; WOW64) AppleWebKit/537.36 (KHTML, like Gecko) Chrome/109.0.0.0 Safari/537.36 OPR/95.0.0.0"
::ffff:192.168.0.101 - - [24/Oct/2023:14:52:24 +0000] "GET /img/checker60.png HTTP/1.1" 304 - "http://192.168.0.102:5656/css/spx_renderpopups.css" "Mozilla/5.0 (Windows NT 6.3; WOW64) AppleWebKit/537.36 (KHTML, like Gecko) Chrome/109.0.0.0 Safari/537.36 OPR/95.0.0.0"
::ffff:192.168.0.101 - - [24/Oct/2023:14:52:24 +0000] "GET /renderer/ HTTP/1.1" 304 - "http://192.168.0.102:5656/renderwindow/program" "Mozilla/5.0 (Windows NT 6.3; WOW64) AppleWebKit/537.36 (KHTML, like Gecko) Chrome/109.0.0.0 Safari/537.36 OPR/95.0.0.0"
::ffff:192.168.0.102 - - [24/Oct/2023:14:52:25 +0000] "POST /show/dfgdfg HTTP/1.1" 302 78 "http://192.168.0.102:5656/show/dfgdfg" "Mozilla/5.0 (Windows NT 10.0; Win64; x64) AppleWebKit/537.36 (KHTML, like Gecko) Chrome/117.0.0.0 Safari/537.36 OPR/103.0.0.0"
::ffff:192.168.0.102 - - [24/Oct/2023:14:52:25 +0000] "GET /gc/dfgdfg/dfgdfg HTTP/1.1" 200 41706 "http://192.168.0.102:5656/show/dfgdfg" "Mozilla/5.0 (Windows NT 10.0; Win64; x64) AppleWebKit/537.36 (KHTML, like Gecko) Chrome/117.0.0.0 Safari/537.36 OPR/103.0.0.0"
::ffff:192.168.0.102 - - [24/Oct/2023:14:52:25 +0000] "GET /js/axios.min.js HTTP/1.1" 304 - "http://192.168.0.102:5656/gc/dfgdfg/dfgdfg" "Mozilla/5.0 (Windows NT 10.0; Win64; x64) AppleWebKit/537.36 (KHTML, like Gecko) Chrome/117.0.0.0 Safari/537.36 OPR/103.0.0.0"
::ffff:192.168.0.102 - - [24/Oct/2023:14:52:25 +0000] "GET /js/fontawesome.all.min.js HTTP/1.1" 304 - "http://192.168.0.102:5656/gc/dfgdfg/dfgdfg" "Mozilla/5.0 (Windows NT 10.0; Win64; x64) AppleWebKit/537.36 (KHTML, like Gecko) Chrome/117.0.0.0 Safari/537.36 OPR/103.0.0.0"
::ffff:192.168.0.102 - - [24/Oct/2023:14:52:25 +0000] "GET /css/spx_modal.css HTTP/1.1" 304 - "http://192.168.0.102:5656/gc/dfgdfg/dfgdfg" "Mozilla/5.0 (Windows NT 10.0; Win64; x64) AppleWebKit/537.36 (KHTML, like Gecko) Chrome/117.0.0.0 Safari/537.36 OPR/103.0.0.0"
::ffff:192.168.0.102 - - [24/Oct/2023:14:52:25 +0000] "GET /css/spx_accents.css HTTP/1.1" 304 - "http://192.168.0.102:5656/gc/dfgdfg/dfgdfg" "Mozilla/5.0 (Windows NT 10.0; Win64; x64) AppleWebKit/537.36 (KHTML, like Gecko) Chrome/117.0.0.0 Safari/537.36 OPR/103.0.0.0"
::ffff:192.168.0.102 - - [24/Oct/2023:14:52:25 +0000] "GET /css/vanilla-js-tooltip.css HTTP/1.1" 304 - "http://192.168.0.102:5656/gc/dfgdfg/dfgdfg" "Mozilla/5.0 (Windows NT 10.0; Win64; x64) AppleWebKit/537.36 (KHTML, like Gecko) Chrome/117.0.0.0 Safari/537.36 OPR/103.0.0.0"
::ffff:192.168.0.102 - - [24/Oct/2023:14:52:25 +0000] "GET /css/vanilla-picker.csp.css HTTP/1.1" 304 - "http://192.168.0.102:5656/gc/dfgdfg/dfgdfg" "Mozilla/5.0 (Windows NT 10.0; Win64; x64) AppleWebKit/537.36 (KHTML, like Gecko) Chrome/117.0.0.0 Safari/537.36 OPR/103.0.0.0"
::ffff:192.168.0.102 - - [24/Oct/2023:14:52:25 +0000] "GET /css/toggle2.css HTTP/1.1" 304 - "http://192.168.0.102:5656/gc/dfgdfg/dfgdfg" "Mozilla/5.0 (Windows NT 10.0; Win64; x64) AppleWebKit/537.36 (KHTML, like Gecko) Chrome/117.0.0.0 Safari/537.36 OPR/103.0.0.0"
::ffff:192.168.0.102 - - [24/Oct/2023:14:52:25 +0000] "GET /css/toggle.css HTTP/1.1" 304 - "http://192.168.0.102:5656/gc/dfgdfg/dfgdfg" "Mozilla/5.0 (Windows NT 10.0; Win64; x64) AppleWebKit/537.36 (KHTML, like Gecko) Chrome/117.0.0.0 Safari/537.36 OPR/103.0.0.0"
::ffff:192.168.0.102 - - [24/Oct/2023:14:52:25 +0000] "GET /js/socket.io.js HTTP/1.1" 304 - "http://192.168.0.102:5656/gc/dfgdfg/dfgdfg" "Mozilla/5.0 (Windows NT 10.0; Win64; x64) AppleWebKit/537.36 (KHTML, like Gecko) Chrome/117.0.0.0 Safari/537.36 OPR/103.0.0.0"
::ffff:192.168.0.102 - - [24/Oct/2023:14:52:25 +0000] "GET /js/vanilla-js-tooltip.js HTTP/1.1" 304 - "http://192.168.0.102:5656/gc/dfgdfg/dfgdfg" "Mozilla/5.0 (Windows NT 10.0; Win64; x64) AppleWebKit/537.36 (KHTML, like Gecko) Chrome/117.0.0.0 Safari/537.36 OPR/103.0.0.0"
::ffff:192.168.0.102 - - [24/Oct/2023:14:52:25 +0000] "GET /js/spx_controllerImportFunctions.js HTTP/1.1" 304 - "http://192.168.0.102:5656/gc/dfgdfg/dfgdfg" "Mozilla/5.0 (Windows NT 10.0; Win64; x64) AppleWebKit/537.36 (KHTML, like Gecko) Chrome/117.0.0.0 Safari/537.36 OPR/103.0.0.0"
::ffff:192.168.0.102 - - [24/Oct/2023:14:52:25 +0000] "GET /js/lib/vanilla-picker.csp.min.js HTTP/1.1" 304 - "http://192.168.0.102:5656/gc/dfgdfg/dfgdfg" "Mozilla/5.0 (Windows NT 10.0; Win64; x64) AppleWebKit/537.36 (KHTML, like Gecko) Chrome/117.0.0.0 Safari/537.36 OPR/103.0.0.0"
::ffff:192.168.0.102 - - [24/Oct/2023:14:52:26 +0000] "GET /img/storeicon.png HTTP/1.1" 304 - "http://192.168.0.102:5656/gc/dfgdfg/dfgdfg" "Mozilla/5.0 (Windows NT 10.0; Win64; x64) AppleWebKit/537.36 (KHTML, like Gecko) Chrome/117.0.0.0 Safari/537.36 OPR/103.0.0.0"
::ffff:192.168.0.102 - - [24/Oct/2023:14:52:26 +0000] "GET /img/spx_offline.png HTTP/1.1" 404 158 "http://192.168.0.102:5656/gc/dfgdfg/dfgdfg" "Mozilla/5.0 (Windows NT 10.0; Win64; x64) AppleWebKit/537.36 (KHTML, like Gecko) Chrome/117.0.0.0 Safari/537.36 OPR/103.0.0.0"
::ffff:192.168.0.102 - - [24/Oct/2023:14:52:26 +0000] "GET /img/spx_online.png HTTP/1.1" 304 - "http://192.168.0.102:5656/gc/dfgdfg/dfgdfg" "Mozilla/5.0 (Windows NT 10.0; Win64; x64) AppleWebKit/537.36 (KHTML, like Gecko) Chrome/117.0.0.0 Safari/537.36 OPR/103.0.0.0"
::ffff:192.168.0.102 - - [24/Oct/2023:14:52:26 +0000] "GET /img/checker60.png HTTP/1.1" 304 - "http://192.168.0.102:5656/css/spx_layout.css" "Mozilla/5.0 (Windows NT 10.0; Win64; x64) AppleWebKit/537.36 (KHTML, like Gecko) Chrome/117.0.0.0 Safari/537.36 OPR/103.0.0.0"
::ffff:192.168.0.102 - - [24/Oct/2023:14:52:26 +0000] "GET /renderer/ HTTP/1.1" 304 - "http://192.168.0.102:5656/gc/dfgdfg/dfgdfg" "Mozilla/5.0 (Windows NT 10.0; Win64; x64) AppleWebKit/537.36 (KHTML, like Gecko) Chrome/117.0.0.0 Safari/537.36 OPR/103.0.0.0"
::ffff:192.168.0.102 - - [24/Oct/2023:14:52:26 +0000] "GET /CCG/system/%7B%22command%22:%22CHECKCONNECTIONS%22,%22server%22:%22%22%7D HTTP/1.1" 304 - "http://192.168.0.102:5656/gc/dfgdfg/dfgdfg" "Mozilla/5.0 (Windows NT 10.0; Win64; x64) AppleWebKit/537.36 (KHTML, like Gecko) Chrome/117.0.0.0 Safari/537.36 OPR/103.0.0.0"
::ffff:192.168.0.102 - - [24/Oct/2023:14:52:26 +0000] "GET /renderer/js/socket.io.js HTTP/1.1" 304 - "http://192.168.0.102:5656/renderer/" "Mozilla/5.0 (Windows NT 10.0; Win64; x64) AppleWebKit/537.36 (KHTML, like Gecko) Chrome/117.0.0.0 Safari/537.36 OPR/103.0.0.0"
::ffff:192.168.0.102 - - [24/Oct/2023:14:52:26 +0000] "GET /templates/empty.html HTTP/1.1" 304 - "http://192.168.0.102:5656/renderer/" "Mozilla/5.0 (Windows NT 10.0; Win64; x64) AppleWebKit/537.36 (KHTML, like Gecko) Chrome/117.0.0.0 Safari/537.36 OPR/103.0.0.0"
::ffff:192.168.0.102 - - [24/Oct/2023:14:52:26 +0000] "GET /templates/empty.html HTTP/1.1" 304 - "http://192.168.0.102:5656/renderer/" "Mozilla/5.0 (Windows NT 10.0; Win64; x64) AppleWebKit/537.36 (KHTML, like Gecko) Chrome/117.0.0.0 Safari/537.36 OPR/103.0.0.0"
::ffff:192.168.0.102 - - [24/Oct/2023:14:52:26 +0000] "GET /templates/empty.html HTTP/1.1" 304 - "http://192.168.0.102:5656/renderer/" "Mozilla/5.0 (Windows NT 10.0; Win64; x64) AppleWebKit/537.36 (KHTML, like Gecko) Chrome/117.0.0.0 Safari/537.36 OPR/103.0.0.0"
::ffff:192.168.0.102 - - [24/Oct/2023:14:52:26 +0000] "GET /templates/empty.html HTTP/1.1" 304 - "http://192.168.0.102:5656/renderer/" "Mozilla/5.0 (Windows NT 10.0; Win64; x64) AppleWebKit/537.36 (KHTML, like Gecko) Chrome/117.0.0.0 Safari/537.36 OPR/103.0.0.0"
::ffff:192.168.0.102 - - [24/Oct/2023:14:52:27 +0000] "GET /templates/empty.html HTTP/1.1" 304 - "http://192.168.0.102:5656/renderer/" "Mozilla/5.0 (Windows NT 10.0; Win64; x64) AppleWebKit/537.36 (KHTML, like Gecko) Chrome/117.0.0.0 Safari/537.36 OPR/103.0.0.0"
::ffff:192.168.0.102 - - [24/Oct/2023:14:52:27 +0000] "GET /templates/empty.html HTTP/1.1" 304 - "http://192.168.0.102:5656/renderer/" "Mozilla/5.0 (Windows NT 10.0; Win64; x64) AppleWebKit/537.36 (KHTML, like Gecko) Chrome/117.0.0.0 Safari/537.36 OPR/103.0.0.0"
::ffff:192.168.0.102 - - [24/Oct/2023:14:52:27 +0000] "GET /templates/empty.html HTTP/1.1" 304 - "http://192.168.0.102:5656/renderer/" "Mozilla/5.0 (Windows NT 10.0; Win64; x64) AppleWebKit/537.36 (KHTML, like Gecko) Chrome/117.0.0.0 Safari/537.36 OPR/103.0.0.0"
::ffff:192.168.0.102 - - [24/Oct/2023:14:52:27 +0000] "GET /templates/empty.html HTTP/1.1" 304 - "http://192.168.0.102:5656/renderer/" "Mozilla/5.0 (Windows NT 10.0; Win64; x64) AppleWebKit/537.36 (KHTML, like Gecko) Chrome/117.0.0.0 Safari/537.36 OPR/103.0.0.0"
::ffff:192.168.0.102 - - [24/Oct/2023:14:52:27 +0000] "GET /templates/empty.html HTTP/1.1" 304 - "http://192.168.0.102:5656/renderer/" "Mozilla/5.0 (Windows NT 10.0; Win64; x64) AppleWebKit/537.36 (KHTML, like Gecko) Chrome/117.0.0.0 Safari/537.36 OPR/103.0.0.0"
::ffff:192.168.0.102 - - [24/Oct/2023:14:52:27 +0000] "GET /templates/empty.html HTTP/1.1" 304 - "http://192.168.0.102:5656/renderer/" "Mozilla/5.0 (Windows NT 10.0; Win64; x64) AppleWebKit/537.36 (KHTML, like Gecko) Chrome/117.0.0.0 Safari/537.36 OPR/103.0.0.0"
::ffff:192.168.0.102 - - [24/Oct/2023:14:52:27 +0000] "GET /templates/empty.html HTTP/1.1" 304 - "http://192.168.0.102:5656/renderer/" "Mozilla/5.0 (Windows NT 10.0; Win64; x64) AppleWebKit/537.36 (KHTML, like Gecko) Chrome/117.0.0.0 Safari/537.36 OPR/103.0.0.0"
::ffff:192.168.0.102 - - [24/Oct/2023:14:52:27 +0000] "GET /templates/empty.html HTTP/1.1" 304 - "http://192.168.0.102:5656/renderer/" "Mozilla/5.0 (Windows NT 10.0; Win64; x64) AppleWebKit/537.36 (KHTML, like Gecko) Chrome/117.0.0.0 Safari/537.36 OPR/103.0.0.0"
::ffff:192.168.0.102 - - [24/Oct/2023:14:52:28 +0000] "GET /templates/empty.html HTTP/1.1" 304 - "http://192.168.0.102:5656/renderer/" "Mozilla/5.0 (Windows NT 10.0; Win64; x64) AppleWebKit/537.36 (KHTML, like Gecko) Chrome/117.0.0.0 Safari/537.36 OPR/103.0.0.0"
::ffff:192.168.0.102 - - [24/Oct/2023:14:52:28 +0000] "GET /templates/empty.html HTTP/1.1" 304 - "http://192.168.0.102:5656/renderer/" "Mozilla/5.0 (Windows NT 10.0; Win64; x64) AppleWebKit/537.36 (KHTML, like Gecko) Chrome/117.0.0.0 Safari/537.36 OPR/103.0.0.0"
::ffff:192.168.0.102 - - [24/Oct/2023:14:52:28 +0000] "POST /gc/dfgdfg/dfgdfg HTTP/1.1" 302 78 "http://192.168.0.102:5656/gc/dfgdfg/dfgdfg" "Mozilla/5.0 (Windows NT 10.0; Win64; x64) AppleWebKit/537.36 (KHTML, like Gecko) Chrome/117.0.0.0 Safari/537.36 OPR/103.0.0.0"
::ffff:192.168.0.102 - - [24/Oct/2023:14:52:28 +0000] "GET /templates/empty.html HTTP/1.1" 304 - "http://192.168.0.102:5656/renderer/" "Mozilla/5.0 (Windows NT 10.0; Win64; x64) AppleWebKit/537.36 (KHTML, like Gecko) Chrome/117.0.0.0 Safari/537.36 OPR/103.0.0.0"
::ffff:192.168.0.102 - - [24/Oct/2023:14:52:28 +0000] "GET /templates/empty.html HTTP/1.1" 304 - "http://192.168.0.102:5656/renderer/" "Mozilla/5.0 (Windows NT 10.0; Win64; x64) AppleWebKit/537.36 (KHTML, like Gecko) Chrome/117.0.0.0 Safari/537.36 OPR/103.0.0.0"
::ffff:192.168.0.102 - - [24/Oct/2023:14:52:28 +0000] "GET /gc/dfgdfg/dfgdfg HTTP/1.1" 200 60000 "http://192.168.0.102:5656/gc/dfgdfg/dfgdfg" "Mozilla/5.0 (Windows NT 10.0; Win64; x64) AppleWebKit/537.36 (KHTML, like Gecko) Chrome/117.0.0.0 Safari/537.36 OPR/103.0.0.0"
::ffff:192.168.0.102 - - [24/Oct/2023:14:52:28 +0000] "GET /templates/empty.html HTTP/1.1" 304 - "http://192.168.0.102:5656/renderer/" "Mozilla/5.0 (Windows NT 10.0; Win64; x64) AppleWebKit/537.36 (KHTML, like Gecko) Chrome/117.0.0.0 Safari/537.36 OPR/103.0.0.0"
::ffff:192.168.0.102 - - [24/Oct/2023:14:52:28 +0000] "GET /templates/empty.html HTTP/1.1" 304 - "http://192.168.0.102:5656/renderer/" "Mozilla/5.0 (Windows NT 10.0; Win64; x64) AppleWebKit/537.36 (KHTML, like Gecko) Chrome/117.0.0.0 Safari/537.36 OPR/103.0.0.0"
::ffff:192.168.0.102 - - [24/Oct/2023:14:52:28 +0000] "GET /js/axios.min.js HTTP/1.1" 304 - "http://192.168.0.102:5656/gc/dfgdfg/dfgdfg" "Mozilla/5.0 (Windows NT 10.0; Win64; x64) AppleWebKit/537.36 (KHTML, like Gecko) Chrome/117.0.0.0 Safari/537.36 OPR/103.0.0.0"
::ffff:192.168.0.102 - - [24/Oct/2023:14:52:28 +0000] "GET /js/fontawesome.all.min.js HTTP/1.1" 304 - "http://192.168.0.102:5656/gc/dfgdfg/dfgdfg" "Mozilla/5.0 (Windows NT 10.0; Win64; x64) AppleWebKit/537.36 (KHTML, like Gecko) Chrome/117.0.0.0 Safari/537.36 OPR/103.0.0.0"
::ffff:192.168.0.102 - - [24/Oct/2023:14:52:28 +0000] "GET /js/Sortable.min.js HTTP/1.1" 304 - "http://192.168.0.102:5656/gc/dfgdfg/dfgdfg" "Mozilla/5.0 (Windows NT 10.0; Win64; x64) AppleWebKit/537.36 (KHTML, like Gecko) Chrome/117.0.0.0 Safari/537.36 OPR/103.0.0.0"
::ffff:192.168.0.102 - - [24/Oct/2023:14:52:28 +0000] "GET /js/socket.io.js HTTP/1.1" 304 - "http://192.168.0.102:5656/gc/dfgdfg/dfgdfg" "Mozilla/5.0 (Windows NT 10.0; Win64; x64) AppleWebKit/537.36 (KHTML, like Gecko) Chrome/117.0.0.0 Safari/537.36 OPR/103.0.0.0"
::ffff:192.168.0.102 - - [24/Oct/2023:14:52:28 +0000] "GET /js/vanilla-js-tooltip.js HTTP/1.1" 304 - "http://192.168.0.102:5656/gc/dfgdfg/dfgdfg" "Mozilla/5.0 (Windows NT 10.0; Win64; x64) AppleWebKit/537.36 (KHTML, like Gecko) Chrome/117.0.0.0 Safari/537.36 OPR/103.0.0.0"
::ffff:192.168.0.102 - - [24/Oct/2023:14:52:28 +0000] "GET /js/spx_controllerImportFunctions.js HTTP/1.1" 304 - "http://192.168.0.102:5656/gc/dfgdfg/dfgdfg" "Mozilla/5.0 (Windows NT 10.0; Win64; x64) AppleWebKit/537.36 (KHTML, like Gecko) Chrome/117.0.0.0 Safari/537.36 OPR/103.0.0.0"
::ffff:192.168.0.102 - - [24/Oct/2023:14:52:28 +0000] "GET /js/anime.min.js HTTP/1.1" 304 - "http://192.168.0.102:5656/gc/dfgdfg/dfgdfg" "Mozilla/5.0 (Windows NT 10.0; Win64; x64) AppleWebKit/537.36 (KHTML, like Gecko) Chrome/117.0.0.0 Safari/537.36 OPR/103.0.0.0"
::ffff:192.168.0.102 - - [24/Oct/2023:14:52:28 +0000] "GET /js/lib/vanilla-picker.csp.min.js HTTP/1.1" 304 - "http://192.168.0.102:5656/gc/dfgdfg/dfgdfg" "Mozilla/5.0 (Windows NT 10.0; Win64; x64) AppleWebKit/537.36 (KHTML, like Gecko) Chrome/117.0.0.0 Safari/537.36 OPR/103.0.0.0"
::ffff:192.168.0.102 - - [24/Oct/2023:14:52:28 +0000] "GET /js/spx_gc.js HTTP/1.1" 304 - "http://192.168.0.102:5656/gc/dfgdfg/dfgdfg" "Mozilla/5.0 (Windows NT 10.0; Win64; x64) AppleWebKit/537.36 (KHTML, like Gecko) Chrome/117.0.0.0 Safari/537.36 OPR/103.0.0.0"
::ffff:192.168.0.102 - - [24/Oct/2023:14:52:28 +0000] "GET /css/spx_layout.css HTTP/1.1" 304 - "http://192.168.0.102:5656/gc/dfgdfg/dfgdfg" "Mozilla/5.0 (Windows NT 10.0; Win64; x64) AppleWebKit/537.36 (KHTML, like Gecko) Chrome/117.0.0.0 Safari/537.36 OPR/103.0.0.0"
::ffff:192.168.0.102 - - [24/Oct/2023:14:52:28 +0000] "GET /css/spx_forms.css HTTP/1.1" 304 - "http://192.168.0.102:5656/gc/dfgdfg/dfgdfg" "Mozilla/5.0 (Windows NT 10.0; Win64; x64) AppleWebKit/537.36 (KHTML, like Gecko) Chrome/117.0.0.0 Safari/537.36 OPR/103.0.0.0"
::ffff:192.168.0.102 - - [24/Oct/2023:14:52:28 +0000] "GET /css/spx_colors.css HTTP/1.1" 304 - "http://192.168.0.102:5656/gc/dfgdfg/dfgdfg" "Mozilla/5.0 (Windows NT 10.0; Win64; x64) AppleWebKit/537.36 (KHTML, like Gecko) Chrome/117.0.0.0 Safari/537.36 OPR/103.0.0.0"
::ffff:192.168.0.102 - - [24/Oct/2023:14:52:28 +0000] "GET /css/spx_accents.css HTTP/1.1" 304 - "http://192.168.0.102:5656/gc/dfgdfg/dfgdfg" "Mozilla/5.0 (Windows NT 10.0; Win64; x64) AppleWebKit/537.36 (KHTML, like Gecko) Chrome/117.0.0.0 Safari/537.36 OPR/103.0.0.0"
::ffff:192.168.0.102 - - [24/Oct/2023:14:52:28 +0000] "GET /css/vanilla-js-tooltip.css HTTP/1.1" 304 - "http://192.168.0.102:5656/gc/dfgdfg/dfgdfg" "Mozilla/5.0 (Windows NT 10.0; Win64; x64) AppleWebKit/537.36 (KHTML, like Gecko) Chrome/117.0.0.0 Safari/537.36 OPR/103.0.0.0"
::ffff:192.168.0.102 - - [24/Oct/2023:14:52:28 +0000] "GET /css/vanilla-picker.csp.css HTTP/1.1" 304 - "http://192.168.0.102:5656/gc/dfgdfg/dfgdfg" "Mozilla/5.0 (Windows NT 10.0; Win64; x64) AppleWebKit/537.36 (KHTML, like Gecko) Chrome/117.0.0.0 Safari/537.36 OPR/103.0.0.0"
::ffff:192.168.0.102 - - [24/Oct/2023:14:52:29 +0000] "GET /img/spx_online.png HTTP/1.1" 304 - "http://192.168.0.102:5656/gc/dfgdfg/dfgdfg" "Mozilla/5.0 (Windows NT 10.0; Win64; x64) AppleWebKit/537.36 (KHTML, like Gecko) Chrome/117.0.0.0 Safari/537.36 OPR/103.0.0.0"
::ffff:192.168.0.102 - - [24/Oct/2023:14:52:29 +0000] "GET /img/spx_offline.png HTTP/1.1" 404 158 "http://192.168.0.102:5656/gc/dfgdfg/dfgdfg" "Mozilla/5.0 (Windows NT 10.0; Win64; x64) AppleWebKit/537.36 (KHTML, like Gecko) Chrome/117.0.0.0 Safari/537.36 OPR/103.0.0.0"
::ffff:192.168.0.102 - - [24/Oct/2023:14:52:29 +0000] "GET /img/storeicon.png HTTP/1.1" 304 - "http://192.168.0.102:5656/gc/dfgdfg/dfgdfg" "Mozilla/5.0 (Windows NT 10.0; Win64; x64) AppleWebKit/537.36 (KHTML, like Gecko) Chrome/117.0.0.0 Safari/537.36 OPR/103.0.0.0"
::ffff:192.168.0.102 - - [24/Oct/2023:14:52:29 +0000] "GET /renderer/ HTTP/1.1" 304 - "http://192.168.0.102:5656/gc/dfgdfg/dfgdfg" "Mozilla/5.0 (Windows NT 10.0; Win64; x64) AppleWebKit/537.36 (KHTML, like Gecko) Chrome/117.0.0.0 Safari/537.36 OPR/103.0.0.0"
::ffff:192.168.0.102 - - [24/Oct/2023:14:52:29 +0000] "POST /gc/playout HTTP/1.1" 200 - "http://192.168.0.102:5656/gc/dfgdfg/dfgdfg" "Mozilla/5.0 (Windows NT 10.0; Win64; x64) AppleWebKit/537.36 (KHTML, like Gecko) Chrome/117.0.0.0 Safari/537.36 OPR/103.0.0.0"
::ffff:192.168.0.102 - - [24/Oct/2023:14:52:29 +0000] "GET /renderer/js/socket.io.js HTTP/1.1" 304 - "http://192.168.0.102:5656/renderer/" "Mozilla/5.0 (Windows NT 10.0; Win64; x64) AppleWebKit/537.36 (KHTML, like Gecko) Chrome/117.0.0.0 Safari/537.36 OPR/103.0.0.0"
::ffff:192.168.0.102 - - [24/Oct/2023:14:52:29 +0000] "GET /CCG/system/%7B%22command%22:%22CHECKCONNECTIONS%22,%22server%22:%22%22%7D HTTP/1.1" 304 - "http://192.168.0.102:5656/gc/dfgdfg/dfgdfg" "Mozilla/5.0 (Windows NT 10.0; Win64; x64) AppleWebKit/537.36 (KHTML, like Gecko) Chrome/117.0.0.0 Safari/537.36 OPR/103.0.0.0"
::ffff:192.168.0.102 - - [24/Oct/2023:14:52:29 +0000] "GET /templates/empty.html HTTP/1.1" 200 3032 "http://192.168.0.102:5656/renderer/" "Mozilla/5.0 (Windows NT 10.0; Win64; x64) AppleWebKit/537.36 (KHTML, like Gecko) Chrome/117.0.0.0 Safari/537.36 OPR/103.0.0.0"
::ffff:192.168.0.101 - - [24/Oct/2023:14:52:29 +0000] "GET /renderer/js/socket.io.js HTTP/1.1" 304 - "http://192.168.0.102:5656/renderer/" "Mozilla/5.0 (Windows NT 6.3; WOW64) AppleWebKit/537.36 (KHTML, like Gecko) Chrome/109.0.0.0 Safari/537.36 OPR/95.0.0.0"
::ffff:192.168.0.102 - - [24/Oct/2023:14:52:30 +0000] "GET /templates/empty.html HTTP/1.1" 304 - "http://192.168.0.102:5656/renderer/" "Mozilla/5.0 (Windows NT 10.0; Win64; x64) AppleWebKit/537.36 (KHTML, like Gecko) Chrome/117.0.0.0 Safari/537.36 OPR/103.0.0.0"
::ffff:192.168.0.102 - - [24/Oct/2023:14:52:30 +0000] "GET /templates/empty.html HTTP/1.1" 304 - "http://192.168.0.102:5656/renderer/" "Mozilla/5.0 (Windows NT 10.0; Win64; x64) AppleWebKit/537.36 (KHTML, like Gecko) Chrome/117.0.0.0 Safari/537.36 OPR/103.0.0.0"
::ffff:192.168.0.102 - - [24/Oct/2023:14:52:30 +0000] "GET /templates/empty.html HTTP/1.1" 304 - "http://192.168.0.102:5656/renderer/" "Mozilla/5.0 (Windows NT 10.0; Win64; x64) AppleWebKit/537.36 (KHTML, like Gecko) Chrome/117.0.0.0 Safari/537.36 OPR/103.0.0.0"
::ffff:192.168.0.102 - - [24/Oct/2023:14:52:30 +0000] "GET /templates/empty.html HTTP/1.1" 304 - "http://192.168.0.102:5656/renderer/" "Mozilla/5.0 (Windows NT 10.0; Win64; x64) AppleWebKit/537.36 (KHTML, like Gecko) Chrome/117.0.0.0 Safari/537.36 OPR/103.0.0.0"
::ffff:192.168.0.102 - - [24/Oct/2023:14:52:30 +0000] "GET /templates/empty.html HTTP/1.1" 304 - "http://192.168.0.102:5656/renderer/" "Mozilla/5.0 (Windows NT 10.0; Win64; x64) AppleWebKit/537.36 (KHTML, like Gecko) Chrome/117.0.0.0 Safari/537.36 OPR/103.0.0.0"
::ffff:192.168.0.101 - - [24/Oct/2023:14:52:30 +0000] "GET /templates/empty.html HTTP/1.1" 304 - "http://192.168.0.102:5656/renderer/" "Mozilla/5.0 (Windows NT 6.3; WOW64) AppleWebKit/537.36 (KHTML, like Gecko) Chrome/109.0.0.0 Safari/537.36 OPR/95.0.0.0"
::ffff:192.168.0.102 - - [24/Oct/2023:14:52:30 +0000] "GET /templates/empty.html HTTP/1.1" 304 - "http://192.168.0.102:5656/renderer/" "Mozilla/5.0 (Windows NT 10.0; Win64; x64) AppleWebKit/537.36 (KHTML, like Gecko) Chrome/117.0.0.0 Safari/537.36 OPR/103.0.0.0"
::ffff:192.168.0.101 - - [24/Oct/2023:14:52:30 +0000] "GET /templates/empty.html HTTP/1.1" 304 - "http://192.168.0.102:5656/renderer/" "Mozilla/5.0 (Windows NT 6.3; WOW64) AppleWebKit/537.36 (KHTML, like Gecko) Chrome/109.0.0.0 Safari/537.36 OPR/95.0.0.0"
::ffff:192.168.0.101 - - [24/Oct/2023:14:52:30 +0000] "GET /templates/empty.html HTTP/1.1" 304 - "http://192.168.0.102:5656/renderer/" "Mozilla/5.0 (Windows NT 6.3; WOW64) AppleWebKit/537.36 (KHTML, like Gecko) Chrome/109.0.0.0 Safari/537.36 OPR/95.0.0.0"
::ffff:192.168.0.101 - - [24/Oct/2023:14:52:30 +0000] "GET /templates/empty.html HTTP/1.1" 304 - "http://192.168.0.102:5656/renderer/" "Mozilla/5.0 (Windows NT 6.3; WOW64) AppleWebKit/537.36 (KHTML, like Gecko) Chrome/109.0.0.0 Safari/537.36 OPR/95.0.0.0"
::ffff:192.168.0.102 - - [24/Oct/2023:14:52:30 +0000] "GET /templates/empty.html HTTP/1.1" 304 - "http://192.168.0.102:5656/renderer/" "Mozilla/5.0 (Windows NT 10.0; Win64; x64) AppleWebKit/537.36 (KHTML, like Gecko) Chrome/117.0.0.0 Safari/537.36 OPR/103.0.0.0"
::ffff:192.168.0.101 - - [24/Oct/2023:14:52:30 +0000] "GET /templates/empty.html HTTP/1.1" 304 - "http://192.168.0.102:5656/renderer/" "Mozilla/5.0 (Windows NT 6.3; WOW64) AppleWebKit/537.36 (KHTML, like Gecko) Chrome/109.0.0.0 Safari/537.36 OPR/95.0.0.0"
::ffff:192.168.0.101 - - [24/Oct/2023:14:52:30 +0000] "GET /templates/empty.html HTTP/1.1" 304 - "http://192.168.0.102:5656/renderer/" "Mozilla/5.0 (Windows NT 6.3; WOW64) AppleWebKit/537.36 (KHTML, like Gecko) Chrome/109.0.0.0 Safari/537.36 OPR/95.0.0.0"
::ffff:192.168.0.101 - - [24/Oct/2023:14:52:30 +0000] "GET /templates/empty.html HTTP/1.1" 304 - "http://192.168.0.102:5656/renderer/" "Mozilla/5.0 (Windows NT 6.3; WOW64) AppleWebKit/537.36 (KHTML, like Gecko) Chrome/109.0.0.0 Safari/537.36 OPR/95.0.0.0"
::ffff:192.168.0.102 - - [24/Oct/2023:14:52:30 +0000] "GET /templates/empty.html HTTP/1.1" 304 - "http://192.168.0.102:5656/renderer/" "Mozilla/5.0 (Windows NT 10.0; Win64; x64) AppleWebKit/537.36 (KHTML, like Gecko) Chrome/117.0.0.0 Safari/537.36 OPR/103.0.0.0"
::ffff:192.168.0.101 - - [24/Oct/2023:14:52:30 +0000] "GET /templates/empty.html HTTP/1.1" 304 - "http://192.168.0.102:5656/renderer/" "Mozilla/5.0 (Windows NT 6.3; WOW64) AppleWebKit/537.36 (KHTML, like Gecko) Chrome/109.0.0.0 Safari/537.36 OPR/95.0.0.0"
::ffff:192.168.0.102 - - [24/Oct/2023:14:52:30 +0000] "GET /templates/empty.html HTTP/1.1" 304 - "http://192.168.0.102:5656/renderer/" "Mozilla/5.0 (Windows NT 10.0; Win64; x64) AppleWebKit/537.36 (KHTML, like Gecko) Chrome/117.0.0.0 Safari/537.36 OPR/103.0.0.0"
::ffff:192.168.0.101 - - [24/Oct/2023:14:52:30 +0000] "GET /templates/empty.html HTTP/1.1" 304 - "http://192.168.0.102:5656/renderer/" "Mozilla/5.0 (Windows NT 6.3; WOW64) AppleWebKit/537.36 (KHTML, like Gecko) Chrome/109.0.0.0 Safari/537.36 OPR/95.0.0.0"
::ffff:192.168.0.101 - - [24/Oct/2023:14:52:30 +0000] "GET /templates/empty.html HTTP/1.1" 304 - "http://192.168.0.102:5656/renderer/" "Mozilla/5.0 (Windows NT 6.3; WOW64) AppleWebKit/537.36 (KHTML, like Gecko) Chrome/109.0.0.0 Safari/537.36 OPR/95.0.0.0"
::ffff:192.168.0.101 - - [24/Oct/2023:14:52:30 +0000] "GET /templates/empty.html HTTP/1.1" 304 - "http://192.168.0.102:5656/renderer/" "Mozilla/5.0 (Windows NT 6.3; WOW64) AppleWebKit/537.36 (KHTML, like Gecko) Chrome/109.0.0.0 Safari/537.36 OPR/95.0.0.0"
::ffff:192.168.0.101 - - [24/Oct/2023:14:52:30 +0000] "GET /templates/empty.html HTTP/1.1" 304 - "http://192.168.0.102:5656/renderer/" "Mozilla/5.0 (Windows NT 6.3; WOW64) AppleWebKit/537.36 (KHTML, like Gecko) Chrome/109.0.0.0 Safari/537.36 OPR/95.0.0.0"
::ffff:192.168.0.102 - - [24/Oct/2023:14:52:30 +0000] "GET /templates/empty.html HTTP/1.1" 304 - "http://192.168.0.102:5656/renderer/" "Mozilla/5.0 (Windows NT 10.0; Win64; x64) AppleWebKit/537.36 (KHTML, like Gecko) Chrome/117.0.0.0 Safari/537.36 OPR/103.0.0.0"
::ffff:192.168.0.101 - - [24/Oct/2023:14:52:30 +0000] "GET /templates/empty.html HTTP/1.1" 304 - "http://192.168.0.102:5656/renderer/" "Mozilla/5.0 (Windows NT 6.3; WOW64) AppleWebKit/537.36 (KHTML, like Gecko) Chrome/109.0.0.0 Safari/537.36 OPR/95.0.0.0"
::ffff:192.168.0.101 - - [24/Oct/2023:14:52:30 +0000] "GET /templates/empty.html HTTP/1.1" 304 - "http://192.168.0.102:5656/renderer/" "Mozilla/5.0 (Windows NT 6.3; WOW64) AppleWebKit/537.36 (KHTML, like Gecko) Chrome/109.0.0.0 Safari/537.36 OPR/95.0.0.0"
::ffff:192.168.0.102 - - [24/Oct/2023:14:52:30 +0000] "GET /templates/empty.html HTTP/1.1" 304 - "http://192.168.0.102:5656/renderer/" "Mozilla/5.0 (Windows NT 10.0; Win64; x64) AppleWebKit/537.36 (KHTML, like Gecko) Chrome/117.0.0.0 Safari/537.36 OPR/103.0.0.0"
::ffff:192.168.0.101 - - [24/Oct/2023:14:52:30 +0000] "GET /templates/empty.html HTTP/1.1" 304 - "http://192.168.0.102:5656/renderer/" "Mozilla/5.0 (Windows NT 6.3; WOW64) AppleWebKit/537.36 (KHTML, like Gecko) Chrome/109.0.0.0 Safari/537.36 OPR/95.0.0.0"
::ffff:192.168.0.102 - - [24/Oct/2023:14:52:30 +0000] "GET /templates/empty.html HTTP/1.1" 304 - "http://192.168.0.102:5656/renderer/" "Mozilla/5.0 (Windows NT 10.0; Win64; x64) AppleWebKit/537.36 (KHTML, like Gecko) Chrome/117.0.0.0 Safari/537.36 OPR/103.0.0.0"
::ffff:192.168.0.101 - - [24/Oct/2023:14:52:31 +0000] "GET /templates/empty.html HTTP/1.1" 304 - "http://192.168.0.102:5656/renderer/" "Mozilla/5.0 (Windows NT 6.3; WOW64) AppleWebKit/537.36 (KHTML, like Gecko) Chrome/109.0.0.0 Safari/537.36 OPR/95.0.0.0"
::ffff:192.168.0.101 - - [24/Oct/2023:14:52:31 +0000] "GET /templates/empty.html HTTP/1.1" 304 - "http://192.168.0.102:5656/renderer/" "Mozilla/5.0 (Windows NT 6.3; WOW64) AppleWebKit/537.36 (KHTML, like Gecko) Chrome/109.0.0.0 Safari/537.36 OPR/95.0.0.0"
::ffff:192.168.0.101 - - [24/Oct/2023:14:52:31 +0000] "GET /templates/empty.html HTTP/1.1" 304 - "http://192.168.0.102:5656/renderer/" "Mozilla/5.0 (Windows NT 6.3; WOW64) AppleWebKit/537.36 (KHTML, like Gecko) Chrome/109.0.0.0 Safari/537.36 OPR/95.0.0.0"
::ffff:192.168.0.101 - - [24/Oct/2023:14:52:31 +0000] "GET /templates/empty.html HTTP/1.1" 304 - "http://192.168.0.102:5656/renderer/" "Mozilla/5.0 (Windows NT 6.3; WOW64) AppleWebKit/537.36 (KHTML, like Gecko) Chrome/109.0.0.0 Safari/537.36 OPR/95.0.0.0"
::ffff:192.168.0.101 - - [24/Oct/2023:14:52:31 +0000] "GET /templates/empty.html HTTP/1.1" 304 - "http://192.168.0.102:5656/renderer/" "Mozilla/5.0 (Windows NT 6.3; WOW64) AppleWebKit/537.36 (KHTML, like Gecko) Chrome/109.0.0.0 Safari/537.36 OPR/95.0.0.0"
::ffff:192.168.0.102 - - [24/Oct/2023:14:52:31 +0000] "GET /templates/empty.html HTTP/1.1" 304 - "http://192.168.0.102:5656/renderer/" "Mozilla/5.0 (Windows NT 10.0; Win64; x64) AppleWebKit/537.36 (KHTML, like Gecko) Chrome/117.0.0.0 Safari/537.36 OPR/103.0.0.0"
::ffff:192.168.0.102 - - [24/Oct/2023:14:52:31 +0000] "GET /templates/empty.html HTTP/1.1" 304 - "http://192.168.0.102:5656/renderer/" "Mozilla/5.0 (Windows NT 10.0; Win64; x64) AppleWebKit/537.36 (KHTML, like Gecko) Chrome/117.0.0.0 Safari/537.36 OPR/103.0.0.0"
::ffff:192.168.0.102 - - [24/Oct/2023:14:52:31 +0000] "GET /templates/empty.html HTTP/1.1" 304 - "http://192.168.0.102:5656/renderer/" "Mozilla/5.0 (Windows NT 10.0; Win64; x64) AppleWebKit/537.36 (KHTML, like Gecko) Chrome/117.0.0.0 Safari/537.36 OPR/103.0.0.0"
::ffff:192.168.0.102 - - [24/Oct/2023:14:52:31 +0000] "GET /templates/empty.html HTTP/1.1" 304 - "http://192.168.0.102:5656/renderer/" "Mozilla/5.0 (Windows NT 10.0; Win64; x64) AppleWebKit/537.36 (KHTML, like Gecko) Chrome/117.0.0.0 Safari/537.36 OPR/103.0.0.0"
::ffff:192.168.0.102 - - [24/Oct/2023:14:52:31 +0000] "GET /templates/empty.html HTTP/1.1" 304 - "http://192.168.0.102:5656/renderer/" "Mozilla/5.0 (Windows NT 10.0; Win64; x64) AppleWebKit/537.36 (KHTML, like Gecko) Chrome/117.0.0.0 Safari/537.36 OPR/103.0.0.0"
::ffff:192.168.0.101 - - [24/Oct/2023:14:52:32 +0000] "GET /favicon.ico HTTP/1.1" 304 - "http://192.168.0.102:5656/renderwindow/program" "Mozilla/5.0 (Windows NT 6.3; WOW64) AppleWebKit/537.36 (KHTML, like Gecko) Chrome/109.0.0.0 Safari/537.36 OPR/95.0.0.0"
::ffff:192.168.0.102 - - [24/Oct/2023:14:52:32 +0000] "GET /templates/empty.html HTTP/1.1" 304 - "http://192.168.0.102:5656/renderer/" "Mozilla/5.0 (Windows NT 10.0; Win64; x64) AppleWebKit/537.36 (KHTML, like Gecko) Chrome/117.0.0.0 Safari/537.36 OPR/103.0.0.0"
::ffff:192.168.0.102 - - [24/Oct/2023:14:52:32 +0000] "GET /templates/empty.html HTTP/1.1" 304 - "http://192.168.0.102:5656/renderer/" "Mozilla/5.0 (Windows NT 10.0; Win64; x64) AppleWebKit/537.36 (KHTML, like Gecko) Chrome/117.0.0.0 Safari/537.36 OPR/103.0.0.0"
::ffff:192.168.0.102 - - [24/Oct/2023:14:52:32 +0000] "POST /gc/playout HTTP/1.1" 200 - "http://192.168.0.102:5656/gc/dfgdfg/dfgdfg" "Mozilla/5.0 (Windows NT 10.0; Win64; x64) AppleWebKit/537.36 (KHTML, like Gecko) Chrome/117.0.0.0 Safari/537.36 OPR/103.0.0.0"
::ffff:192.168.0.102 - - [24/Oct/2023:14:53:19 +0000] "POST /gc/playout HTTP/1.1" 200 - "http://192.168.0.102:5656/gc/dfgdfg/dfgdfg" "Mozilla/5.0 (Windows NT 10.0; Win64; x64) AppleWebKit/537.36 (KHTML, like Gecko) Chrome/117.0.0.0 Safari/537.36 OPR/103.0.0.0"
::ffff:192.168.0.102 - - [24/Oct/2023:14:53:21 +0000] "POST /gc/saveItemChanges HTTP/1.1" 200 236 "http://192.168.0.102:5656/gc/dfgdfg/dfgdfg" "Mozilla/5.0 (Windows NT 10.0; Win64; x64) AppleWebKit/537.36 (KHTML, like Gecko) Chrome/117.0.0.0 Safari/537.36 OPR/103.0.0.0"
::ffff:192.168.0.102 - - [24/Oct/2023:14:54:41 +0000] "POST /gc/playout HTTP/1.1" 200 - "http://192.168.0.102:5656/gc/dfgdfg/dfgdfg" "Mozilla/5.0 (Windows NT 10.0; Win64; x64) AppleWebKit/537.36 (KHTML, like Gecko) Chrome/117.0.0.0 Safari/537.36 OPR/103.0.0.0"
::ffff:192.168.0.102 - - [24/Oct/2023:14:54:43 +0000] "POST /gc/playout HTTP/1.1" 200 - "http://192.168.0.102:5656/gc/dfgdfg/dfgdfg" "Mozilla/5.0 (Windows NT 10.0; Win64; x64) AppleWebKit/537.36 (KHTML, like Gecko) Chrome/117.0.0.0 Safari/537.36 OPR/103.0.0.0"
::ffff:192.168.0.102 - - [24/Oct/2023:14:56:28 +0000] "POST /gc/saveItemChanges HTTP/1.1" 200 236 "http://192.168.0.102:5656/gc/dfgdfg/dfgdfg" "Mozilla/5.0 (Windows NT 10.0; Win64; x64) AppleWebKit/537.36 (KHTML, like Gecko) Chrome/117.0.0.0 Safari/537.36 OPR/103.0.0.0"
::ffff:192.168.0.102 - - [24/Oct/2023:14:56:32 +0000] "GET /gc/dfgdfg/dfgdfg HTTP/1.1" 200 60019 "http://192.168.0.102:5656/gc/dfgdfg/dfgdfg" "Mozilla/5.0 (Windows NT 10.0; Win64; x64) AppleWebKit/537.36 (KHTML, like Gecko) Chrome/117.0.0.0 Safari/537.36 OPR/103.0.0.0"
::ffff:192.168.0.102 - - [24/Oct/2023:14:56:34 +0000] "GET /js/axios.min.js HTTP/1.1" 304 - "http://192.168.0.102:5656/gc/dfgdfg/dfgdfg" "Mozilla/5.0 (Windows NT 10.0; Win64; x64) AppleWebKit/537.36 (KHTML, like Gecko) Chrome/117.0.0.0 Safari/537.36 OPR/103.0.0.0"
::ffff:192.168.0.102 - - [24/Oct/2023:14:56:34 +0000] "GET /js/fontawesome.all.min.js HTTP/1.1" 304 - "http://192.168.0.102:5656/gc/dfgdfg/dfgdfg" "Mozilla/5.0 (Windows NT 10.0; Win64; x64) AppleWebKit/537.36 (KHTML, like Gecko) Chrome/117.0.0.0 Safari/537.36 OPR/103.0.0.0"
::ffff:192.168.0.102 - - [24/Oct/2023:14:56:34 +0000] "GET /css/spx_fonts.css HTTP/1.1" 304 - "http://192.168.0.102:5656/gc/dfgdfg/dfgdfg" "Mozilla/5.0 (Windows NT 10.0; Win64; x64) AppleWebKit/537.36 (KHTML, like Gecko) Chrome/117.0.0.0 Safari/537.36 OPR/103.0.0.0"
::ffff:192.168.0.102 - - [24/Oct/2023:14:56:34 +0000] "GET /css/spx_layout.css HTTP/1.1" 304 - "http://192.168.0.102:5656/gc/dfgdfg/dfgdfg" "Mozilla/5.0 (Windows NT 10.0; Win64; x64) AppleWebKit/537.36 (KHTML, like Gecko) Chrome/117.0.0.0 Safari/537.36 OPR/103.0.0.0"
::ffff:192.168.0.102 - - [24/Oct/2023:14:56:34 +0000] "GET /css/spx_colors.css HTTP/1.1" 304 - "http://192.168.0.102:5656/gc/dfgdfg/dfgdfg" "Mozilla/5.0 (Windows NT 10.0; Win64; x64) AppleWebKit/537.36 (KHTML, like Gecko) Chrome/117.0.0.0 Safari/537.36 OPR/103.0.0.0"
::ffff:192.168.0.102 - - [24/Oct/2023:14:56:34 +0000] "GET /css/spx_modal.css HTTP/1.1" 304 - "http://192.168.0.102:5656/gc/dfgdfg/dfgdfg" "Mozilla/5.0 (Windows NT 10.0; Win64; x64) AppleWebKit/537.36 (KHTML, like Gecko) Chrome/117.0.0.0 Safari/537.36 OPR/103.0.0.0"
::ffff:192.168.0.102 - - [24/Oct/2023:14:56:34 +0000] "GET /css/spx_accents.css HTTP/1.1" 304 - "http://192.168.0.102:5656/gc/dfgdfg/dfgdfg" "Mozilla/5.0 (Windows NT 10.0; Win64; x64) AppleWebKit/537.36 (KHTML, like Gecko) Chrome/117.0.0.0 Safari/537.36 OPR/103.0.0.0"
::ffff:192.168.0.102 - - [24/Oct/2023:14:56:34 +0000] "GET /css/vanilla-js-tooltip.css HTTP/1.1" 304 - "http://192.168.0.102:5656/gc/dfgdfg/dfgdfg" "Mozilla/5.0 (Windows NT 10.0; Win64; x64) AppleWebKit/537.36 (KHTML, like Gecko) Chrome/117.0.0.0 Safari/537.36 OPR/103.0.0.0"
::ffff:192.168.0.102 - - [24/Oct/2023:14:56:34 +0000] "GET /css/vanilla-picker.csp.css HTTP/1.1" 304 - "http://192.168.0.102:5656/gc/dfgdfg/dfgdfg" "Mozilla/5.0 (Windows NT 10.0; Win64; x64) AppleWebKit/537.36 (KHTML, like Gecko) Chrome/117.0.0.0 Safari/537.36 OPR/103.0.0.0"
::ffff:192.168.0.102 - - [24/Oct/2023:14:56:34 +0000] "GET /css/toggle2.css HTTP/1.1" 304 - "http://192.168.0.102:5656/gc/dfgdfg/dfgdfg" "Mozilla/5.0 (Windows NT 10.0; Win64; x64) AppleWebKit/537.36 (KHTML, like Gecko) Chrome/117.0.0.0 Safari/537.36 OPR/103.0.0.0"
::ffff:192.168.0.102 - - [24/Oct/2023:14:56:34 +0000] "GET /css/toggle.css HTTP/1.1" 304 - "http://192.168.0.102:5656/gc/dfgdfg/dfgdfg" "Mozilla/5.0 (Windows NT 10.0; Win64; x64) AppleWebKit/537.36 (KHTML, like Gecko) Chrome/117.0.0.0 Safari/537.36 OPR/103.0.0.0"
::ffff:192.168.0.102 - - [24/Oct/2023:14:56:34 +0000] "GET /js/socket.io.js HTTP/1.1" 304 - "http://192.168.0.102:5656/gc/dfgdfg/dfgdfg" "Mozilla/5.0 (Windows NT 10.0; Win64; x64) AppleWebKit/537.36 (KHTML, like Gecko) Chrome/117.0.0.0 Safari/537.36 OPR/103.0.0.0"
::ffff:192.168.0.102 - - [24/Oct/2023:14:56:34 +0000] "GET /js/spx_controllerImportFunctions.js HTTP/1.1" 304 - "http://192.168.0.102:5656/gc/dfgdfg/dfgdfg" "Mozilla/5.0 (Windows NT 10.0; Win64; x64) AppleWebKit/537.36 (KHTML, like Gecko) Chrome/117.0.0.0 Safari/537.36 OPR/103.0.0.0"
::ffff:192.168.0.102 - - [24/Oct/2023:14:56:35 +0000] "GET /js/spx_gc.js HTTP/1.1" 304 - "http://192.168.0.102:5656/gc/dfgdfg/dfgdfg" "Mozilla/5.0 (Windows NT 10.0; Win64; x64) AppleWebKit/537.36 (KHTML, like Gecko) Chrome/117.0.0.0 Safari/537.36 OPR/103.0.0.0"
::ffff:192.168.0.102 - - [24/Oct/2023:14:56:35 +0000] "GET /img/spx_online.png HTTP/1.1" 304 - "http://192.168.0.102:5656/gc/dfgdfg/dfgdfg" "Mozilla/5.0 (Windows NT 10.0; Win64; x64) AppleWebKit/537.36 (KHTML, like Gecko) Chrome/117.0.0.0 Safari/537.36 OPR/103.0.0.0"
::ffff:192.168.0.102 - - [24/Oct/2023:14:56:35 +0000] "GET /img/storeicon.png HTTP/1.1" 304 - "http://192.168.0.102:5656/gc/dfgdfg/dfgdfg" "Mozilla/5.0 (Windows NT 10.0; Win64; x64) AppleWebKit/537.36 (KHTML, like Gecko) Chrome/117.0.0.0 Safari/537.36 OPR/103.0.0.0"
::ffff:192.168.0.102 - - [24/Oct/2023:14:56:35 +0000] "GET /img/spx_offline.png HTTP/1.1" 404 158 "http://192.168.0.102:5656/gc/dfgdfg/dfgdfg" "Mozilla/5.0 (Windows NT 10.0; Win64; x64) AppleWebKit/537.36 (KHTML, like Gecko) Chrome/117.0.0.0 Safari/537.36 OPR/103.0.0.0"
::ffff:192.168.0.102 - - [24/Oct/2023:14:56:35 +0000] "GET /renderer/ HTTP/1.1" 304 - "http://192.168.0.102:5656/gc/dfgdfg/dfgdfg" "Mozilla/5.0 (Windows NT 10.0; Win64; x64) AppleWebKit/537.36 (KHTML, like Gecko) Chrome/117.0.0.0 Safari/537.36 OPR/103.0.0.0"
::ffff:192.168.0.102 - - [24/Oct/2023:14:56:36 +0000] "POST /gc/playout HTTP/1.1" 200 - "http://192.168.0.102:5656/gc/dfgdfg/dfgdfg" "Mozilla/5.0 (Windows NT 10.0; Win64; x64) AppleWebKit/537.36 (KHTML, like Gecko) Chrome/117.0.0.0 Safari/537.36 OPR/103.0.0.0"
::ffff:192.168.0.102 - - [24/Oct/2023:14:56:36 +0000] "GET /renderer/js/socket.io.js HTTP/1.1" 304 - "http://192.168.0.102:5656/renderer/" "Mozilla/5.0 (Windows NT 10.0; Win64; x64) AppleWebKit/537.36 (KHTML, like Gecko) Chrome/117.0.0.0 Safari/537.36 OPR/103.0.0.0"
::ffff:192.168.0.102 - - [24/Oct/2023:14:56:36 +0000] "GET /CCG/system/%7B%22command%22:%22CHECKCONNECTIONS%22,%22server%22:%22%22%7D HTTP/1.1" 304 - "http://192.168.0.102:5656/gc/dfgdfg/dfgdfg" "Mozilla/5.0 (Windows NT 10.0; Win64; x64) AppleWebKit/537.36 (KHTML, like Gecko) Chrome/117.0.0.0 Safari/537.36 OPR/103.0.0.0"
::ffff:192.168.0.102 - - [24/Oct/2023:14:56:38 +0000] "GET /templates/empty.html HTTP/1.1" 304 - "http://192.168.0.102:5656/renderer/" "Mozilla/5.0 (Windows NT 10.0; Win64; x64) AppleWebKit/537.36 (KHTML, like Gecko) Chrome/117.0.0.0 Safari/537.36 OPR/103.0.0.0"
::ffff:192.168.0.102 - - [24/Oct/2023:14:56:38 +0000] "GET /templates/empty.html HTTP/1.1" 304 - "http://192.168.0.102:5656/renderer/" "Mozilla/5.0 (Windows NT 10.0; Win64; x64) AppleWebKit/537.36 (KHTML, like Gecko) Chrome/117.0.0.0 Safari/537.36 OPR/103.0.0.0"
::ffff:192.168.0.102 - - [24/Oct/2023:14:56:38 +0000] "GET /templates/empty.html HTTP/1.1" 304 - "http://192.168.0.102:5656/renderer/" "Mozilla/5.0 (Windows NT 10.0; Win64; x64) AppleWebKit/537.36 (KHTML, like Gecko) Chrome/117.0.0.0 Safari/537.36 OPR/103.0.0.0"
::ffff:192.168.0.102 - - [24/Oct/2023:14:56:38 +0000] "GET /templates/empty.html HTTP/1.1" 304 - "http://192.168.0.102:5656/renderer/" "Mozilla/5.0 (Windows NT 10.0; Win64; x64) AppleWebKit/537.36 (KHTML, like Gecko) Chrome/117.0.0.0 Safari/537.36 OPR/103.0.0.0"
::ffff:192.168.0.102 - - [24/Oct/2023:14:56:38 +0000] "GET /templates/empty.html HTTP/1.1" 304 - "http://192.168.0.102:5656/renderer/" "Mozilla/5.0 (Windows NT 10.0; Win64; x64) AppleWebKit/537.36 (KHTML, like Gecko) Chrome/117.0.0.0 Safari/537.36 OPR/103.0.0.0"
::ffff:192.168.0.102 - - [24/Oct/2023:14:56:38 +0000] "GET /templates/empty.html HTTP/1.1" 304 - "http://192.168.0.102:5656/renderer/" "Mozilla/5.0 (Windows NT 10.0; Win64; x64) AppleWebKit/537.36 (KHTML, like Gecko) Chrome/117.0.0.0 Safari/537.36 OPR/103.0.0.0"
